Component: ARM Compiler 5.06 update 3 (build 300) Tool: armlink [4d35c9]

==============================================================================

Section Cross References

    main.o(i.Idle_Task) refers to main.o(.data) for CountIdle
    main.o(i.Task0_PIRA) refers to os_core.o(i.OS_Wait) for OS_Wait
    main.o(i.Task0_PIRA) refers to os_core.o(i.OS_Sleep) for OS_Sleep
    main.o(i.Task0_PIRA) refers to gpio.o(i.GPIOPinRead) for GPIOPinRead
    main.o(i.Task0_PIRA) refers to uart_handler.o(i.UART0_SendString) for UART0_SendString
    main.o(i.Task0_PIRA) refers to uart_handler.o(i.UART0_SendUDecimal) for UART0_SendUDecimal
    main.o(i.Task0_PIRA) refers to uart_handler.o(i.UART0_SendNewLine) for UART0_SendNewLine
    main.o(i.Task0_PIRA) refers to os_core.o(i.OS_Signal) for OS_Signal
    main.o(i.Task0_PIRA) refers to os_hw.o(i.OS_EdgeTrigger_Restart) for OS_EdgeTrigger_Restart
    main.o(i.Task0_PIRA) refers to main.o(.data) for Count0_PIRA
    main.o(i.Task0_PIRA) refers to os_hw.o(.bss) for SemPortC
    main.o(i.Task1_PIRB) refers to os_core.o(i.OS_Wait) for OS_Wait
    main.o(i.Task1_PIRB) refers to os_core.o(i.OS_Sleep) for OS_Sleep
    main.o(i.Task1_PIRB) refers to gpio.o(i.GPIOPinRead) for GPIOPinRead
    main.o(i.Task1_PIRB) refers to uart_handler.o(i.UART0_SendString) for UART0_SendString
    main.o(i.Task1_PIRB) refers to uart_handler.o(i.UART0_SendUDecimal) for UART0_SendUDecimal
    main.o(i.Task1_PIRB) refers to uart_handler.o(i.UART0_SendNewLine) for UART0_SendNewLine
    main.o(i.Task1_PIRB) refers to os_core.o(i.OS_Signal) for OS_Signal
    main.o(i.Task1_PIRB) refers to os_hw.o(i.OS_EdgeTrigger_Restart) for OS_EdgeTrigger_Restart
    main.o(i.Task1_PIRB) refers to main.o(.data) for Count1_PIRB
    main.o(i.Task1_PIRB) refers to os_hw.o(.bss) for SemPortC
    main.o(i.Task2_Cyclic10ms) refers to os_core.o(i.OS_Wait) for OS_Wait
    main.o(i.Task2_Cyclic10ms) refers to cyclic_activity_handler.o(i.CYCL_10ms) for CYCL_10ms
    main.o(i.Task2_Cyclic10ms) refers to main.o(.data) for Count2_Cyclic10ms
    main.o(i.Task2_Cyclic10ms) refers to os_core.o(.bss) for PerTask
    main.o(i.Task3_Cyclic50ms) refers to os_core.o(i.OS_Wait) for OS_Wait
    main.o(i.Task3_Cyclic50ms) refers to cyclic_activity_handler.o(i.CYCL_50ms) for CYCL_50ms
    main.o(i.Task3_Cyclic50ms) refers to main.o(.data) for Count3_Cyclic50ms
    main.o(i.Task3_Cyclic50ms) refers to os_core.o(.bss) for PerTask
    main.o(i.Task4_Cyclic100ms) refers to os_core.o(i.OS_Wait) for OS_Wait
    main.o(i.Task4_Cyclic100ms) refers to cyclic_activity_handler.o(i.CYCL_100ms) for CYCL_100ms
    main.o(i.Task4_Cyclic100ms) refers to main.o(.data) for Count4_Cyclic100ms
    main.o(i.Task4_Cyclic100ms) refers to os_core.o(.bss) for PerTask
    main.o(i.Task5_Cyclic500ms) refers to os_core.o(i.OS_Wait) for OS_Wait
    main.o(i.Task5_Cyclic500ms) refers to cyclic_activity_handler.o(i.CYCL_500ms) for CYCL_500ms
    main.o(i.Task5_Cyclic500ms) refers to main.o(.data) for Count5_Cyclic500ms
    main.o(i.Task5_Cyclic500ms) refers to os_core.o(.bss) for PerTask
    main.o(i.Task6_Cyclic1000ms) refers to os_core.o(i.OS_Wait) for OS_Wait
    main.o(i.Task6_Cyclic1000ms) refers to cyclic_activity_handler.o(i.CYCL_1000ms) for CYCL_1000ms
    main.o(i.Task6_Cyclic1000ms) refers to main.o(.data) for Count6_Cyclic1000ms
    main.o(i.Task6_Cyclic1000ms) refers to os_core.o(.bss) for PerTask
    main.o(i.Task7_BlankTask) refers to os_core.o(i.OS_Sleep) for OS_Sleep
    main.o(i.Task7_BlankTask) refers to main.o(.data) for Count7_Blank
    main.o(i.Task8_BlankTask) refers to os_core.o(i.OS_Sleep) for OS_Sleep
    main.o(i.Task8_BlankTask) refers to main.o(.data) for Count8_Blank
    main.o(i.main) refers to os_core.o(i.OS_Init) for OS_Init
    main.o(i.main) refers to profile.o(i.Profile_Init) for Profile_Init
    main.o(i.main) refers to os_core.o(i.OS_InitSemaphore) for OS_InitSemaphore
    main.o(i.main) refers to os_hw.o(i.OS_EdgeTrigger_Init) for OS_EdgeTrigger_Init
    main.o(i.main) refers to os_core.o(i.OS_AddPeriodicEventThread) for OS_AddPeriodicEventThread
    main.o(i.main) refers to os_core.o(i.OS_AddThreads) for OS_AddThreads
    main.o(i.main) refers to startup_handler.o(i.InitDrivers) for InitDrivers
    main.o(i.main) refers to startup_handler.o(i.InitApplications) for InitApplications
    main.o(i.main) refers to sysctl.o(i.SysCtlClockGet) for SysCtlClockGet
    main.o(i.main) refers to os_core.o(i.OS_Launch) for OS_Launch
    main.o(i.main) refers to os_hw.o(.bss) for SemPortC
    main.o(i.main) refers to main.o(.data) for SerialMonitor
    main.o(i.main) refers to os_core.o(.bss) for PerTask
    main.o(i.main) refers to main.o(i.Idle_Task) for Idle_Task
    main.o(i.main) refers to main.o(i.Task8_BlankTask) for Task8_BlankTask
    main.o(i.main) refers to main.o(i.Task7_BlankTask) for Task7_BlankTask
[...]
    libshutdown.o(.ARM.Collect$$libshutdown$$00000000) refers (Special) to libshutdown2.o(.ARM.Collect$$libshutdown$$00000010) for __rt_lib_shutdown_return
    libshutdown.o(.ARM.Collect$$libshutdown$$00000000) refers (Special) to libshutdown2.o(.ARM.Collect$$libshutdown$$0000000A) for __rt_lib_shutdown_signal_1
    libshutdown.o(.ARM.Collect$$libshutdown$$00000000) refers (Special) to libshutdown2.o(.ARM.Collect$$libshutdown$$00000004) for __rt_lib_shutdown_stdio_1
    libshutdown.o(.ARM.Collect$$libshutdown$$00000000) refers (Special) to libshutdown2.o(.ARM.Collect$$libshutdown$$0000000C) for __rt_lib_shutdown_user_alloc_1
    sys_command.o(.text) refers (Special) to use_no_semi.o(.text) for __I$use$semihosting
    sys_command.o(.text) refers (Special) to indicate_semi.o(.text) for __semihosting_library_function
    defsig_rtmem_outer.o(.text) refers to defsig_rtmem_inner.o(.text) for __rt_SIGRTMEM_inner
    defsig_rtmem_outer.o(.text) refers to defsig_exit.o(.text) for __sig_exit
    defsig_rtmem_formal.o(.text) refers to rt_raise.o(.text) for __rt_raise
    rt_raise.o(.text) refers to __raise.o(.text) for __raise
    rt_raise.o(.text) refers to sys_exit.o(.text) for _sys_exit
    defsig_exit.o(.text) refers to sys_exit.o(.text) for _sys_exit
    defsig_rtmem_inner.o(.text) refers to defsig_general.o(.text) for __default_signal_display
    __raise.o(.text) refers to defsig.o(CL$$defsig) for __default_signal_handler
    defsig_general.o(.text) refers to sys_wrch.o(.text) for _ttywrch
    sys_wrch.o(.text) refers (Special) to use_no_semi.o(.text) for __I$use$semihosting
    sys_wrch.o(.text) refers (Special) to indicate_semi.o(.text) for __semihosting_library_function
    defsig.o(CL$$defsig) refers to defsig_rtmem_inner.o(.text) for __rt_SIGRTMEM_inner
    defsig_abrt_inner.o(.text) refers to defsig_general.o(.text) for __default_signal_display
    defsig_fpe_inner.o(.text) refers to defsig_general.o(.text) for __default_signal_display
    defsig_rtred_inner.o(.text) refers to defsig_general.o(.text) for __default_signal_display
    defsig_stak_inner.o(.text) refers to defsig_general.o(.text) for __default_signal_display
    defsig_pvfn_inner.o(.text) refers to defsig_general.o(.text) for __default_signal_display
    defsig_cppl_inner.o(.text) refers to defsig_general.o(.text) for __default_signal_display
    defsig_segv_inner.o(.text) refers to defsig_general.o(.text) for __default_signal_display
    defsig_other.o(.text) refers to defsig_general.o(.text) for __default_signal_display


==============================================================================

Removing Unused input sections from the image.

    Removing main.o(.bss), (56 bytes).
    Removing os_core.o(i.OS_FIFO_Get), (60 bytes).
    Removing os_core.o(i.OS_FIFO_Init), (36 bytes).
    Removing os_core.o(i.OS_FIFO_Put), (64 bytes).
    Removing os_hw.o(i.OS_SysTick_Init), (2 bytes).
    Removing uart_handler.o(i.UART0_GetChar), (16 bytes).
    Removing uart_handler.o(i.UART0_GetString), (70 bytes).
    Removing uart_handler.o(i.UART0_GetUDecimal), (76 bytes).
    Removing uart_handler.o(i.UART0_GetUHex), (108 bytes).
    Removing uart_handler.o(i.UART0_SendUHex), (52 bytes).
    Removing gpio_handler.o(i.GPIO_SetPin), (128 bytes).
    Removing profile.o(i.Profile_Get), (76 bytes).
    Removing system_tm4c123.o(.rev16_text), (4 bytes).
    Removing system_tm4c123.o(.revsh_text), (4 bytes).
    Removing system_tm4c123.o(.rrx_text), (6 bytes).
    Removing system_tm4c123.o(i.SystemCoreClockUpdate), (196 bytes).
    Removing system_tm4c123.o(i.SystemInit), (136 bytes).
    Removing system_tm4c123.o(i.getOscClk), (248 bytes).
    Removing system_tm4c123.o(.data), (4 bytes).
    Removing gpio.o(i.GPIOADCTriggerDisable), (14 bytes).
    Removing gpio.o(i.GPIOADCTriggerEnable), (12 bytes).
    Removing gpio.o(i.GPIODMATriggerDisable), (14 bytes).
    Removing gpio.o(i.GPIODMATriggerEnable), (12 bytes).
    Removing gpio.o(i.GPIODirModeGet), (34 bytes).
    Removing gpio.o(i.GPIOIntRegister), (88 bytes).
    Removing gpio.o(i.GPIOIntTypeGet), (68 bytes).
    Removing gpio.o(i.GPIOIntUnregister), (88 bytes).
    Removing gpio.o(i.GPIOPadConfigGet), (204 bytes).
    Removing gpio.o(i.GPIOPinTypeADC), (28 bytes).
    Removing gpio.o(i.GPIOPinTypeCAN), (28 bytes).
    Removing gpio.o(i.GPIOPinTypeCIR), (28 bytes).
    Removing gpio.o(i.GPIOPinTypeComparator), (28 bytes).
    Removing gpio.o(i.GPIOPinTypeComparatorOutput), (28 bytes).
    Removing gpio.o(i.GPIOPinTypeEPI), (28 bytes).
    Removing gpio.o(i.GPIOPinTypeEthernetLED), (28 bytes).
    Removing gpio.o(i.GPIOPinTypeEthernetMII), (28 bytes).
    Removing gpio.o(i.GPIOPinTypeGPIOOutputOD), (28 bytes).
    Removing gpio.o(i.GPIOPinTypeI2C), (28 bytes).
    Removing gpio.o(i.GPIOPinTypeI2CSCL), (28 bytes).
    Removing gpio.o(i.GPIOPinTypeKBColumn), (28 bytes).
    Removing gpio.o(i.GPIOPinTypeKBRow), (28 bytes).
    Removing gpio.o(i.GPIOPinTypeLCD), (28 bytes).
    Removing gpio.o(i.GPIOPinTypeLEDSeq), (28 bytes).
    Removing gpio.o(i.GPIOPinTypeLPC), (28 bytes).
    Removing gpio.o(i.GPIOPinTypePECIRx), (28 bytes).
    Removing gpio.o(i.GPIOPinTypePECITx), (28 bytes).
    Removing gpio.o(i.GPIOPinTypePWM), (28 bytes).
    Removing gpio.o(i.GPIOPinTypeQEI), (28 bytes).
    Removing gpio.o(i.GPIOPinTypeSSI), (28 bytes).
    Removing gpio.o(i.GPIOPinTypeTimer), (28 bytes).
    Removing gpio.o(i.GPIOPinTypeUSBAnalog), (28 bytes).
    Removing gpio.o(i.GPIOPinTypeUSBDigital), (28 bytes).
    Removing gpio.o(i.GPIOPinTypeWakeHigh), (30 bytes).
    Removing gpio.o(i.GPIOPinTypeWakeLow), (30 bytes).
    Removing gpio.o(i.GPIOPinWakeStatus), (6 bytes).
    Removing interrupt.o(i.IntIsEnabled), (96 bytes).
    Removing interrupt.o(i.IntMasterDisable), (14 bytes).
    Removing interrupt.o(i.IntMasterEnable), (14 bytes).
    Removing interrupt.o(i.IntPendClear), (68 bytes).
    Removing interrupt.o(i.IntPendSet), (84 bytes).
    Removing interrupt.o(i.IntPriorityGet), (28 bytes).
    Removing interrupt.o(i.IntPriorityGroupingGet), (36 bytes).
    Removing interrupt.o(i.IntPriorityGroupingSet), (28 bytes).
    Removing interrupt.o(i.IntPriorityMaskGet), (4 bytes).
    Removing interrupt.o(i.IntPriorityMaskSet), (4 bytes).
    Removing interrupt.o(i.IntRegister), (52 bytes).
    Removing interrupt.o(i.IntTrigger), (12 bytes).
    Removing interrupt.o(i.IntUnregister), (20 bytes).
    Removing interrupt.o(i._IntDefaultHandler), (2 bytes).
    Removing interrupt.o(vtable), (620 bytes).
    Removing sysctl.o(i.SysCtlAltClkConfig), (12 bytes).
    Removing sysctl.o(i.SysCtlClockFreqSet), (712 bytes).
    Removing sysctl.o(i.SysCtlClockOutConfig), (20 bytes).
    Removing sysctl.o(i.SysCtlDeepSleep), (32 bytes).
    Removing sysctl.o(i.SysCtlDeepSleepClockConfigSet), (112 bytes).
    Removing sysctl.o(i.SysCtlDeepSleepClockSet), (12 bytes).
    Removing sysctl.o(i.SysCtlDeepSleepPowerSet), (12 bytes).
    Removing sysctl.o(i.SysCtlFlashSectorSizeGet), (56 bytes).
    Removing sysctl.o(i.SysCtlFlashSizeGet), (56 bytes).
    Removing sysctl.o(i.SysCtlGPIOAHBDisable), (28 bytes).
    Removing sysctl.o(i.SysCtlGPIOAHBEnable), (24 bytes).
    Removing sysctl.o(i.SysCtlIntClear), (12 bytes).
    Removing sysctl.o(i.SysCtlIntDisable), (16 bytes).
    Removing sysctl.o(i.SysCtlIntEnable), (16 bytes).
    Removing sysctl.o(i.SysCtlIntRegister), (20 bytes).
    Removing sysctl.o(i.SysCtlIntStatus), (16 bytes).
    Removing sysctl.o(i.SysCtlIntUnregister), (18 bytes).
    Removing sysctl.o(i.SysCtlLDODeepSleepGet), (12 bytes).
    Removing sysctl.o(i.SysCtlLDODeepSleepSet), (12 bytes).
    Removing sysctl.o(i.SysCtlLDOSleepGet), (12 bytes).
    Removing sysctl.o(i.SysCtlLDOSleepSet), (12 bytes).
    Removing sysctl.o(i.SysCtlMOSCConfigSet), (12 bytes).
    Removing sysctl.o(i.SysCtlNMIClear), (16 bytes).
    Removing sysctl.o(i.SysCtlNMIStatus), (12 bytes).
    Removing sysctl.o(i.SysCtlPIOSCCalibrate), (76 bytes).
    Removing sysctl.o(i.SysCtlPWMClockGet), (24 bytes).
    Removing sysctl.o(i.SysCtlPWMClockSet), (20 bytes).
    Removing sysctl.o(i.SysCtlPeripheralClockGating), (68 bytes).
    Removing sysctl.o(i.SysCtlPeripheralDeepSleepDisable), (40 bytes).
    Removing sysctl.o(i.SysCtlPeripheralDeepSleepEnable), (40 bytes).
    Removing sysctl.o(i.SysCtlPeripheralDisable), (40 bytes).
    Removing sysctl.o(i.SysCtlPeripheralPowerOff), (40 bytes).
    Removing sysctl.o(i.SysCtlPeripheralPowerOn), (40 bytes).
    Removing sysctl.o(i.SysCtlPeripheralPresent), (44 bytes).
    Removing sysctl.o(i.SysCtlPeripheralReset), (60 bytes).
    Removing sysctl.o(i.SysCtlPeripheralSleepDisable), (40 bytes).
    Removing sysctl.o(i.SysCtlPeripheralSleepEnable), (40 bytes).
    Removing sysctl.o(i.SysCtlReset), (16 bytes).
    Removing sysctl.o(i.SysCtlResetBehaviorGet), (12 bytes).
    Removing sysctl.o(i.SysCtlResetBehaviorSet), (12 bytes).
    Removing sysctl.o(i.SysCtlResetCauseClear), (16 bytes).
    Removing sysctl.o(i.SysCtlResetCauseGet), (12 bytes).
    Removing sysctl.o(i.SysCtlSRAMSizeGet), (16 bytes).
    Removing sysctl.o(i.SysCtlSleep), (4 bytes).
    Removing sysctl.o(i.SysCtlSleepPowerSet), (12 bytes).
    Removing sysctl.o(i.SysCtlUSBPLLDisable), (16 bytes).
    Removing sysctl.o(i.SysCtlUSBPLLEnable), (16 bytes).
    Removing sysctl.o(i.SysCtlVoltageEventClear), (16 bytes).
    Removing sysctl.o(i.SysCtlVoltageEventConfig), (12 bytes).
    Removing sysctl.o(i.SysCtlVoltageEventStatus), (12 bytes).
    Removing timer.o(i.TimerADCEventGet), (4 bytes).
    Removing timer.o(i.TimerADCEventSet), (4 bytes).
    Removing timer.o(i.TimerClockSourceGet), (6 bytes).
    Removing timer.o(i.TimerControlEvent), (18 bytes).
    Removing timer.o(i.TimerControlLevel), (22 bytes).
    Removing timer.o(i.TimerControlStall), (22 bytes).
    Removing timer.o(i.TimerControlTrigger), (80 bytes).
    Removing timer.o(i.TimerControlWaitOnTrigger), (48 bytes).
    Removing timer.o(i.TimerDMAEventGet), (4 bytes).
    Removing timer.o(i.TimerDMAEventSet), (4 bytes).
    Removing timer.o(i.TimerIntRegister), (104 bytes).
    Removing timer.o(i.TimerIntStatus), (10 bytes).
    Removing timer.o(i.TimerIntUnregister), (104 bytes).
    Removing timer.o(i.TimerLoadGet), (10 bytes).
    Removing timer.o(i.TimerLoadGet64), (14 bytes).
    Removing timer.o(i.TimerLoadSet64), (6 bytes).
    Removing timer.o(i.TimerMatchGet), (10 bytes).
    Removing timer.o(i.TimerMatchGet64), (14 bytes).
    Removing timer.o(i.TimerMatchSet), (18 bytes).
    Removing timer.o(i.TimerMatchSet64), (6 bytes).
    Removing timer.o(i.TimerPrescaleGet), (10 bytes).
    Removing timer.o(i.TimerPrescaleMatchGet), (10 bytes).
    Removing timer.o(i.TimerPrescaleMatchSet), (18 bytes).
    Removing timer.o(i.TimerPrescaleSet), (18 bytes).
    Removing timer.o(i.TimerRTCDisable), (10 bytes).
    Removing timer.o(i.TimerRTCEnable), (10 bytes).
    Removing timer.o(i.TimerSynchronize), (4 bytes).
    Removing timer.o(i.TimerUpdateMode), (42 bytes).
    Removing timer.o(i.TimerValueGet), (10 bytes).
    Removing timer.o(i.TimerValueGet64), (14 bytes).
    Removing timer.o(.constdata), (160 bytes).
    Removing uart.o(i.UART9BitAddrSend), (38 bytes).
    Removing uart.o(i.UART9BitAddrSet), (10 bytes).
    Removing uart.o(i.UART9BitDisable), (14 bytes).
    Removing uart.o(i.UART9BitEnable), (14 bytes).
    Removing uart.o(i.UARTBreakCtl), (18 bytes).
    Removing uart.o(i.UARTBusy), (8 bytes).
    Removing uart.o(i.UARTCharGet), (12 bytes).
    Removing uart.o(i.UARTCharGetNonBlocking), (16 bytes).
    Removing uart.o(i.UARTCharPutNonBlocking), (16 bytes).
    Removing uart.o(i.UARTCharsAvail), (10 bytes).
    Removing uart.o(i.UARTClockSourceGet), (6 bytes).
    Removing uart.o(i.UARTDMADisable), (10 bytes).
    Removing uart.o(i.UARTDMAEnable), (8 bytes).
    Removing uart.o(i.UARTDisableSIR), (10 bytes).
    Removing uart.o(i.UARTEnableSIR), (18 bytes).
    Removing uart.o(i.UARTFIFODisable), (10 bytes).
    Removing uart.o(i.UARTFIFOLevelGet), (16 bytes).
    Removing uart.o(i.UARTFIFOLevelSet), (6 bytes).
    Removing uart.o(i.UARTFlowControlGet), (8 bytes).
    Removing uart.o(i.UARTFlowControlSet), (12 bytes).
    Removing uart.o(i.UARTIntClear), (4 bytes).
    Removing uart.o(i.UARTIntDisable), (10 bytes).
    Removing uart.o(i.UARTIntEnable), (8 bytes).
    Removing uart.o(i.UARTIntRegister), (88 bytes).
    Removing uart.o(i.UARTIntStatus), (10 bytes).
    Removing uart.o(i.UARTIntUnregister), (88 bytes).
    Removing uart.o(i.UARTModemControlClear), (14 bytes).
    Removing uart.o(i.UARTModemControlGet), (8 bytes).
    Removing uart.o(i.UARTModemControlSet), (12 bytes).
    Removing uart.o(i.UARTModemStatusGet), (10 bytes).
    Removing uart.o(i.UARTParityModeGet), (8 bytes).
    Removing uart.o(i.UARTParityModeSet), (12 bytes).
    Removing uart.o(i.UARTRxErrorClear), (6 bytes).
    Removing uart.o(i.UARTRxErrorGet), (8 bytes).
    Removing uart.o(i.UARTSmartCardDisable), (10 bytes).
    Removing uart.o(i.UARTSmartCardEnable), (22 bytes).
    Removing uart.o(i.UARTSpaceAvail), (10 bytes).
    Removing uart.o(i.UARTTxIntModeGet), (8 bytes).
    Removing uart.o(i.UARTTxIntModeSet), (12 bytes).
    Removing uart.o(.constdata), (128 bytes).
    Removing cpu.o(.emb_text), (38 bytes).

192 unused section(s) (total 7290 bytes) removed from the image.

==============================================================================

Image Symbol Table

    Local Symbols

    Symbol Name                              Value     Ov Type        Size  Object(Section)

    RESET                                    0x00000000   Section      620  startup_tm4c123.o(RESET)
    ../clib/angel/boardlib.s                 0x00000000   Number         0  boardinit2.o ABSOLUTE
    ../clib/angel/boardlib.s                 0x00000000   Number         0  boardshut.o ABSOLUTE
    ../clib/angel/boardlib.s                 0x00000000   Number         0  boardinit1.o ABSOLUTE
    ../clib/angel/boardlib.s                 0x00000000   Number         0  boardinit3.o ABSOLUTE
    ../clib/angel/handlers.s                 0x00000000   Number         0  __scatter_copy.o ABSOLUTE
    ../clib/angel/handlers.s                 0x00000000   Number         0  __scatter_zi.o ABSOLUTE
    ../clib/angel/kernel.s                   0x00000000   Number         0  rtexit2.o ABSOLUTE
    ../clib/angel/kernel.s                   0x00000000   Number         0  rtexit.o ABSOLUTE
    ../clib/angel/kernel.s                   0x00000000   Number         0  __rtentry2.o ABSOLUTE
    ../clib/angel/kernel.s                   0x00000000   Number         0  __rtentry.o ABSOLUTE
    ../clib/angel/kernel.s                   0x00000000   Number         0  __rtentry4.o ABSOLUTE
    ../clib/angel/rt.s                       0x00000000   Number         0  rt_raise.o ABSOLUTE
    ../clib/angel/scatter.s                  0x00000000   Number         0  __scatter.o ABSOLUTE
    ../clib/angel/startup.s                  0x00000000   Number         0  __main.o ABSOLUTE
    ../clib/angel/sys.s                      0x00000000   Number         0  libspace.o ABSOLUTE
    ../clib/angel/sys.s                      0x00000000   Number         0  use_no_semi.o ABSOLUTE
    ../clib/angel/sys.s                      0x00000000   Number         0  indicate_semi.o ABSOLUTE
    ../clib/angel/sys.s                      0x00000000   Number         0  sys_stackheap_outer.o ABSOLUTE
    ../clib/angel/sysapp.c                   0x00000000   Number         0  sys_wrch.o ABSOLUTE
    ../clib/angel/sysapp.c                   0x00000000   Number         0  sys_exit.o ABSOLUTE
    ../clib/angel/sysapp.c                   0x00000000   Number         0  sys_command.o ABSOLUTE
    ../clib/armsys.c                         0x00000000   Number         0  argv_veneer.o ABSOLUTE
    ../clib/armsys.c                         0x00000000   Number         0  no_argv.o ABSOLUTE
    ../clib/armsys.c                         0x00000000   Number         0  argv_veneer.o ABSOLUTE
    ../clib/armsys.c                         0x00000000   Number         0  _get_argv_nomalloc.o ABSOLUTE
    ../clib/heapalloc.c                      0x00000000   Number         0  hrguard.o ABSOLUTE
    ../clib/heapaux.c                        0x00000000   Number         0  heapauxi.o ABSOLUTE
    ../clib/libinit.s                        0x00000000   Number         0  libinit.o ABSOLUTE
    ../clib/libinit.s                        0x00000000   Number         0  libshutdown.o ABSOLUTE
    ../clib/libinit.s                        0x00000000   Number         0  libshutdown2.o ABSOLUTE
    ../clib/libinit.s                        0x00000000   Number         0  libinit2.o ABSOLUTE
    ../clib/signal.c                         0x00000000   Number         0  defsig_stak_inner.o ABSOLUTE
    ../clib/signal.c                         0x00000000   Number         0  defsig_rtred_inner.o ABSOLUTE
    ../clib/signal.c                         0x00000000   Number         0  defsig_fpe_inner.o ABSOLUTE
    ../clib/signal.c                         0x00000000   Number         0  defsig_abrt_inner.o ABSOLUTE
    ../clib/signal.c                         0x00000000   Number         0  defsig_general.o ABSOLUTE
    ../clib/signal.c                         0x00000000   Number         0  __raise.o ABSOLUTE
    ../clib/signal.c                         0x00000000   Number         0  defsig_rtmem_outer.o ABSOLUTE
    ../clib/signal.c                         0x00000000   Number         0  defsig_exit.o ABSOLUTE
    ../clib/signal.c                         0x00000000   Number         0  defsig_rtmem_formal.o ABSOLUTE
    ../clib/signal.c                         0x00000000   Number         0  defsig_cppl_inner.o ABSOLUTE
    ../clib/signal.c                         0x00000000   Number         0  defsig_segv_inner.o ABSOLUTE
    ../clib/signal.c                         0x00000000   Number         0  defsig_other.o ABSOLUTE
    ../clib/signal.c                         0x00000000   Number         0  defsig_rtmem_inner.o ABSOLUTE
    ../clib/signal.c                         0x00000000   Number         0  defsig_pvfn_inner.o ABSOLUTE
    ../clib/signal.s                         0x00000000   Number         0  defsig.o ABSOLUTE
    ../clib/stdlib.c                         0x00000000   Number         0  exit.o ABSOLUTE
    ../fplib/fpinit.s                        0x00000000   Number         0  fpinit.o ABSOLUTE
    3rd_party\Profile.c                      0x00000000   Number         0  profile.o ABSOLUTE
    OS\os_core.c                             0x00000000   Number         0  os_core.o ABSOLUTE
    OS\os_hw.c                               0x00000000   Number         0  os_hw.o ABSOLUTE
    OS\osasm.s                               0x00000000   Number         0  osasm.o ABSOLUTE
    RTE\Device\TM4C123GH6PM\startup_TM4C123.s 0x00000000   Number         0  startup_tm4c123.o ABSOLUTE
    RTE\Device\TM4C123GH6PM\system_TM4C123.c 0x00000000   Number         0  system_tm4c123.o ABSOLUTE
    RTE\\Device\\TM4C123GH6PM\\system_TM4C123.c 0x00000000   Number         0  system_tm4c123.o ABSOLUTE
    cpu.c                                    0x00000000   Number         0  cpu.o ABSOLUTE
    cpu.c                                    0x00000000   Number         0  cpu.o ABSOLUTE
    dc.s                                     0x00000000   Number         0  dc.o ABSOLUTE
    drivers\cyclic_activity_handler\cyclic_activity_handler.c 0x00000000   Number         0  cyclic_activity_handler.o ABSOLUTE
    drivers\gpio_handler\gpio_handler.c      0x00000000   Number         0  gpio_handler.o ABSOLUTE
    drivers\startup_handler\startup_handler.c 0x00000000   Number         0  startup_handler.o ABSOLUTE
    drivers\uart_handler\uart_handler.c      0x00000000   Number         0  uart_handler.o ABSOLUTE
    gpio.c                                   0x00000000   Number         0  gpio.o ABSOLUTE
    interrupt.c                              0x00000000   Number         0  interrupt.o ABSOLUTE
    main.c                                   0x00000000   Number         0  main.o ABSOLUTE
    modules\GSM\GSM.c                        0x00000000   Number         0  gsm.o ABSOLUTE
    sysctl.c                                 0x00000000   Number         0  sysctl.o ABSOLUTE
    sysctl.c                                 0x00000000   Number         0  sysctl.o ABSOLUTE
    timer.c                                  0x00000000   Number         0  timer.o ABSOLUTE
    uart.c                                   0x00000000   Number         0  uart.o ABSOLUTE
    !!!main                                  0x0000026c   Section        8  __main.o(!!!main)
    !!!scatter                               0x00000274   Section       52  __scatter.o(!!!scatter)
    !!handler_copy                           0x000002a8   Section       26  __scatter_copy.o(!!handler_copy)
    !!handler_zi                             0x000002c4   Section       28  __scatter_zi.o(!!handler_zi)
    .ARM.Collect$$libinit$$00000000          0x000002e0   Section        2  libinit.o(.ARM.Collect$$libinit$$00000000)
    .ARM.Collect$$libinit$$00000001          0x000002e2   Section        4  libinit2.o(.ARM.Collect$$libinit$$00000001)
    .ARM.Collect$$libinit$$00000004          0x000002e6   Section        0  libinit2.o(.ARM.Collect$$libinit$$00000004)
    .ARM.Collect$$libinit$$0000000A          0x000002e6   Section        0  libinit2.o(.ARM.Collect$$libinit$$0000000A)
    .ARM.Collect$$libinit$$0000000C          0x000002e6   Section        0  libinit2.o(.ARM.Collect$$libinit$$0000000C)
    .ARM.Collect$$libinit$$0000000E          0x000002e6   Section        0  libinit2.o(.ARM.Collect$$libinit$$0000000E)
    .ARM.Collect$$libinit$$00000011          0x000002e6   Section        0  libinit2.o(.ARM.Collect$$libinit$$00000011)
    .ARM.Collect$$libinit$$00000013          0x000002e6   Section        0  libinit2.o(.ARM.Collect$$libinit$$00000013)
    .ARM.Collect$$libinit$$00000015          0x000002e6   Section        0  libinit2.o(.ARM.Collect$$libinit$$00000015)
    .ARM.Collect$$libinit$$00000017          0x000002e6   Section        0  libinit2.o(.ARM.Collect$$libinit$$00000017)
    .ARM.Collect$$libinit$$00000019          0x000002e6   Section        0  libinit2.o(.ARM.Collect$$libinit$$00000019)
    .ARM.Collect$$libinit$$0000001B          0x000002e6   Section        0  libinit2.o(.ARM.Collect$$libinit$$0000001B)
    .ARM.Collect$$libinit$$0000001D          0x000002e6   Section        0  libinit2.o(.ARM.Collect$$libinit$$0000001D)
    .ARM.Collect$$libinit$$0000001F          0x000002e6   Section        0  libinit2.o(.ARM.Collect$$libinit$$0000001F)
    .ARM.Collect$$libinit$$00000021          0x000002e6   Section        0  libinit2.o(.ARM.Collect$$libinit$$00000021)
    .ARM.Collect$$libinit$$00000023          0x000002e6   Section        0  libinit2.o(.ARM.Collect$$libinit$$00000023)
    .ARM.Collect$$libinit$$00000025          0x000002e6   Section        0  libinit2.o(.ARM.Collect$$libinit$$00000025)
    .ARM.Collect$$libinit$$0000002C          0x000002e6   Section        0  libinit2.o(.ARM.Collect$$libinit$$0000002C)
    .ARM.Collect$$libinit$$0000002E          0x000002e6   Section        0  libinit2.o(.ARM.Collect$$libinit$$0000002E)
    .ARM.Collect$$libinit$$00000030          0x000002e6   Section        0  libinit2.o(.ARM.Collect$$libinit$$00000030)
    .ARM.Collect$$libinit$$00000032          0x000002e6   Section        0  libinit2.o(.ARM.Collect$$libinit$$00000032)
    .ARM.Collect$$libinit$$00000033          0x000002e6   Section        2  libinit2.o(.ARM.Collect$$libinit$$00000033)
    .ARM.Collect$$libshutdown$$00000000      0x000002e8   Section        2  libshutdown.o(.ARM.Collect$$libshutdown$$00000000)
    .ARM.Collect$$libshutdown$$00000002      0x000002ea   Section        0  libshutdown2.o(.ARM.Collect$$libshutdown$$00000002)
    .ARM.Collect$$libshutdown$$00000004      0x000002ea   Section        0  libshutdown2.o(.ARM.Collect$$libshutdown$$00000004)
    .ARM.Collect$$libshutdown$$00000007      0x000002ea   Section        0  libshutdown2.o(.ARM.Collect$$libshutdown$$00000007)
    .ARM.Collect$$libshutdown$$0000000A      0x000002ea   Section        0  libshutdown2.o(.ARM.Collect$$libshutdown$$0000000A)
    .ARM.Collect$$libshutdown$$0000000C      0x000002ea   Section        0  libshutdown2.o(.ARM.Collect$$libshutdown$$0000000C)
    .ARM.Collect$$libshutdown$$0000000F      0x000002ea   Section        0  libshutdown2.o(.ARM.Collect$$libshutdown$$0000000F)
    .ARM.Collect$$libshutdown$$00000010      0x000002ea   Section        2  libshutdown2.o(.ARM.Collect$$libshutdown$$00000010)
    .ARM.Collect$$rtentry$$00000000          0x000002ec   Section        0  __rtentry.o(.ARM.Collect$$rtentry$$00000000)
    .ARM.Collect$$rtentry$$00000002          0x000002ec   Section        0  __rtentry2.o(.ARM.Collect$$rtentry$$00000002)
    .ARM.Collect$$rtentry$$00000004          0x000002ec   Section        6  __rtentry4.o(.ARM.Collect$$rtentry$$00000004)
    .ARM.Collect$$rtentry$$00000009          0x000002f2   Section        0  __rtentry2.o(.ARM.Collect$$rtentry$$00000009)
    .ARM.Collect$$rtentry$$0000000A          0x000002f2   Section        4  __rtentry2.o(.ARM.Collect$$rtentry$$0000000A)
    .ARM.Collect$$rtentry$$0000000C          0x000002f6   Section        0  __rtentry2.o(.ARM.Collect$$rtentry$$0000000C)
    .ARM.Collect$$rtentry$$0000000D          0x000002f6   Section        8  __rtentry2.o(.ARM.Collect$$rtentry$$0000000D)
    .ARM.Collect$$rtexit$$00000000           0x000002fe   Section        2  rtexit.o(.ARM.Collect$$rtexit$$00000000)
    .ARM.Collect$$rtexit$$00000002           0x00000300   Section        0  rtexit2.o(.ARM.Collect$$rtexit$$00000002)
    .ARM.Collect$$rtexit$$00000003           0x00000300   Section        4  rtexit2.o(.ARM.Collect$$rtexit$$00000003)
    .ARM.Collect$$rtexit$$00000004           0x00000304   Section        6  rtexit2.o(.ARM.Collect$$rtexit$$00000004)
    .emb_text                                0x0000030c   Section        6  sysctl.o(.emb_text)
    $v0                                      0x0000030c   Number         0  sysctl.o(.emb_text)
    .text                                    0x00000314   Section       72  osasm.o(.text)
    .text                                    0x0000035c   Section       88  startup_tm4c123.o(.text)
    .text                                    0x000003b4   Section        0  heapauxi.o(.text)
    .text                                    0x000003ba   Section       74  sys_stackheap_outer.o(.text)
    .text                                    0x00000404   Section        0  exit.o(.text)
    .text                                    0x00000418   Section        8  libspace.o(.text)
    .text                                    0x00000420   Section        0  sys_exit.o(.text)
    .text                                    0x0000042c   Section        2  use_no_semi.o(.text)
    .text                                    0x0000042e   Section        0  indicate_semi.o(.text)
    i.CYCL_1000ms                            0x0000042e   Section        0  cyclic_activity_handler.o(i.CYCL_1000ms)
    i.CYCL_100ms                             0x00000430   Section        0  cyclic_activity_handler.o(i.CYCL_100ms)
    i.CYCL_10ms                              0x00000432   Section        0  cyclic_activity_handler.o(i.CYCL_10ms)
    i.CYCL_500ms                             0x00000434   Section        0  cyclic_activity_handler.o(i.CYCL_500ms)
    i.CYCL_50ms                              0x00000436   Section        0  cyclic_activity_handler.o(i.CYCL_50ms)
    i.GPIODirModeSet                         0x00000438   Section        0  gpio.o(i.GPIODirModeSet)
    i.GPIOIntClear                           0x00000460   Section        0  gpio.o(i.GPIOIntClear)
    i.GPIOIntDisable                         0x00000466   Section        0  gpio.o(i.GPIOIntDisable)
    i.GPIOIntEnable                          0x00000474   Section        0  gpio.o(i.GPIOIntEnable)
    i.GPIOIntStatus                          0x00000480   Section        0  gpio.o(i.GPIOIntStatus)
    i.GPIOIntTypeSet                         0x0000048e   Section        0  gpio.o(i.GPIOIntTypeSet)
    i.GPIOPadConfigSet                       0x000004de   Section        0  gpio.o(i.GPIOPadConfigSet)
    i.GPIOPinConfigure                       0x00000618   Section        0  gpio.o(i.GPIOPinConfigure)
    i.GPIOPinRead                            0x0000065c   Section        0  gpio.o(i.GPIOPinRead)
    i.GPIOPinTypeGPIOInput                   0x00000662   Section        0  gpio.o(i.GPIOPinTypeGPIOInput)
    i.GPIOPinTypeGPIOOutput                  0x0000067e   Section        0  gpio.o(i.GPIOPinTypeGPIOOutput)
    i.GPIOPinTypeUART                        0x0000069a   Section        0  gpio.o(i.GPIOPinTypeUART)
    i.GPIOPinWrite                           0x000006b6   Section        0  gpio.o(i.GPIOPinWrite)
    i.GPIOPortC_Handler                      0x000006bc   Section        0  os_hw.o(i.GPIOPortC_Handler)
    i.GPIOPortD_Handler                      0x000007c4   Section        0  os_hw.o(i.GPIOPortD_Handler)
    i.GPIOPortF_Handler                      0x000008cc   Section        0  os_hw.o(i.GPIOPortF_Handler)
    i.GPIO_InitPortOutput                    0x0000097c   Section        0  gpio_handler.o(i.GPIO_InitPortOutput)
    i.Idle_Task                              0x00000b60   Section        0  main.o(i.Idle_Task)
    i.InitApplications                       0x00000b78   Section        0  startup_handler.o(i.InitApplications)
    i.InitDrivers                            0x00000b7a   Section        0  startup_handler.o(i.InitDrivers)
    i.IntDisable                             0x00000b8c   Section        0  interrupt.o(i.IntDisable)
    i.IntEnable                              0x00000bf0   Section        0  interrupt.o(i.IntEnable)
    i.IntPrioritySet                         0x00000c54   Section        0  interrupt.o(i.IntPrioritySet)
    i.OS_AddPeriodicEventThread              0x00000c7c   Section        0  os_core.o(i.OS_AddPeriodicEventThread)
    i.OS_AddThreads                          0x00000cd0   Section        0  os_core.o(i.OS_AddThreads)
    i.OS_Clock_Init                          0x00000e40   Section        0  os_hw.o(i.OS_Clock_Init)
    i.OS_EdgeTrigger_Init                    0x00000f18   Section        0  os_hw.o(i.OS_EdgeTrigger_Init)
    i.OS_EdgeTrigger_Restart                 0x00001104   Section        0  os_hw.o(i.OS_EdgeTrigger_Restart)
    i.OS_Init                                0x00001164   Section        0  os_core.o(i.OS_Init)
    i.OS_InitSemaphore                       0x000011a4   Section        0  os_core.o(i.OS_InitSemaphore)
    i.OS_Launch                              0x000011a8   Section        0  os_core.o(i.OS_Launch)
    i.OS_Signal                              0x000011dc   Section        0  os_core.o(i.OS_Signal)
    i.OS_Sleep                               0x00001210   Section        0  os_core.o(i.OS_Sleep)
    i.OS_Suspend                             0x00001224   Section        0  os_core.o(i.OS_Suspend)
    i.OS_Timer_Init                          0x0000123c   Section        0  os_hw.o(i.OS_Timer_Init)
    i.OS_Wait                                0x00001704   Section        0  os_core.o(i.OS_Wait)
    i.Profile_Init                           0x00001730   Section        0  profile.o(i.Profile_Init)
    i.Scheduler                              0x00001904   Section        0  os_core.o(i.Scheduler)
    i.SetInitialStack                        0x00001934   Section        0  os_core.o(i.SetInitialStack)
    i.SysCtlClockGet                         0x00001a84   Section        0  sysctl.o(i.SysCtlClockGet)
    i.SysCtlClockSet                         0x00001bd8   Section        0  sysctl.o(i.SysCtlClockSet)
    i.SysCtlPeripheralEnable                 0x00001cf8   Section        0  sysctl.o(i.SysCtlPeripheralEnable)
    i.SysCtlPeripheralReady                  0x00001d20   Section        0  sysctl.o(i.SysCtlPeripheralReady)
    i.Task0_PIRA                             0x00001d4c   Section        0  main.o(i.Task0_PIRA)
    i.Task1_PIRB                             0x00001dec   Section        0  main.o(i.Task1_PIRB)
    i.Task2_Cyclic10ms                       0x00001e8c   Section        0  main.o(i.Task2_Cyclic10ms)
    i.Task3_Cyclic50ms                       0x00001ec4   Section        0  main.o(i.Task3_Cyclic50ms)
    i.Task4_Cyclic100ms                      0x00001efc   Section        0  main.o(i.Task4_Cyclic100ms)
    i.Task5_Cyclic500ms                      0x00001f34   Section        0  main.o(i.Task5_Cyclic500ms)
    i.Task6_Cyclic1000ms                     0x00001f70   Section        0  main.o(i.Task6_Cyclic1000ms)
    i.Task7_BlankTask                        0x00001fac   Section        0  main.o(i.Task7_BlankTask)
    i.Task8_BlankTask                        0x00001fdc   Section        0  main.o(i.Task8_BlankTask)
    i.Timer0A_Handler                        0x0000200c   Section        0  os_hw.o(i.Timer0A_Handler)
    i.Timer1A_Handler                        0x0000200e   Section        0  os_hw.o(i.Timer1A_Handler)
    i.TimerClockSourceSet                    0x00002010   Section        0  timer.o(i.TimerClockSourceSet)
    i.TimerConfigure                         0x00002018   Section        0  timer.o(i.TimerConfigure)
    i.TimerDisable                           0x00002078   Section        0  timer.o(i.TimerDisable)
    i.TimerEnable                            0x00002088   Section        0  timer.o(i.TimerEnable)
    i.TimerIntClear                          0x00002096   Section        0  timer.o(i.TimerIntClear)
    i.TimerIntDisable                        0x0000209a   Section        0  timer.o(i.TimerIntDisable)
    i.TimerIntEnable                         0x000020a4   Section        0  timer.o(i.TimerIntEnable)
    i.TimerLoadSet                           0x000020ac   Section        0  timer.o(i.TimerLoadSet)
    i.UART0_Init                             0x000020c0   Section        0  uart_handler.o(i.UART0_Init)
    i.UART0_SendChar                         0x0000213c   Section        0  uart_handler.o(i.UART0_SendChar)
    i.UART0_SendNewLine                      0x00002150   Section        0  uart_handler.o(i.UART0_SendNewLine)
    i.UART0_SendString                       0x00002160   Section        0  uart_handler.o(i.UART0_SendString)
    i.UART0_SendUDecimal                     0x00002176   Section        0  uart_handler.o(i.UART0_SendUDecimal)
    i.UARTCharPut                            0x000021a0   Section        0  uart.o(i.UARTCharPut)
    i.UARTClockSourceSet                     0x000021ac   Section        0  uart.o(i.UARTClockSourceSet)
    i.UARTConfigGetExpClk                    0x000021b2   Section        0  uart.o(i.UARTConfigGetExpClk)
    i.UARTConfigSetExpClk                    0x000021e0   Section        0  uart.o(i.UARTConfigSetExpClk)
    i.UARTDisable                            0x0000224e   Section        0  uart.o(i.UARTDisable)
    i.UARTEnable                             0x0000226c   Section        0  uart.o(i.UARTEnable)
    i.UARTFIFOEnable                         0x00002280   Section        0  uart.o(i.UARTFIFOEnable)
    i.WideTimer0A_Handler                    0x0000228c   Section        0  os_hw.o(i.WideTimer0A_Handler)
    i.WideTimer1A_Handler                    0x000022a8   Section        0  os_hw.o(i.WideTimer1A_Handler)
    i.main                                   0x000022c4   Section        0  main.o(i.main)
    i.runperiodicevents                      0x000023d0   Section        0  os_core.o(i.runperiodicevents)
    runperiodicevents                        0x000023d1   Thumb Code   110  os_core.o(i.runperiodicevents)
    i.runsleep                               0x00002448   Section        0  os_core.o(i.runsleep)
    runsleep                                 0x00002449   Thumb Code    52  os_core.o(i.runsleep)
    x$fpl$fpinit                             0x00002480   Section       10  fpinit.o(x$fpl$fpinit)
    $v0                                      0x00002480   Number         0  fpinit.o(x$fpl$fpinit)
    .constdata                               0x0000248c   Section      528  gpio.o(.constdata)
    g_ppui32GPIOIntMapBlizzard               0x0000248c   Data         192  gpio.o(.constdata)
    g_ppui32GPIOIntMapSnowflake              0x0000254c   Data         192  gpio.o(.constdata)
    g_pui32GPIOBaseAddrs                     0x0000260c   Data         144  gpio.o(.constdata)
    .constdata                               0x0000269c   Section      268  interrupt.o(.constdata)
    g_pui32Priority                          0x0000269c   Data          32  interrupt.o(.constdata)
    g_pui32Regs                              0x000026bc   Data         156  interrupt.o(.constdata)
    g_pui32EnRegs                            0x00002758   Data          20  interrupt.o(.constdata)
    g_pui32Dii16Regs                         0x0000276c   Data          20  interrupt.o(.constdata)
    g_pui32PendRegs                          0x00002780   Data          20  interrupt.o(.constdata)
    g_pui32UnpendRegs                        0x00002794   Data          20  interrupt.o(.constdata)
    .constdata                               0x000027a8   Section      452  sysctl.o(.constdata)
    g_pui32VCOFrequencies                    0x000027a8   Data           8  sysctl.o(.constdata)
    g_pui32Xtals                             0x000027b0   Data         108  sysctl.o(.constdata)
    g_pppui32XTALtoVCO                       0x0000281c   Data         288  sysctl.o(.constdata)
    g_sXTALtoMEMTIM                          0x0000293c   Data          48  sysctl.o(.constdata)
    .data                                    0x20000000   Section       52  main.o(.data)
    .data                                    0x20000034   Section       16  os_core.o(.data)
    .data                                    0x20000044   Section        4  uart_handler.o(.data)
    .bss                                     0x20000048   Section     4320  os_core.o(.bss)
    .bss                                     0x20001128   Section      192  os_hw.o(.bss)
    .bss                                     0x200011e8   Section       96  libspace.o(.bss)
    HEAP                                     0x20001248   Section        0  startup_tm4c123.o(HEAP)
    STACK                                    0x20001248   Section      512  startup_tm4c123.o(STACK)
    Heap_Mem                                 0x20001248   Data           0  startup_tm4c123.o(HEAP)
    Stack_Mem                                0x20001248   Data         512  startup_tm4c123.o(STACK)
    __initial_sp                             0x20001448   Data           0  startup_tm4c123.o(STACK)

    Global Symbols

    Symbol Name                              Value     Ov Type        Size  Object(Section)

    BuildAttributes$$THM_ISAv4$E$P$D$K$B$S$7EM$VFPi3$EXTD16$VFPS$VFMA$PE$A:L22UL41UL21$X:L11$S22US41US21$IEEE1$IW$USESV6$~STKCKD$USESV7$~SHL$OTIME$ROPI$EBA8$UX$STANDARDLIB$REQ8$PRES8$EABIv2 0x00000000   Number         0  anon$$obj.o ABSOLUTE
    __ARM_use_no_argv                        0x00000000   Number         0  main.o ABSOLUTE
    __Vectors                                0x00000000   Data           4  startup_tm4c123.o(RESET)
    __ARM_exceptions_init                     - Undefined Weak Reference
    __alloca_initialize                       - Undefined Weak Reference
    __arm_preinit_                            - Undefined Weak Reference
    __cpp_initialize__aeabi_                  - Undefined Weak Reference
    __cxa_finalize                            - Undefined Weak Reference
    __rt_locale                               - Undefined Weak Reference
    __sigvec_lookup                           - Undefined Weak Reference
    _atexit_init                              - Undefined Weak Reference
    _call_atexit_fns                          - Undefined Weak Reference
    _clock_init                               - Undefined Weak Reference
    _fp_trap_init                             - Undefined Weak Reference
    _fp_trap_shutdown                         - Undefined Weak Reference
    _get_lc_collate                           - Undefined Weak Reference
    _get_lc_ctype                             - Undefined Weak Reference
    _get_lc_monetary                          - Undefined Weak Reference
    _get_lc_numeric                           - Undefined Weak Reference
    _get_lc_time                              - Undefined Weak Reference
    _getenv_init                              - Undefined Weak Reference
    _handle_redirection                       - Undefined Weak Reference
    _init_alloc                               - Undefined Weak Reference
    _init_user_alloc                          - Undefined Weak Reference
    _initio                                   - Undefined Weak Reference
    _rand_init                                - Undefined Weak Reference
    _signal_finish                            - Undefined Weak Reference
    _signal_init                              - Undefined Weak Reference
    _terminate_alloc                          - Undefined Weak Reference
    _terminate_user_alloc                     - Undefined Weak Reference
    _terminateio                              - Undefined Weak Reference
    __Vectors_End                            0x0000026c   Data           0  startup_tm4c123.o(RESET)
    __Vectors_Size                           0x0000026c   Number         0  startup_tm4c123.o ABSOLUTE
    __main                                   0x0000026d   Thumb Code     8  __main.o(!!!main)
    __scatterload                            0x00000275   Thumb Code     0  __scatter.o(!!!scatter)
    __scatterload_rt2                        0x00000275   Thumb Code    44  __scatter.o(!!!scatter)
    __scatterload_rt2_thumb_only             0x00000275   Thumb Code     0  __scatter.o(!!!scatter)
    __scatterload_null                       0x00000283   Thumb Code     0  __scatter.o(!!!scatter)
    __scatterload_copy                       0x000002a9   Thumb Code    26  __scatter_copy.o(!!handler_copy)
    __scatterload_zeroinit                   0x000002c5   Thumb Code    28  __scatter_zi.o(!!handler_zi)
    __rt_lib_init                            0x000002e1   Thumb Code     0  libinit.o(.ARM.Collect$$libinit$$00000000)
    __rt_lib_init_fp_1                       0x000002e3   Thumb Code     0  libinit2.o(.ARM.Collect$$libinit$$00000001)
    __rt_lib_init_alloca_1                   0x000002e7   Thumb Code     0  libinit2.o(.ARM.Collect$$libinit$$0000002E)
    __rt_lib_init_argv_1                     0x000002e7   Thumb Code     0  libinit2.o(.ARM.Collect$$libinit$$0000002C)
    __rt_lib_init_atexit_1                   0x000002e7   Thumb Code     0  libinit2.o(.ARM.Collect$$libinit$$0000001B)
    __rt_lib_init_clock_1                    0x000002e7   Thumb Code     0  libinit2.o(.ARM.Collect$$libinit$$00000021)
    __rt_lib_init_cpp_1                      0x000002e7   Thumb Code     0  libinit2.o(.ARM.Collect$$libinit$$00000032)
    __rt_lib_init_exceptions_1               0x000002e7   Thumb Code     0  libinit2.o(.ARM.Collect$$libinit$$00000030)
    __rt_lib_init_fp_trap_1                  0x000002e7   Thumb Code     0  libinit2.o(.ARM.Collect$$libinit$$0000001F)
    __rt_lib_init_getenv_1                   0x000002e7   Thumb Code     0  libinit2.o(.ARM.Collect$$libinit$$00000023)
    __rt_lib_init_heap_1                     0x000002e7   Thumb Code     0  libinit2.o(.ARM.Collect$$libinit$$0000000A)
    __rt_lib_init_lc_collate_1               0x000002e7   Thumb Code     0  libinit2.o(.ARM.Collect$$libinit$$00000011)
    __rt_lib_init_lc_ctype_1                 0x000002e7   Thumb Code     0  libinit2.o(.ARM.Collect$$libinit$$00000013)
    __rt_lib_init_lc_monetary_1              0x000002e7   Thumb Code     0  libinit2.o(.ARM.Collect$$libinit$$00000015)
    __rt_lib_init_lc_numeric_1               0x000002e7   Thumb Code     0  libinit2.o(.ARM.Collect$$libinit$$00000017)
    __rt_lib_init_lc_time_1                  0x000002e7   Thumb Code     0  libinit2.o(.ARM.Collect$$libinit$$00000019)
    __rt_lib_init_preinit_1                  0x000002e7   Thumb Code     0  libinit2.o(.ARM.Collect$$libinit$$00000004)
    __rt_lib_init_rand_1                     0x000002e7   Thumb Code     0  libinit2.o(.ARM.Collect$$libinit$$0000000E)
    __rt_lib_init_return                     0x000002e7   Thumb Code     0  libinit2.o(.ARM.Collect$$libinit$$00000033)
    __rt_lib_init_signal_1                   0x000002e7   Thumb Code     0  libinit2.o(.ARM.Collect$$libinit$$0000001D)
    __rt_lib_init_stdio_1                    0x000002e7   Thumb Code     0  libinit2.o(.ARM.Collect$$libinit$$00000025)
    __rt_lib_init_user_alloc_1               0x000002e7   Thumb Code     0  libinit2.o(.ARM.Collect$$libinit$$0000000C)
    __rt_lib_shutdown                        0x000002e9   Thumb Code     0  libshutdown.o(.ARM.Collect$$libshutdown$$00000000)
    __rt_lib_shutdown_cpp_1                  0x000002eb   Thumb Code     0  libshutdown2.o(.ARM.Collect$$libshutdown$$00000002)
    __rt_lib_shutdown_fp_trap_1              0x000002eb   Thumb Code     0  libshutdown2.o(.ARM.Collect$$libshutdown$$00000007)
    __rt_lib_shutdown_heap_1                 0x000002eb   Thumb Code     0  libshutdown2.o(.ARM.Collect$$libshutdown$$0000000F)
    __rt_lib_shutdown_return                 0x000002eb   Thumb Code     0  libshutdown2.o(.ARM.Collect$$libshutdown$$00000010)
    __rt_lib_shutdown_signal_1               0x000002eb   Thumb Code     0  libshutdown2.o(.ARM.Collect$$libshutdown$$0000000A)
    __rt_lib_shutdown_stdio_1                0x000002eb   Thumb Code     0  libshutdown2.o(.ARM.Collect$$libshutdown$$00000004)
    __rt_lib_shutdown_user_alloc_1           0x000002eb   Thumb Code     0  libshutdown2.o(.ARM.Collect$$libshutdown$$0000000C)
    __rt_entry                               0x000002ed   Thumb Code     0  __rtentry.o(.ARM.Collect$$rtentry$$00000000)
    __rt_entry_presh_1                       0x000002ed   Thumb Code     0  __rtentry2.o(.ARM.Collect$$rtentry$$00000002)
    __rt_entry_sh                            0x000002ed   Thumb Code     0  __rtentry4.o(.ARM.Collect$$rtentry$$00000004)
    __rt_entry_li                            0x000002f3   Thumb Code     0  __rtentry2.o(.ARM.Collect$$rtentry$$0000000A)
    __rt_entry_postsh_1                      0x000002f3   Thumb Code     0  __rtentry2.o(.ARM.Collect$$rtentry$$00000009)
    __rt_entry_main                          0x000002f7   Thumb Code     0  __rtentry2.o(.ARM.Collect$$rtentry$$0000000D)
    __rt_entry_postli_1                      0x000002f7   Thumb Code     0  __rtentry2.o(.ARM.Collect$$rtentry$$0000000C)
    __rt_exit                                0x000002ff   Thumb Code     0  rtexit.o(.ARM.Collect$$rtexit$$00000000)
    __rt_exit_ls                             0x00000301   Thumb Code     0  rtexit2.o(.ARM.Collect$$rtexit$$00000003)
    __rt_exit_prels_1                        0x00000301   Thumb Code     0  rtexit2.o(.ARM.Collect$$rtexit$$00000002)
    __rt_exit_exit                           0x00000305   Thumb Code     0  rtexit2.o(.ARM.Collect$$rtexit$$00000004)
    SysCtlDelay                              0x0000030d   Thumb Code     6  sysctl.o(.emb_text)
    SysTick_Handler                          0x00000315   Thumb Code     0  osasm.o(.text)
    StartOS                                  0x0000033b   Thumb Code     0  osasm.o(.text)
    Reset_Handler                            0x0000035d   Thumb Code     0  startup_tm4c123.o(.text)
    NMI_Handler                              0x00000371   Thumb Code     2  startup_tm4c123.o(.text)
    HardFault_Handler                        0x00000373   Thumb Code     2  startup_tm4c123.o(.text)
    MemManage_Handler                        0x00000375   Thumb Code     2  startup_tm4c123.o(.text)
    BusFault_Handler                         0x00000377   Thumb Code     2  startup_tm4c123.o(.text)
    UsageFault_Handler                       0x00000379   Thumb Code     2  startup_tm4c123.o(.text)
    SVC_Handler                              0x0000037b   Thumb Code     2  startup_tm4c123.o(.text)
    DebugMon_Handler                         0x0000037d   Thumb Code     2  startup_tm4c123.o(.text)
    PendSV_Handler                           0x0000037f   Thumb Code     2  startup_tm4c123.o(.text)
    ADC0Seq0_Handler                         0x00000383   Thumb Code     0  startup_tm4c123.o(.text)
    ADC0Seq1_Handler                         0x00000383   Thumb Code     0  startup_tm4c123.o(.text)
    ADC0Seq2_Handler                         0x00000383   Thumb Code     0  startup_tm4c123.o(.text)
    ADC0Seq3_Handler                         0x00000383   Thumb Code     0  startup_tm4c123.o(.text)
    ADC1Seq0_Handler                         0x00000383   Thumb Code     0  startup_tm4c123.o(.text)
    ADC1Seq1_Handler                         0x00000383   Thumb Code     0  startup_tm4c123.o(.text)
    ADC1Seq2_Handler                         0x00000383   Thumb Code     0  startup_tm4c123.o(.text)
    ADC1Seq3_Handler                         0x00000383   Thumb Code     0  startup_tm4c123.o(.text)
    CAN0_Handler                             0x00000383   Thumb Code     0  startup_tm4c123.o(.text)
    CAN1_Handler                             0x00000383   Thumb Code     0  startup_tm4c123.o(.text)
    CAN2_Handler                             0x00000383   Thumb Code     0  startup_tm4c123.o(.text)
    Comp0_Handler                            0x00000383   Thumb Code     0  startup_tm4c123.o(.text)
    Comp1_Handler                            0x00000383   Thumb Code     0  startup_tm4c123.o(.text)
    Comp2_Handler                            0x00000383   Thumb Code     0  startup_tm4c123.o(.text)
    Ethernet_Handler                         0x00000383   Thumb Code     0  startup_tm4c123.o(.text)
    ExtBus_Handler                           0x00000383   Thumb Code     0  startup_tm4c123.o(.text)
    FPU_Handler                              0x00000383   Thumb Code     0  startup_tm4c123.o(.text)
    Fan0_Handler                             0x00000383   Thumb Code     0  startup_tm4c123.o(.text)
    FlashCtl_Handler                         0x00000383   Thumb Code     0  startup_tm4c123.o(.text)
    GPIOPortA_Handler                        0x00000383   Thumb Code     0  startup_tm4c123.o(.text)
    GPIOPortB_Handler                        0x00000383   Thumb Code     0  startup_tm4c123.o(.text)
    GPIOPortE_Handler                        0x00000383   Thumb Code     0  startup_tm4c123.o(.text)
    GPIOPortG_Handler                        0x00000383   Thumb Code     0  startup_tm4c123.o(.text)
    GPIOPortH_Handler                        0x00000383   Thumb Code     0  startup_tm4c123.o(.text)
    GPIOPortJ_Handler                        0x00000383   Thumb Code     0  startup_tm4c123.o(.text)
    GPIOPortK_Handler                        0x00000383   Thumb Code     0  startup_tm4c123.o(.text)
    GPIOPortL_Handler                        0x00000383   Thumb Code     0  startup_tm4c123.o(.text)
    GPIOPortM_Handler                        0x00000383   Thumb Code     0  startup_tm4c123.o(.text)
    GPIOPortN_Handler                        0x00000383   Thumb Code     0  startup_tm4c123.o(.text)
    GPIOPortP1_Handler                       0x00000383   Thumb Code     0  startup_tm4c123.o(.text)
    GPIOPortP2_Handler                       0x00000383   Thumb Code     0  startup_tm4c123.o(.text)
    GPIOPortP3_Handler                       0x00000383   Thumb Code     0  startup_tm4c123.o(.text)
    GPIOPortP4_Handler                       0x00000383   Thumb Code     0  startup_tm4c123.o(.text)
    GPIOPortP5_Handler                       0x00000383   Thumb Code     0  startup_tm4c123.o(.text)
    GPIOPortP6_Handler                       0x00000383   Thumb Code     0  startup_tm4c123.o(.text)
    GPIOPortP7_Handler                       0x00000383   Thumb Code     0  startup_tm4c123.o(.text)
    GPIOPortP_Handler                        0x00000383   Thumb Code     0  startup_tm4c123.o(.text)
    GPIOPortQ1_Handler                       0x00000383   Thumb Code     0  startup_tm4c123.o(.text)
    GPIOPortQ2_Handler                       0x00000383   Thumb Code     0  startup_tm4c123.o(.text)
    GPIOPortQ3_Handler                       0x00000383   Thumb Code     0  startup_tm4c123.o(.text)
    GPIOPortQ4_Handler                       0x00000383   Thumb Code     0  startup_tm4c123.o(.text)
    GPIOPortQ5_Handler                       0x00000383   Thumb Code     0  startup_tm4c123.o(.text)
    GPIOPortQ6_Handler                       0x00000383   Thumb Code     0  startup_tm4c123.o(.text)
    GPIOPortQ7_Handler                       0x00000383   Thumb Code     0  startup_tm4c123.o(.text)
    GPIOPortQ_Handler                        0x00000383   Thumb Code     0  startup_tm4c123.o(.text)
    GPIOPortR_Handler                        0x00000383   Thumb Code     0  startup_tm4c123.o(.text)
    GPIOPortS_Handler                        0x00000383   Thumb Code     0  startup_tm4c123.o(.text)
    Hibernate_Handler                        0x00000383   Thumb Code     0  startup_tm4c123.o(.text)
    I2C0_Handler                             0x00000383   Thumb Code     0  startup_tm4c123.o(.text)
    I2C1_Handler                             0x00000383   Thumb Code     0  startup_tm4c123.o(.text)
    I2C2_Handler                             0x00000383   Thumb Code     0  startup_tm4c123.o(.text)
    I2C3_Handler                             0x00000383   Thumb Code     0  startup_tm4c123.o(.text)
    I2C4_Handler                             0x00000383   Thumb Code     0  startup_tm4c123.o(.text)
    I2C5_Handler                             0x00000383   Thumb Code     0  startup_tm4c123.o(.text)
    I2S0_Handler                             0x00000383   Thumb Code     0  startup_tm4c123.o(.text)
    LPC0_Handler                             0x00000383   Thumb Code     0  startup_tm4c123.o(.text)
    PECI0_Handler                            0x00000383   Thumb Code     0  startup_tm4c123.o(.text)
    PWM0Fault_Handler                        0x00000383   Thumb Code     0  startup_tm4c123.o(.text)
    PWM0Generator0_Handler                   0x00000383   Thumb Code     0  startup_tm4c123.o(.text)
    PWM0Generator1_Handler                   0x00000383   Thumb Code     0  startup_tm4c123.o(.text)
    PWM0Generator2_Handler                   0x00000383   Thumb Code     0  startup_tm4c123.o(.text)
    PWM0Generator3_Handler                   0x00000383   Thumb Code     0  startup_tm4c123.o(.text)
    PWM1Fault_Handler                        0x00000383   Thumb Code     0  startup_tm4c123.o(.text)
    PWM1Generator0_Handler                   0x00000383   Thumb Code     0  startup_tm4c123.o(.text)
    PWM1Generator1_Handler                   0x00000383   Thumb Code     0  startup_tm4c123.o(.text)
    PWM1Generator2_Handler                   0x00000383   Thumb Code     0  startup_tm4c123.o(.text)
    PWM1Generator3_Handler                   0x00000383   Thumb Code     0  startup_tm4c123.o(.text)
    Quadrature0_Handler                      0x00000383   Thumb Code     0  startup_tm4c123.o(.text)
    Quadrature1_Handler                      0x00000383   Thumb Code     0  startup_tm4c123.o(.text)
    Quadrature2_Handler                      0x00000383   Thumb Code     0  startup_tm4c123.o(.text)
    SSI0_Handler                             0x00000383   Thumb Code     0  startup_tm4c123.o(.text)
    SSI1_Handler                             0x00000383   Thumb Code     0  startup_tm4c123.o(.text)
    SSI2_Handler                             0x00000383   Thumb Code     0  startup_tm4c123.o(.text)
    SSI3_Handler                             0x00000383   Thumb Code     0  startup_tm4c123.o(.text)
    SysCtl_Handler                           0x00000383   Thumb Code     0  startup_tm4c123.o(.text)
    Timer0B_Handler                          0x00000383   Thumb Code     0  startup_tm4c123.o(.text)
    Timer1B_Handler                          0x00000383   Thumb Code     0  startup_tm4c123.o(.text)
    Timer2A_Handler                          0x00000383   Thumb Code     0  startup_tm4c123.o(.text)
    Timer2B_Handler                          0x00000383   Thumb Code     0  startup_tm4c123.o(.text)
    Timer3A_Handler                          0x00000383   Thumb Code     0  startup_tm4c123.o(.text)
    Timer3B_Handler                          0x00000383   Thumb Code     0  startup_tm4c123.o(.text)
    Timer4A_Handler                          0x00000383   Thumb Code     0  startup_tm4c123.o(.text)
    Timer4B_Handler                          0x00000383   Thumb Code     0  startup_tm4c123.o(.text)
    Timer5A_Handler                          0x00000383   Thumb Code     0  startup_tm4c123.o(.text)
    Timer5B_Handler                          0x00000383   Thumb Code     0  startup_tm4c123.o(.text)
    UART0_Handler                            0x00000383   Thumb Code     0  startup_tm4c123.o(.text)
    UART1_Handler                            0x00000383   Thumb Code     0  startup_tm4c123.o(.text)
    UART2_Handler                            0x00000383   Thumb Code     0  startup_tm4c123.o(.text)
    UART3_Handler                            0x00000383   Thumb Code     0  startup_tm4c123.o(.text)
    UART4_Handler                            0x00000383   Thumb Code     0  startup_tm4c123.o(.text)
    UART5_Handler                            0x00000383   Thumb Code     0  startup_tm4c123.o(.text)
    UART6_Handler                            0x00000383   Thumb Code     0  startup_tm4c123.o(.text)
    UART7_Handler                            0x00000383   Thumb Code     0  startup_tm4c123.o(.text)
    USB0_Handler                             0x00000383   Thumb Code     0  startup_tm4c123.o(.text)
    WDT_Handler                              0x00000383   Thumb Code     0  startup_tm4c123.o(.text)
    WideTimer0B_Handler                      0x00000383   Thumb Code     0  startup_tm4c123.o(.text)
    WideTimer1B_Handler                      0x00000383   Thumb Code     0  startup_tm4c123.o(.text)
    WideTimer2A_Handler                      0x00000383   Thumb Code     0  startup_tm4c123.o(.text)
    WideTimer2B_Handler                      0x00000383   Thumb Code     0  startup_tm4c123.o(.text)
    WideTimer3A_Handler                      0x00000383   Thumb Code     0  startup_tm4c123.o(.text)
    WideTimer3B_Handler                      0x00000383   Thumb Code     0  startup_tm4c123.o(.text)
    WideTimer4A_Handler                      0x00000383   Thumb Code     0  startup_tm4c123.o(.text)
    WideTimer4B_Handler                      0x00000383   Thumb Code     0  startup_tm4c123.o(.text)
    WideTimer5A_Handler                      0x00000383   Thumb Code     0  startup_tm4c123.o(.text)
    WideTimer5B_Handler                      0x00000383   Thumb Code     0  startup_tm4c123.o(.text)
    uDMA_Error                               0x00000383   Thumb Code     0  startup_tm4c123.o(.text)
    uDMA_Handler                             0x00000383   Thumb Code     0  startup_tm4c123.o(.text)
    DisableInterrupts                        0x00000385   Thumb Code     0  startup_tm4c123.o(.text)
    EnableInterrupts                         0x00000389   Thumb Code     0  startup_tm4c123.o(.text)
    StartCritical                            0x0000038d   Thumb Code     0  startup_tm4c123.o(.text)
    EndCritical                              0x00000395   Thumb Code     0  startup_tm4c123.o(.text)
    WaitForInterrupt                         0x0000039b   Thumb Code     0  startup_tm4c123.o(.text)
    __user_initial_stackheap                 0x0000039f   Thumb Code     0  startup_tm4c123.o(.text)
    __use_two_region_memory                  0x000003b5   Thumb Code     2  heapauxi.o(.text)
    __rt_heap_escrow$2region                 0x000003b7   Thumb Code     2  heapauxi.o(.text)
    __rt_heap_expand$2region                 0x000003b9   Thumb Code     2  heapauxi.o(.text)
    __user_setup_stackheap                   0x000003bb   Thumb Code    74  sys_stackheap_outer.o(.text)
    exit                                     0x00000405   Thumb Code    18  exit.o(.text)
    __user_libspace                          0x00000419   Thumb Code     8  libspace.o(.text)
    __user_perproc_libspace                  0x00000419   Thumb Code     0  libspace.o(.text)
    __user_perthread_libspace                0x00000419   Thumb Code     0  libspace.o(.text)
    _sys_exit                                0x00000421   Thumb Code     8  sys_exit.o(.text)
    __I$use$semihosting                      0x0000042d   Thumb Code     0  use_no_semi.o(.text)
    __use_no_semihosting_swi                 0x0000042d   Thumb Code     2  use_no_semi.o(.text)
    CYCL_1000ms                              0x0000042f   Thumb Code     2  cyclic_activity_handler.o(i.CYCL_1000ms)
    __semihosting_library_function           0x0000042f   Thumb Code     0  indicate_semi.o(.text)
    CYCL_100ms                               0x00000431   Thumb Code     2  cyclic_activity_handler.o(i.CYCL_100ms)
    CYCL_10ms                                0x00000433   Thumb Code     2  cyclic_activity_handler.o(i.CYCL_10ms)
    CYCL_500ms                               0x00000435   Thumb Code     2  cyclic_activity_handler.o(i.CYCL_500ms)
    CYCL_50ms                                0x00000437   Thumb Code     2  cyclic_activity_handler.o(i.CYCL_50ms)
    GPIODirModeSet                           0x00000439   Thumb Code    40  gpio.o(i.GPIODirModeSet)
    GPIOIntClear                             0x00000461   Thumb Code     6  gpio.o(i.GPIOIntClear)
    GPIOIntDisable                           0x00000467   Thumb Code    14  gpio.o(i.GPIOIntDisable)
    GPIOIntEnable                            0x00000475   Thumb Code    12  gpio.o(i.GPIOIntEnable)
    GPIOIntStatus                            0x00000481   Thumb Code    14  gpio.o(i.GPIOIntStatus)
    GPIOIntTypeSet                           0x0000048f   Thumb Code    80  gpio.o(i.GPIOIntTypeSet)
    GPIOPadConfigSet                         0x000004df   Thumb Code   312  gpio.o(i.GPIOPadConfigSet)
    GPIOPinConfigure                         0x00000619   Thumb Code    60  gpio.o(i.GPIOPinConfigure)
    GPIOPinRead                              0x0000065d   Thumb Code     6  gpio.o(i.GPIOPinRead)
    GPIOPinTypeGPIOInput                     0x00000663   Thumb Code    28  gpio.o(i.GPIOPinTypeGPIOInput)
    GPIOPinTypeGPIOOutput                    0x0000067f   Thumb Code    28  gpio.o(i.GPIOPinTypeGPIOOutput)
    GPIOPinTypeUART                          0x0000069b   Thumb Code    28  gpio.o(i.GPIOPinTypeUART)
    GPIOPinWrite                             0x000006b7   Thumb Code     6  gpio.o(i.GPIOPinWrite)
    GPIOPortC_Handler                        0x000006bd   Thumb Code   256  os_hw.o(i.GPIOPortC_Handler)
    GPIOPortD_Handler                        0x000007c5   Thumb Code   256  os_hw.o(i.GPIOPortD_Handler)
    GPIOPortF_Handler                        0x000008cd   Thumb Code   166  os_hw.o(i.GPIOPortF_Handler)
    GPIO_InitPortOutput                      0x0000097d   Thumb Code   442  gpio_handler.o(i.GPIO_InitPortOutput)
    Idle_Task                                0x00000b61   Thumb Code    20  main.o(i.Idle_Task)
    InitApplications                         0x00000b79   Thumb Code     2  startup_handler.o(i.InitApplications)
    InitDrivers                              0x00000b7b   Thumb Code    16  startup_handler.o(i.InitDrivers)
    IntDisable                               0x00000b8d   Thumb Code    92  interrupt.o(i.IntDisable)
    IntEnable                                0x00000bf1   Thumb Code    92  interrupt.o(i.IntEnable)
    IntPrioritySet                           0x00000c55   Thumb Code    36  interrupt.o(i.IntPrioritySet)
    OS_AddPeriodicEventThread                0x00000c7d   Thumb Code    76  os_core.o(i.OS_AddPeriodicEventThread)
    OS_AddThreads                            0x00000cd1   Thumb Code   354  os_core.o(i.OS_AddThreads)
    OS_Clock_Init                            0x00000e41   Thumb Code   150  os_hw.o(i.OS_Clock_Init)
    OS_EdgeTrigger_Init                      0x00000f19   Thumb Code   454  os_hw.o(i.OS_EdgeTrigger_Init)
    OS_EdgeTrigger_Restart                   0x00001105   Thumb Code    84  os_hw.o(i.OS_EdgeTrigger_Restart)
    OS_Init                                  0x00001165   Thumb Code    52  os_core.o(i.OS_Init)
    OS_InitSemaphore                         0x000011a5   Thumb Code     4  os_core.o(i.OS_InitSemaphore)
    OS_Launch                                0x000011a9   Thumb Code    48  os_core.o(i.OS_Launch)
    OS_Signal                                0x000011dd   Thumb Code    46  os_core.o(i.OS_Signal)
    OS_Sleep                                 0x00001211   Thumb Code    16  os_core.o(i.OS_Sleep)
    OS_Suspend                               0x00001225   Thumb Code    18  os_core.o(i.OS_Suspend)
    OS_Timer_Init                            0x0000123d   Thumb Code  1214  os_hw.o(i.OS_Timer_Init)
    OS_Wait                                  0x00001705   Thumb Code    40  os_core.o(i.OS_Wait)
    Profile_Init                             0x00001731   Thumb Code   418  profile.o(i.Profile_Init)
    Scheduler                                0x00001905   Thumb Code    42  os_core.o(i.Scheduler)
    SetInitialStack                          0x00001935   Thumb Code   328  os_core.o(i.SetInitialStack)
    SysCtlClockGet                           0x00001a85   Thumb Code   304  sysctl.o(i.SysCtlClockGet)
    SysCtlClockSet                           0x00001bd9   Thumb Code   270  sysctl.o(i.SysCtlClockSet)
    SysCtlPeripheralEnable                   0x00001cf9   Thumb Code    36  sysctl.o(i.SysCtlPeripheralEnable)
    SysCtlPeripheralReady                    0x00001d21   Thumb Code    40  sysctl.o(i.SysCtlPeripheralReady)
    Task0_PIRA                               0x00001d4d   Thumb Code    98  main.o(i.Task0_PIRA)
    Task1_PIRB                               0x00001ded   Thumb Code    98  main.o(i.Task1_PIRB)
    Task2_Cyclic10ms                         0x00001e8d   Thumb Code    44  main.o(i.Task2_Cyclic10ms)
    Task3_Cyclic50ms                         0x00001ec5   Thumb Code    42  main.o(i.Task3_Cyclic50ms)
    Task4_Cyclic100ms                        0x00001efd   Thumb Code    42  main.o(i.Task4_Cyclic100ms)
    Task5_Cyclic500ms                        0x00001f35   Thumb Code    46  main.o(i.Task5_Cyclic500ms)
    Task6_Cyclic1000ms                       0x00001f71   Thumb Code    44  main.o(i.Task6_Cyclic1000ms)
    Task7_BlankTask                          0x00001fad   Thumb Code    40  main.o(i.Task7_BlankTask)
    Task8_BlankTask                          0x00001fdd   Thumb Code    40  main.o(i.Task8_BlankTask)
    Timer0A_Handler                          0x0000200d   Thumb Code     2  os_hw.o(i.Timer0A_Handler)
    Timer1A_Handler                          0x0000200f   Thumb Code     2  os_hw.o(i.Timer1A_Handler)
    TimerClockSourceSet                      0x00002011   Thumb Code     6  timer.o(i.TimerClockSourceSet)
    TimerConfigure                           0x00002019   Thumb Code    88  timer.o(i.TimerConfigure)
    TimerDisable                             0x00002079   Thumb Code    16  timer.o(i.TimerDisable)
    TimerEnable                              0x00002089   Thumb Code    14  timer.o(i.TimerEnable)
    TimerIntClear                            0x00002097   Thumb Code     4  timer.o(i.TimerIntClear)
    TimerIntDisable                          0x0000209b   Thumb Code    10  timer.o(i.TimerIntDisable)
    TimerIntEnable                           0x000020a5   Thumb Code     8  timer.o(i.TimerIntEnable)
    TimerLoadSet                             0x000020ad   Thumb Code    18  timer.o(i.TimerLoadSet)
    UART0_Init                               0x000020c1   Thumb Code   108  uart_handler.o(i.UART0_Init)
    UART0_SendChar                           0x0000213d   Thumb Code    14  uart_handler.o(i.UART0_SendChar)
    UART0_SendNewLine                        0x00002151   Thumb Code    16  uart_handler.o(i.UART0_SendNewLine)
    UART0_SendString                         0x00002161   Thumb Code    22  uart_handler.o(i.UART0_SendString)
    UART0_SendUDecimal                       0x00002177   Thumb Code    42  uart_handler.o(i.UART0_SendUDecimal)
    UARTCharPut                              0x000021a1   Thumb Code    12  uart.o(i.UARTCharPut)
    UARTClockSourceSet                       0x000021ad   Thumb Code     6  uart.o(i.UARTClockSourceSet)
    UARTConfigGetExpClk                      0x000021b3   Thumb Code    46  uart.o(i.UARTConfigGetExpClk)
    UARTConfigSetExpClk                      0x000021e1   Thumb Code   110  uart.o(i.UARTConfigSetExpClk)
    UARTDisable                              0x0000224f   Thumb Code    30  uart.o(i.UARTDisable)
    UARTEnable                               0x0000226d   Thumb Code    20  uart.o(i.UARTEnable)
    UARTFIFOEnable                           0x00002281   Thumb Code    10  uart.o(i.UARTFIFOEnable)
    WideTimer0A_Handler                      0x0000228d   Thumb Code    18  os_hw.o(i.WideTimer0A_Handler)
    WideTimer1A_Handler                      0x000022a9   Thumb Code    18  os_hw.o(i.WideTimer1A_Handler)
    main                                     0x000022c5   Thumb Code   216  main.o(i.main)
    _fp_init                                 0x00002481   Thumb Code    10  fpinit.o(x$fpl$fpinit)
    __fplib_config_fpu_vfp                   0x00002489   Thumb Code     0  fpinit.o(x$fpl$fpinit)
    __fplib_config_pureend_doubles           0x00002489   Thumb Code     0  fpinit.o(x$fpl$fpinit)
    Region$$Table$$Base                      0x0000296c   Number         0  anon$$obj.o(Region$$Table)
    Region$$Table$$Limit                     0x0000298c   Number         0  anon$$obj.o(Region$$Table)
    Count0_PIRA                              0x20000000   Data           4  main.o(.data)
    Count1_PIRB                              0x20000004   Data           4  main.o(.data)
    Count2_Cyclic10ms                        0x20000008   Data           4  main.o(.data)
    Count3_Cyclic50ms                        0x2000000c   Data           4  main.o(.data)
    Count4_Cyclic100ms                       0x20000010   Data           4  main.o(.data)
    Count5_Cyclic500ms                       0x20000014   Data           4  main.o(.data)
    Count6_Cyclic1000ms                      0x20000018   Data           4  main.o(.data)
    Count7_Blank                             0x2000001c   Data           4  main.o(.data)
    Count8_Blank                             0x20000020   Data           4  main.o(.data)
    CountIdle                                0x20000024   Data           4  main.o(.data)
    Task78Sync                               0x20000028   Data           4  main.o(.data)
    Task87Sync                               0x2000002c   Data           4  main.o(.data)
    SerialMonitor                            0x20000030   Data           4  main.o(.data)
    RunPt                                    0x20000034   Data           4  os_core.o(.data)
    Periodic_Event_Nr                        0x20000038   Data           1  os_core.o(.data)
    OS_PeriodicTask                          0x2000003c   Data           8  os_core.o(.data)
    Baud_Rate_Read                           0x20000044   Data           4  uart_handler.o(.data)
    tcbs                                     0x20000048   Data         200  os_core.o(.bss)
    Stacks                                   0x20000110   Data        4000  os_core.o(.bss)
    PerTask                                  0x200010b0   Data         120  os_core.o(.bss)
    SemPortA                                 0x20001128   Data          32  os_hw.o(.bss)
    SemPortB                                 0x20001148   Data          32  os_hw.o(.bss)
    SemPortC                                 0x20001168   Data          32  os_hw.o(.bss)
    SemPortD                                 0x20001188   Data          32  os_hw.o(.bss)
    SemPortE                                 0x200011a8   Data          32  os_hw.o(.bss)
    SemPortF                                 0x200011c8   Data          32  os_hw.o(.bss)
    __libspace_start                         0x200011e8   Data          96  libspace.o(.bss)
    __temporary_stack_top$libspace           0x20001248   Data           0  libspace.o(.bss)



==============================================================================

Memory Map of the image

  Image Entry point : 0x0000035d

  Load Region LR_1 (Base: 0x00000000, Size: 0x000029d4, Max: 0xffffffff, ABSOLUTE)

    Execution Region ER_RO (Base: 0x00000000, Size: 0x0000298c, Max: 0xffffffff, ABSOLUTE)

    Base Addr    Size         Type   Attr      Idx    E Section Name        Object

    0x00000000   0x0000026c   Data   RO          518    RESET               startup_tm4c123.o
    0x0000026c   0x00000008   Code   RO         1909  * !!!main             c_w.l(__main.o)
    0x00000274   0x00000034   Code   RO         2066    !!!scatter          c_w.l(__scatter.o)
    0x000002a8   0x0000001a   Code   RO         2068    !!handler_copy      c_w.l(__scatter_copy.o)
    0x000002c2   0x00000002   PAD
    0x000002c4   0x0000001c   Code   RO         2070    !!handler_zi        c_w.l(__scatter_zi.o)
    0x000002e0   0x00000002   Code   RO         1936    .ARM.Collect$$libinit$$00000000  c_w.l(libinit.o)
    0x000002e2   0x00000004   Code   RO         1942    .ARM.Collect$$libinit$$00000001  c_w.l(libinit2.o)
    0x000002e6   0x00000000   Code   RO         1945    .ARM.Collect$$libinit$$00000004  c_w.l(libinit2.o)
    0x000002e6   0x00000000   Code   RO         1948    .ARM.Collect$$libinit$$0000000A  c_w.l(libinit2.o)
    0x000002e6   0x00000000   Code   RO         1950    .ARM.Collect$$libinit$$0000000C  c_w.l(libinit2.o)
    0x000002e6   0x00000000   Code   RO         1952    .ARM.Collect$$libinit$$0000000E  c_w.l(libinit2.o)
    0x000002e6   0x00000000   Code   RO         1955    .ARM.Collect$$libinit$$00000011  c_w.l(libinit2.o)
    0x000002e6   0x00000000   Code   RO         1957    .ARM.Collect$$libinit$$00000013  c_w.l(libinit2.o)
    0x000002e6   0x00000000   Code   RO         1959    .ARM.Collect$$libinit$$00000015  c_w.l(libinit2.o)
    0x000002e6   0x00000000   Code   RO         1961    .ARM.Collect$$libinit$$00000017  c_w.l(libinit2.o)
    0x000002e6   0x00000000   Code   RO         1963    .ARM.Collect$$libinit$$00000019  c_w.l(libinit2.o)
    0x000002e6   0x00000000   Code   RO         1965    .ARM.Collect$$libinit$$0000001B  c_w.l(libinit2.o)
    0x000002e6   0x00000000   Code   RO         1967    .ARM.Collect$$libinit$$0000001D  c_w.l(libinit2.o)
    0x000002e6   0x00000000   Code   RO         1969    .ARM.Collect$$libinit$$0000001F  c_w.l(libinit2.o)
    0x000002e6   0x00000000   Code   RO         1971    .ARM.Collect$$libinit$$00000021  c_w.l(libinit2.o)
    0x000002e6   0x00000000   Code   RO         1973    .ARM.Collect$$libinit$$00000023  c_w.l(libinit2.o)
    0x000002e6   0x00000000   Code   RO         1975    .ARM.Collect$$libinit$$00000025  c_w.l(libinit2.o)
    0x000002e6   0x00000000   Code   RO         1979    .ARM.Collect$$libinit$$0000002C  c_w.l(libinit2.o)
    0x000002e6   0x00000000   Code   RO         1981    .ARM.Collect$$libinit$$0000002E  c_w.l(libinit2.o)
    0x000002e6   0x00000000   Code   RO         1983    .ARM.Collect$$libinit$$00000030  c_w.l(libinit2.o)
    0x000002e6   0x00000000   Code   RO         1985    .ARM.Collect$$libinit$$00000032  c_w.l(libinit2.o)
    0x000002e6   0x00000002   Code   RO         1986    .ARM.Collect$$libinit$$00000033  c_w.l(libinit2.o)
    0x000002e8   0x00000002   Code   RO         2006    .ARM.Collect$$libshutdown$$00000000  c_w.l(libshutdown.o)
    0x000002ea   0x00000000   Code   RO         2019    .ARM.Collect$$libshutdown$$00000002  c_w.l(libshutdown2.o)
    0x000002ea   0x00000000   Code   RO         2021    .ARM.Collect$$libshutdown$$00000004  c_w.l(libshutdown2.o)
    0x000002ea   0x00000000   Code   RO         2024    .ARM.Collect$$libshutdown$$00000007  c_w.l(libshutdown2.o)
    0x000002ea   0x00000000   Code   RO         2027    .ARM.Collect$$libshutdown$$0000000A  c_w.l(libshutdown2.o)
    0x000002ea   0x00000000   Code   RO         2029    .ARM.Collect$$libshutdown$$0000000C  c_w.l(libshutdown2.o)
    0x000002ea   0x00000000   Code   RO         2032    .ARM.Collect$$libshutdown$$0000000F  c_w.l(libshutdown2.o)
    0x000002ea   0x00000002   Code   RO         2033    .ARM.Collect$$libshutdown$$00000010  c_w.l(libshutdown2.o)
    0x000002ec   0x00000000   Code   RO         1911    .ARM.Collect$$rtentry$$00000000  c_w.l(__rtentry.o)
    0x000002ec   0x00000000   Code   RO         1913    .ARM.Collect$$rtentry$$00000002  c_w.l(__rtentry2.o)
    0x000002ec   0x00000006   Code   RO         1925    .ARM.Collect$$rtentry$$00000004  c_w.l(__rtentry4.o)
    0x000002f2   0x00000000   Code   RO         1915    .ARM.Collect$$rtentry$$00000009  c_w.l(__rtentry2.o)
    0x000002f2   0x00000004   Code   RO         1916    .ARM.Collect$$rtentry$$0000000A  c_w.l(__rtentry2.o)
    0x000002f6   0x00000000   Code   RO         1918    .ARM.Collect$$rtentry$$0000000C  c_w.l(__rtentry2.o)
    0x000002f6   0x00000008   Code   RO         1919    .ARM.Collect$$rtentry$$0000000D  c_w.l(__rtentry2.o)
    0x000002fe   0x00000002   Code   RO         1940    .ARM.Collect$$rtexit$$00000000  c_w.l(rtexit.o)
    0x00000300   0x00000000   Code   RO         1988    .ARM.Collect$$rtexit$$00000002  c_w.l(rtexit2.o)
    0x00000300   0x00000004   Code   RO         1989    .ARM.Collect$$rtexit$$00000003  c_w.l(rtexit2.o)
    0x00000304   0x00000006   Code   RO         1990    .ARM.Collect$$rtexit$$00000004  c_w.l(rtexit2.o)
    0x0000030a   0x00000002   PAD
    0x0000030c   0x00000006   Code   RO         1022    .emb_text           driverlib.lib(sysctl.o)
    0x00000312   0x00000002   PAD
    0x00000314   0x00000048   Code   RO          247    .text               osasm.o
    0x0000035c   0x00000058   Code   RO          519  * .text               startup_tm4c123.o
    0x000003b4   0x00000006   Code   RO         1907    .text               c_w.l(heapauxi.o)
    0x000003ba   0x0000004a   Code   RO         1927    .text               c_w.l(sys_stackheap_outer.o)
    0x00000404   0x00000012   Code   RO         1929    .text               c_w.l(exit.o)
    0x00000416   0x00000002   PAD
    0x00000418   0x00000008   Code   RO         1937    .text               c_w.l(libspace.o)
    0x00000420   0x0000000c   Code   RO         1998    .text               c_w.l(sys_exit.o)
    0x0000042c   0x00000002   Code   RO         2009    .text               c_w.l(use_no_semi.o)
    0x0000042e   0x00000000   Code   RO         2011    .text               c_w.l(indicate_semi.o)
    0x0000042e   0x00000002   Code   RO          432    i.CYCL_1000ms       cyclic_activity_handler.o
    0x00000430   0x00000002   Code   RO          433    i.CYCL_100ms        cyclic_activity_handler.o
    0x00000432   0x00000002   Code   RO          434    i.CYCL_10ms         cyclic_activity_handler.o
    0x00000434   0x00000002   Code   RO          435    i.CYCL_500ms        cyclic_activity_handler.o
    0x00000436   0x00000002   Code   RO          436    i.CYCL_50ms         cyclic_activity_handler.o
    0x00000438   0x00000028   Code   RO          585    i.GPIODirModeSet    driverlib.lib(gpio.o)
    0x00000460   0x00000006   Code   RO          586    i.GPIOIntClear      driverlib.lib(gpio.o)
    0x00000466   0x0000000e   Code   RO          587    i.GPIOIntDisable    driverlib.lib(gpio.o)
    0x00000474   0x0000000c   Code   RO          588    i.GPIOIntEnable     driverlib.lib(gpio.o)
    0x00000480   0x0000000e   Code   RO          590    i.GPIOIntStatus     driverlib.lib(gpio.o)
    0x0000048e   0x00000050   Code   RO          592    i.GPIOIntTypeSet    driverlib.lib(gpio.o)
    0x000004de   0x00000138   Code   RO          595    i.GPIOPadConfigSet  driverlib.lib(gpio.o)
    0x00000616   0x00000002   PAD
    0x00000618   0x00000044   Code   RO          596    i.GPIOPinConfigure  driverlib.lib(gpio.o)
    0x0000065c   0x00000006   Code   RO          597    i.GPIOPinRead       driverlib.lib(gpio.o)
    0x00000662   0x0000001c   Code   RO          606    i.GPIOPinTypeGPIOInput  driverlib.lib(gpio.o)
    0x0000067e   0x0000001c   Code   RO          607    i.GPIOPinTypeGPIOOutput  driverlib.lib(gpio.o)
    0x0000069a   0x0000001c   Code   RO          622    i.GPIOPinTypeUART   driverlib.lib(gpio.o)
    0x000006b6   0x00000006   Code   RO          628    i.GPIOPinWrite      driverlib.lib(gpio.o)
    0x000006bc   0x00000108   Code   RO          251    i.GPIOPortC_Handler  os_hw.o
    0x000007c4   0x00000108   Code   RO          252    i.GPIOPortD_Handler  os_hw.o
    0x000008cc   0x000000b0   Code   RO          253    i.GPIOPortF_Handler  os_hw.o
    0x0000097c   0x000001e4   Code   RO          411    i.GPIO_InitPortOutput  gpio_handler.o
    0x00000b60   0x00000018   Code   RO            1    i.Idle_Task         main.o
    0x00000b78   0x00000002   Code   RO          471    i.InitApplications  startup_handler.o
    0x00000b7a   0x00000010   Code   RO          472    i.InitDrivers       startup_handler.o
    0x00000b8a   0x00000002   PAD
    0x00000b8c   0x00000064   Code   RO          906    i.IntDisable        driverlib.lib(interrupt.o)
    0x00000bf0   0x00000064   Code   RO          907    i.IntEnable         driverlib.lib(interrupt.o)
    0x00000c54   0x00000028   Code   RO          918    i.IntPrioritySet    driverlib.lib(interrupt.o)
    0x00000c7c   0x00000054   Code   RO          134    i.OS_AddPeriodicEventThread  os_core.o
    0x00000cd0   0x00000170   Code   RO          135    i.OS_AddThreads     os_core.o
    0x00000e40   0x000000d8   Code   RO          254    i.OS_Clock_Init     os_hw.o
    0x00000f18   0x000001ec   Code   RO          255    i.OS_EdgeTrigger_Init  os_hw.o
    0x00001104   0x00000060   Code   RO          256    i.OS_EdgeTrigger_Restart  os_hw.o
    0x00001164   0x00000040   Code   RO          139    i.OS_Init           os_core.o
    0x000011a4   0x00000004   Code   RO          140    i.OS_InitSemaphore  os_core.o
    0x000011a8   0x00000034   Code   RO          141    i.OS_Launch         os_core.o
    0x000011dc   0x00000034   Code   RO          142    i.OS_Signal         os_core.o
    0x00001210   0x00000014   Code   RO          143    i.OS_Sleep          os_core.o
    0x00001224   0x00000018   Code   RO          144    i.OS_Suspend        os_core.o
    0x0000123c   0x000004c8   Code   RO          258    i.OS_Timer_Init     os_hw.o
    0x00001704   0x0000002c   Code   RO          145    i.OS_Wait           os_core.o
    0x00001730   0x000001d4   Code   RO          496    i.Profile_Init      profile.o
    0x00001904   0x00000030   Code   RO          146    i.Scheduler         os_core.o
    0x00001934   0x00000150   Code   RO          147    i.SetInitialStack   os_core.o
    0x00001a84   0x00000154   Code   RO         1025    i.SysCtlClockGet    driverlib.lib(sysctl.o)
    0x00001bd8   0x00000120   Code   RO         1027    i.SysCtlClockSet    driverlib.lib(sysctl.o)
    0x00001cf8   0x00000028   Code   RO         1056    i.SysCtlPeripheralEnable  driverlib.lib(sysctl.o)
    0x00001d20   0x0000002c   Code   RO         1060    i.SysCtlPeripheralReady  driverlib.lib(sysctl.o)
    0x00001d4c   0x000000a0   Code   RO            2    i.Task0_PIRA        main.o
    0x00001dec   0x000000a0   Code   RO            3    i.Task1_PIRB        main.o
    0x00001e8c   0x00000038   Code   RO            4    i.Task2_Cyclic10ms  main.o
    0x00001ec4   0x00000038   Code   RO            5    i.Task3_Cyclic50ms  main.o
    0x00001efc   0x00000038   Code   RO            6    i.Task4_Cyclic100ms  main.o
    0x00001f34   0x0000003c   Code   RO            7    i.Task5_Cyclic500ms  main.o
    0x00001f70   0x0000003c   Code   RO            8    i.Task6_Cyclic1000ms  main.o
    0x00001fac   0x00000030   Code   RO            9    i.Task7_BlankTask   main.o
    0x00001fdc   0x00000030   Code   RO           10    i.Task8_BlankTask   main.o
    0x0000200c   0x00000002   Code   RO          259    i.Timer0A_Handler   os_hw.o
    0x0000200e   0x00000002   Code   RO          260    i.Timer1A_Handler   os_hw.o
    0x00002010   0x00000006   Code   RO         1367    i.TimerClockSourceSet  driverlib.lib(timer.o)
    0x00002016   0x00000002   PAD
    0x00002018   0x00000060   Code   RO         1368    i.TimerConfigure    driverlib.lib(timer.o)
    0x00002078   0x00000010   Code   RO         1376    i.TimerDisable      driverlib.lib(timer.o)
    0x00002088   0x0000000e   Code   RO         1377    i.TimerEnable       driverlib.lib(timer.o)
    0x00002096   0x00000004   Code   RO         1378    i.TimerIntClear     driverlib.lib(timer.o)
    0x0000209a   0x0000000a   Code   RO         1379    i.TimerIntDisable   driverlib.lib(timer.o)
    0x000020a4   0x00000008   Code   RO         1380    i.TimerIntEnable    driverlib.lib(timer.o)
    0x000020ac   0x00000012   Code   RO         1386    i.TimerLoadSet      driverlib.lib(timer.o)
    0x000020be   0x00000002   PAD
    0x000020c0   0x0000007c   Code   RO          340    i.UART0_Init        uart_handler.o
    0x0000213c   0x00000014   Code   RO          341    i.UART0_SendChar    uart_handler.o
    0x00002150   0x00000010   Code   RO          342    i.UART0_SendNewLine  uart_handler.o
    0x00002160   0x00000016   Code   RO          343    i.UART0_SendString  uart_handler.o
    0x00002176   0x0000002a   Code   RO          344    i.UART0_SendUDecimal  uart_handler.o
    0x000021a0   0x0000000c   Code   RO         1614    i.UARTCharPut       driverlib.lib(uart.o)
    0x000021ac   0x00000006   Code   RO         1618    i.UARTClockSourceSet  driverlib.lib(uart.o)
    0x000021b2   0x0000002e   Code   RO         1619    i.UARTConfigGetExpClk  driverlib.lib(uart.o)
    0x000021e0   0x0000006e   Code   RO         1620    i.UARTConfigSetExpClk  driverlib.lib(uart.o)
    0x0000224e   0x0000001e   Code   RO         1623    i.UARTDisable       driverlib.lib(uart.o)
    0x0000226c   0x00000014   Code   RO         1625    i.UARTEnable        driverlib.lib(uart.o)
    0x00002280   0x0000000a   Code   RO         1628    i.UARTFIFOEnable    driverlib.lib(uart.o)
    0x0000228a   0x00000002   PAD
    0x0000228c   0x0000001c   Code   RO          261    i.WideTimer0A_Handler  os_hw.o
    0x000022a8   0x0000001c   Code   RO          262    i.WideTimer1A_Handler  os_hw.o
    0x000022c4   0x0000010c   Code   RO           11    i.main              main.o
    0x000023d0   0x00000078   Code   RO          148    i.runperiodicevents  os_core.o
    0x00002448   0x00000038   Code   RO          149    i.runsleep          os_core.o
    0x00002480   0x0000000a   Code   RO         1996    x$fpl$fpinit        fz_wm.l(fpinit.o)
    0x0000248a   0x00000002   PAD
    0x0000248c   0x00000210   Data   RO          629    .constdata          driverlib.lib(gpio.o)
    0x0000269c   0x0000010c   Data   RO          923    .constdata          driverlib.lib(interrupt.o)
    0x000027a8   0x000001c4   Data   RO         1077    .constdata          driverlib.lib(sysctl.o)
    0x0000296c   0x00000020   Data   RO         2064    Region$$Table       anon$$obj.o


    Execution Region ER_RW (Base: 0x20000000, Size: 0x00000048, Max: 0xffffffff, ABSOLUTE)

    Base Addr    Size         Type   Attr      Idx    E Section Name        Object

    0x20000000   0x00000034   Data   RW           13    .data               main.o
    0x20000034   0x00000010   Data   RW          151    .data               os_core.o
    0x20000044   0x00000004   Data   RW          346    .data               uart_handler.o


    Execution Region ER_ZI (Base: 0x20000048, Size: 0x00001400, Max: 0xffffffff, ABSOLUTE)

    Base Addr    Size         Type   Attr      Idx    E Section Name        Object

    0x20000048   0x000010e0   Zero   RW          150    .bss                os_core.o
    0x20001128   0x000000c0   Zero   RW          263    .bss                os_hw.o
    0x200011e8   0x00000060   Zero   RW         1938    .bss                c_w.l(libspace.o)
    0x20001248   0x00000000   Zero   RW          517    HEAP                startup_tm4c123.o
    0x20001248   0x00000200   Zero   RW          516    STACK               startup_tm4c123.o


==============================================================================

Image component sizes


      Code (inc. data)   RO Data    RW Data    ZI Data      Debug   Object Name

        10          0          0          0          0       2276   cyclic_activity_handler.o
       484         48          0          0          0        810   gpio_handler.o
       996        266          0         52          0      11458   main.o
      1272         86          0         16       4320       9427   os_core.o
      2792        252          0          0        192       7143   os_hw.o
        72          4          0          0          0        260   osasm.o
       468         50          0          0          0        519   profile.o
        18          0          0          0          0        893   startup_handler.o
        88         12        620          0        512        784   startup_tm4c123.o
       224         22          0          4          0       3199   uart_handler.o

    ----------------------------------------------------------------------
      6426        740        652         72       5024      36769   Object Totals
         0          0         32          0          0          0   (incl. Generated)
         2          0          0          0          0          0   (incl. Padding)

    ----------------------------------------------------------------------

      Code (inc. data)   RO Data    RW Data    ZI Data      Debug   Library Member Name

         8          0          0          0          0         68   __main.o
         0          0          0          0          0          0   __rtentry.o
        12          0          0          0          0          0   __rtentry2.o
         6          0          0          0          0          0   __rtentry4.o
        52          8          0          0          0          0   __scatter.o
        26          0          0          0          0          0   __scatter_copy.o
        28          0          0          0          0          0   __scatter_zi.o
        18          0          0          0          0         80   exit.o
         6          0          0          0          0        152   heapauxi.o
         0          0          0          0          0          0   indicate_semi.o
         2          0          0          0          0          0   libinit.o
         6          0          0          0          0          0   libinit2.o
         2          0          0          0          0          0   libshutdown.o
         2          0          0          0          0          0   libshutdown2.o
         8          4          0          0         96         68   libspace.o
         2          0          0          0          0          0   rtexit.o
        10          0          0          0          0          0   rtexit2.o
        12          4          0          0          0         68   sys_exit.o
        74          0          0          0          0         80   sys_stackheap_outer.o
         2          0          0          0          0         68   use_no_semi.o
       642          8        528          0          0       8610   gpio.o
       240         20        268          0          0       2618   interrupt.o
       718         62        452          0          0       4999   sysctl.o
       172          8          0          0          0       4222   timer.o
       234          0          0          0          0       4633   uart.o
        10          0          0          0          0        116   fpinit.o

    ----------------------------------------------------------------------
      2310        114       1248          0         96      25782   Library Totals
        18          0          0          0          0          0   (incl. Padding)

    ----------------------------------------------------------------------

      Code (inc. data)   RO Data    RW Data    ZI Data      Debug   Library Name

       276         16          0          0         96        584   c_w.l
      2006         98       1248          0          0      25082   driverlib.lib
        10          0          0          0          0        116   fz_wm.l

    ----------------------------------------------------------------------
      2310        114       1248          0         96      25782   Library Totals

    ----------------------------------------------------------------------

==============================================================================


      Code (inc. data)   RO Data    RW Data    ZI Data      Debug   

      8736        854       1900         72       5120      56951   Grand Totals
      8736        854       1900         72       5120      56951   ELF Image Totals
      8736        854       1900         72          0          0   ROM Totals

==============================================================================

    Total RO  Size (Code + RO Data)                10636 (  10.39kB)
    Total RW  Size (RW Data + ZI Data)              5192 (   5.07kB)
    Total ROM Size (Code + RO Data + RW Data)      10708 (  10.46kB)

==============================================================================

