Component: ARM Compiler 5.06 update 3 (build 300) Tool: armlink [4d35c9]

==============================================================================

Section Cross References

    main.o(i.GPIOPortF_Handler) refers to interrupt.o(i.IntDisable) for IntDisable
    main.o(i.GPIOPortF_Handler) refers to main.o(i.delay) for delay
    main.o(i.GPIOPortF_Handler) refers to gpio.o(i.GPIOPinRead) for GPIOPinRead
    main.o(i.GPIOPortF_Handler) refers to gpio.o(i.GPIOIntClear) for GPIOIntClear
    main.o(i.GPIOPortF_Handler) refers to main.o(i.Switch2) for Switch2
    main.o(i.GPIOPortF_Handler) refers to main.o(i.Switch1) for Switch1
    main.o(i.GPIOPortF_Handler) refers to interrupt.o(i.IntEnable) for IntEnable
    main.o(i.Init_PortF_Input) refers to sysctl.o(i.SysCtlPeripheralEnable) for SysCtlPeripheralEnable
    main.o(i.Init_PortF_Input) refers to interrupt.o(i.IntDisable) for IntDisable
    main.o(i.Init_PortF_Input) refers to gpio.o(i.GPIOIntDisable) for GPIOIntDisable
    main.o(i.Init_PortF_Input) refers to gpio.o(i.GPIOIntTypeSet) for GPIOIntTypeSet
    main.o(i.Init_PortF_Input) refers to gpio.o(i.GPIODirModeSet) for GPIODirModeSet
    main.o(i.Init_PortF_Input) refers to gpio.o(i.GPIOPadConfigSet) for GPIOPadConfigSet
    main.o(i.Init_PortF_Input) refers to interrupt.o(i.IntPrioritySet) for IntPrioritySet
    main.o(i.Init_PortF_Input) refers to gpio.o(i.GPIOIntEnable) for GPIOIntEnable
    main.o(i.Init_PortF_Input) refers to interrupt.o(i.IntEnable) for IntEnable
    main.o(i.Init_PortF_Output) refers to sysctl.o(i.SysCtlPeripheralEnable) for SysCtlPeripheralEnable
    main.o(i.Init_PortF_Output) refers to gpio.o(i.GPIODirModeSet) for GPIODirModeSet
    main.o(i.Init_PortF_Output) refers to gpio.o(i.GPIOPadConfigSet) for GPIOPadConfigSet
    main.o(i.Switch1) refers to gpio.o(i.GPIOPinWrite) for GPIOPinWrite
    main.o(i.Switch1) refers to main.o(.data) for toggle
    main.o(i.Switch2) refers to gsm.o(i.GSMprocessMessage) for GSMprocessMessage
    main.o(i.main) refers to sysctl.o(i.SysCtlClockSet) for SysCtlClockSet
    main.o(i.main) refers to main.o(i.Init_PortF_Output) for Init_PortF_Output
    main.o(i.main) refers to main.o(i.Init_PortF_Input) for Init_PortF_Input
    main.o(i.main) refers to uart_handler.o(i.UART0_Init) for UART0_Init
    main.o(i.main) refers to uart_handler.o(i.UART2_Init) for UART2_Init
    main.o(i.main) refers to gsm.o(i.PowerOnGSM) for PowerOnGSM
    main.o(i.main) refers to interrupt.o(i.IntMasterEnable) for IntMasterEnable
    main.o(i.main) refers to uart_handler.o(i.UART0_SendString) for UART0_SendString
    main.o(i.main) refers to uart_handler.o(i.UART0_SendNewLine) for UART0_SendNewLine
    main.o(i.main) refers to main.o(i.delay) for delay
    gsm.o(i.GSMgetResponse) refers to pc_display.o(i.PC_Display_Message) for PC_Display_Message
    gsm.o(i.GSMgetResponse) refers to uart_handler.o(i.UART2_GetString) for UART2_GetString
    gsm.o(i.GSMgetResponse) refers to strtok.o(.text) for strtok
    gsm.o(i.GSMgetResponse) refers to strcpy.o(.text) for strcpy
    gsm.o(i.GSMgetResponse) refers to strncmp.o(.text) for strncmp
    gsm.o(i.GSMgetResponse) refers to gsm.o(.bss) for g_cInput
    gsm.o(i.GSMparseMessage) refers to strstr.o(.text) for strstr
    gsm.o(i.GSMparseMessage) refers to pc_display.o(i.PC_Display_Message) for PC_Display_Message
    gsm.o(i.GSMparseMessage) refers to strtok.o(.text) for strtok
    gsm.o(i.GSMparseMessage) refers to strcat.o(.text) for strcat
    gsm.o(i.GSMparseMessage) refers to gsm.o(.data) for msgContent
    gsm.o(i.GSMparseMessage) refers to gsm.o(.bss) for responseLine
    gsm.o(i.GSMprocessMessage) refers to _printf_percent.o(.ARM.Collect$$_printf_percent$$00000000) for _printf_percent
    gsm.o(i.GSMprocessMessage) refers to _printf_s.o(.ARM.Collect$$_printf_percent$$00000014) for _printf_s
    gsm.o(i.GSMprocessMessage) refers to _printf_str.o(.text) for _printf_str
    gsm.o(i.GSMprocessMessage) refers to gsm.o(i.SendCommandValue) for SendCommandValue
    gsm.o(i.GSMprocessMessage) refers to gsm.o(i.GSMgetResponse) for GSMgetResponse
    gsm.o(i.GSMprocessMessage) refers to gsm.o(i.GSMparseMessage) for GSMparseMessage
    gsm.o(i.GSMprocessMessage) refers to noretval__2sprintf.o(.text) for __2sprintf
    gsm.o(i.GSMprocessMessage) refers to strstr.o(.text) for strstr
    gsm.o(i.GSMprocessMessage) refers to pc_display.o(i.PC_Display_Message) for PC_Display_Message
    gsm.o(i.GSMprocessMessage) refers to gsm.o(.data) for msgContent
    gsm.o(i.PowerOnGSM) refers to rt_memclr_w.o(.text) for __aeabi_memclr4
    gsm.o(i.PowerOnGSM) refers to uart_handler.o(i.UART2_SendString) for UART2_SendString
    gsm.o(i.PowerOnGSM) refers to uart_handler.o(i.UART2_SendChar) for UART2_SendChar
    gsm.o(i.PowerOnGSM) refers to sysctl.o(i.SysCtlClockGet) for SysCtlClockGet
    gsm.o(i.PowerOnGSM) refers to sysctl.o(.emb_text) for SysCtlDelay
    gsm.o(i.PowerOnGSM) refers to uart.o(i.UARTCharGetNonBlocking) for UARTCharGetNonBlocking
[...]
    rtexit.o(.ARM.exidx) refers (Special) to rtexit2.o(.ARM.Collect$$rtexit$$00000002) for __rt_exit_prels_1
    rtexit.o(.ARM.exidx) refers to rtexit.o(.ARM.Collect$$rtexit$$00000000) for .ARM.Collect$$rtexit$$00000000
    libinit2.o(.ARM.Collect$$libinit$$00000001) refers to fpinit.o(x$fpl$fpinit) for _fp_init
    libinit2.o(.ARM.Collect$$libinit$$00000010) refers to libinit2.o(.ARM.Collect$$libinit$$0000000F) for .ARM.Collect$$libinit$$0000000F
    libinit2.o(.ARM.Collect$$libinit$$00000012) refers to libinit2.o(.ARM.Collect$$libinit$$0000000F) for .ARM.Collect$$libinit$$0000000F
    libinit2.o(.ARM.Collect$$libinit$$00000014) refers to libinit2.o(.ARM.Collect$$libinit$$0000000F) for .ARM.Collect$$libinit$$0000000F
    libinit2.o(.ARM.Collect$$libinit$$00000016) refers to libinit2.o(.ARM.Collect$$libinit$$0000000F) for .ARM.Collect$$libinit$$0000000F
    libinit2.o(.ARM.Collect$$libinit$$00000018) refers to libinit2.o(.ARM.Collect$$libinit$$0000000F) for .ARM.Collect$$libinit$$0000000F
    libinit2.o(.ARM.Collect$$libinit$$00000026) refers to argv_veneer.o(.emb_text) for __ARM_argv_veneer
    libinit2.o(.ARM.Collect$$libinit$$00000027) refers to argv_veneer.o(.emb_text) for __ARM_argv_veneer
    rtexit2.o(.ARM.Collect$$rtexit$$00000003) refers to libshutdown.o(.ARM.Collect$$libshutdown$$00000000) for __rt_lib_shutdown
    rtexit2.o(.ARM.Collect$$rtexit$$00000004) refers to sys_exit.o(.text) for _sys_exit
    rtexit2.o(.ARM.exidx) refers to rtexit2.o(.ARM.Collect$$rtexit$$00000001) for .ARM.Collect$$rtexit$$00000001
    rtexit2.o(.ARM.exidx) refers to rtexit2.o(.ARM.Collect$$rtexit$$00000003) for .ARM.Collect$$rtexit$$00000003
    rtexit2.o(.ARM.exidx) refers to rtexit2.o(.ARM.Collect$$rtexit$$00000004) for .ARM.Collect$$rtexit$$00000004
    argv_veneer.o(.emb_text) refers to no_argv.o(.text) for __ARM_get_argv
    sys_exit.o(.text) refers (Special) to use_no_semi.o(.text) for __I$use$semihosting
    sys_exit.o(.text) refers (Special) to indicate_semi.o(.text) for __semihosting_library_function
    _get_argv_nomalloc.o(.text) refers (Special) to hrguard.o(.text) for __heap_region$guard
    _get_argv_nomalloc.o(.text) refers to defsig_rtmem_outer.o(.text) for __rt_SIGRTMEM
    _get_argv_nomalloc.o(.text) refers to sys_command.o(.text) for _sys_command_string
    libshutdown.o(.ARM.Collect$$libshutdown$$00000000) refers (Special) to libshutdown2.o(.ARM.Collect$$libshutdown$$00000002) for __rt_lib_shutdown_cpp_1
    libshutdown.o(.ARM.Collect$$libshutdown$$00000000) refers (Special) to libshutdown2.o(.ARM.Collect$$libshutdown$$00000007) for __rt_lib_shutdown_fp_trap_1
    libshutdown.o(.ARM.Collect$$libshutdown$$00000000) refers (Special) to libshutdown2.o(.ARM.Collect$$libshutdown$$0000000F) for __rt_lib_shutdown_heap_1
    libshutdown.o(.ARM.Collect$$libshutdown$$00000000) refers (Special) to libshutdown2.o(.ARM.Collect$$libshutdown$$00000010) for __rt_lib_shutdown_return
    libshutdown.o(.ARM.Collect$$libshutdown$$00000000) refers (Special) to libshutdown2.o(.ARM.Collect$$libshutdown$$0000000A) for __rt_lib_shutdown_signal_1
    libshutdown.o(.ARM.Collect$$libshutdown$$00000000) refers (Special) to libshutdown2.o(.ARM.Collect$$libshutdown$$00000004) for __rt_lib_shutdown_stdio_1
    libshutdown.o(.ARM.Collect$$libshutdown$$00000000) refers (Special) to libshutdown2.o(.ARM.Collect$$libshutdown$$0000000C) for __rt_lib_shutdown_user_alloc_1
    sys_command.o(.text) refers (Special) to use_no_semi.o(.text) for __I$use$semihosting
    sys_command.o(.text) refers (Special) to indicate_semi.o(.text) for __semihosting_library_function
    defsig_rtmem_outer.o(.text) refers to defsig_rtmem_inner.o(.text) for __rt_SIGRTMEM_inner
    defsig_rtmem_outer.o(.text) refers to defsig_exit.o(.text) for __sig_exit
    defsig_rtmem_formal.o(.text) refers to rt_raise.o(.text) for __rt_raise
    rt_raise.o(.text) refers to __raise.o(.text) for __raise
    rt_raise.o(.text) refers to sys_exit.o(.text) for _sys_exit
    defsig_exit.o(.text) refers to sys_exit.o(.text) for _sys_exit
    defsig_rtmem_inner.o(.text) refers to defsig_general.o(.text) for __default_signal_display
    __raise.o(.text) refers to defsig.o(CL$$defsig) for __default_signal_handler
    defsig_general.o(.text) refers to sys_wrch.o(.text) for _ttywrch
    sys_wrch.o(.text) refers (Special) to use_no_semi.o(.text) for __I$use$semihosting
    sys_wrch.o(.text) refers (Special) to indicate_semi.o(.text) for __semihosting_library_function
    defsig.o(CL$$defsig) refers to defsig_rtmem_inner.o(.text) for __rt_SIGRTMEM_inner
    defsig_abrt_inner.o(.text) refers to defsig_general.o(.text) for __default_signal_display
    defsig_fpe_inner.o(.text) refers to defsig_general.o(.text) for __default_signal_display
    defsig_rtred_inner.o(.text) refers to defsig_general.o(.text) for __default_signal_display
    defsig_stak_inner.o(.text) refers to defsig_general.o(.text) for __default_signal_display
    defsig_pvfn_inner.o(.text) refers to defsig_general.o(.text) for __default_signal_display
    defsig_cppl_inner.o(.text) refers to defsig_general.o(.text) for __default_signal_display
    defsig_segv_inner.o(.text) refers to defsig_general.o(.text) for __default_signal_display
    defsig_other.o(.text) refers to defsig_general.o(.text) for __default_signal_display


==============================================================================

Removing Unused input sections from the image.

    Removing gsm.o(i.GSMprocessMessageNew), (2 bytes).
    Removing gsm.o(i.SendCommandString), (26 bytes).
    Removing uart_handler.o(i.UART0_GetChar), (16 bytes).
    Removing uart_handler.o(i.UART0_GetString), (70 bytes).
    Removing uart_handler.o(i.UART0_GetUDecimal), (76 bytes).
    Removing uart_handler.o(i.UART0_GetUHex), (108 bytes).
    Removing uart_handler.o(i.UART0_SendDecimal), (30 bytes).
    Removing uart_handler.o(i.UART0_SendFloat2), (90 bytes).
    Removing uart_handler.o(i.UART0_SendFloat3), (98 bytes).
    Removing uart_handler.o(i.UART0_SendUHex), (52 bytes).
    Removing uart_handler.o(i.UART2_GetUDecimal), (76 bytes).
    Removing uart_handler.o(i.UART2_GetUHex), (108 bytes).
    Removing uart_handler.o(i.UART2_SendDecimal), (32 bytes).
    Removing uart_handler.o(i.UART2_SendNewLine), (16 bytes).
    Removing uart_handler.o(i.UART2_SendUHex), (52 bytes).
    Removing system_tm4c123.o(.rev16_text), (4 bytes).
    Removing system_tm4c123.o(.revsh_text), (4 bytes).
    Removing system_tm4c123.o(.rrx_text), (6 bytes).
    Removing system_tm4c123.o(i.SystemCoreClockUpdate), (196 bytes).
    Removing system_tm4c123.o(i.SystemInit), (136 bytes).
    Removing system_tm4c123.o(i.getOscClk), (244 bytes).
    Removing system_tm4c123.o(.data), (4 bytes).
    Removing gpio.o(i.GPIOADCTriggerDisable), (14 bytes).
    Removing gpio.o(i.GPIOADCTriggerEnable), (12 bytes).
    Removing gpio.o(i.GPIODMATriggerDisable), (14 bytes).
    Removing gpio.o(i.GPIODMATriggerEnable), (12 bytes).
    Removing gpio.o(i.GPIODirModeGet), (34 bytes).
    Removing gpio.o(i.GPIOIntRegister), (88 bytes).
    Removing gpio.o(i.GPIOIntStatus), (14 bytes).
    Removing gpio.o(i.GPIOIntTypeGet), (68 bytes).
    Removing gpio.o(i.GPIOIntUnregister), (88 bytes).
    Removing gpio.o(i.GPIOPadConfigGet), (204 bytes).
    Removing gpio.o(i.GPIOPinTypeADC), (28 bytes).
    Removing gpio.o(i.GPIOPinTypeCAN), (28 bytes).
    Removing gpio.o(i.GPIOPinTypeCIR), (28 bytes).
    Removing gpio.o(i.GPIOPinTypeComparator), (28 bytes).
    Removing gpio.o(i.GPIOPinTypeComparatorOutput), (28 bytes).
    Removing gpio.o(i.GPIOPinTypeEPI), (28 bytes).
    Removing gpio.o(i.GPIOPinTypeEthernetLED), (28 bytes).
    Removing gpio.o(i.GPIOPinTypeEthernetMII), (28 bytes).
    Removing gpio.o(i.GPIOPinTypeGPIOInput), (28 bytes).
    Removing gpio.o(i.GPIOPinTypeGPIOOutput), (28 bytes).
    Removing gpio.o(i.GPIOPinTypeGPIOOutputOD), (28 bytes).
    Removing gpio.o(i.GPIOPinTypeI2C), (28 bytes).
    Removing gpio.o(i.GPIOPinTypeI2CSCL), (28 bytes).
    Removing gpio.o(i.GPIOPinTypeKBColumn), (28 bytes).
    Removing gpio.o(i.GPIOPinTypeKBRow), (28 bytes).
    Removing gpio.o(i.GPIOPinTypeLCD), (28 bytes).
    Removing gpio.o(i.GPIOPinTypeLEDSeq), (28 bytes).
    Removing gpio.o(i.GPIOPinTypeLPC), (28 bytes).
    Removing gpio.o(i.GPIOPinTypePECIRx), (28 bytes).
    Removing gpio.o(i.GPIOPinTypePECITx), (28 bytes).
    Removing gpio.o(i.GPIOPinTypePWM), (28 bytes).
    Removing gpio.o(i.GPIOPinTypeQEI), (28 bytes).
    Removing gpio.o(i.GPIOPinTypeSSI), (28 bytes).
    Removing gpio.o(i.GPIOPinTypeTimer), (28 bytes).
    Removing gpio.o(i.GPIOPinTypeUSBAnalog), (28 bytes).
    Removing gpio.o(i.GPIOPinTypeUSBDigital), (28 bytes).
    Removing gpio.o(i.GPIOPinTypeWakeHigh), (30 bytes).
    Removing gpio.o(i.GPIOPinTypeWakeLow), (30 bytes).
    Removing gpio.o(i.GPIOPinWakeStatus), (6 bytes).
    Removing interrupt.o(i.IntIsEnabled), (96 bytes).
    Removing interrupt.o(i.IntMasterDisable), (14 bytes).
    Removing interrupt.o(i.IntPendClear), (68 bytes).
    Removing interrupt.o(i.IntPendSet), (84 bytes).
    Removing interrupt.o(i.IntPriorityGet), (28 bytes).
    Removing interrupt.o(i.IntPriorityGroupingGet), (36 bytes).
    Removing interrupt.o(i.IntPriorityGroupingSet), (28 bytes).
    Removing interrupt.o(i.IntPriorityMaskGet), (4 bytes).
    Removing interrupt.o(i.IntPriorityMaskSet), (4 bytes).
    Removing interrupt.o(i.IntRegister), (52 bytes).
    Removing interrupt.o(i.IntTrigger), (12 bytes).
    Removing interrupt.o(i.IntUnregister), (20 bytes).
    Removing interrupt.o(i._IntDefaultHandler), (2 bytes).
    Removing interrupt.o(vtable), (620 bytes).
    Removing sysctl.o(i.SysCtlAltClkConfig), (12 bytes).
    Removing sysctl.o(i.SysCtlClockFreqSet), (712 bytes).
    Removing sysctl.o(i.SysCtlClockOutConfig), (20 bytes).
    Removing sysctl.o(i.SysCtlDeepSleep), (32 bytes).
    Removing sysctl.o(i.SysCtlDeepSleepClockConfigSet), (112 bytes).
    Removing sysctl.o(i.SysCtlDeepSleepClockSet), (12 bytes).
    Removing sysctl.o(i.SysCtlDeepSleepPowerSet), (12 bytes).
    Removing sysctl.o(i.SysCtlFlashSectorSizeGet), (56 bytes).
    Removing sysctl.o(i.SysCtlFlashSizeGet), (56 bytes).
    Removing sysctl.o(i.SysCtlGPIOAHBDisable), (28 bytes).
    Removing sysctl.o(i.SysCtlGPIOAHBEnable), (24 bytes).
    Removing sysctl.o(i.SysCtlIntClear), (12 bytes).
    Removing sysctl.o(i.SysCtlIntDisable), (16 bytes).
    Removing sysctl.o(i.SysCtlIntEnable), (16 bytes).
    Removing sysctl.o(i.SysCtlIntRegister), (20 bytes).
    Removing sysctl.o(i.SysCtlIntStatus), (16 bytes).
    Removing sysctl.o(i.SysCtlIntUnregister), (18 bytes).
    Removing sysctl.o(i.SysCtlLDODeepSleepGet), (12 bytes).
    Removing sysctl.o(i.SysCtlLDODeepSleepSet), (12 bytes).
    Removing sysctl.o(i.SysCtlLDOSleepGet), (12 bytes).
    Removing sysctl.o(i.SysCtlLDOSleepSet), (12 bytes).
    Removing sysctl.o(i.SysCtlMOSCConfigSet), (12 bytes).
    Removing sysctl.o(i.SysCtlNMIClear), (16 bytes).
    Removing sysctl.o(i.SysCtlNMIStatus), (12 bytes).
    Removing sysctl.o(i.SysCtlPIOSCCalibrate), (76 bytes).
    Removing sysctl.o(i.SysCtlPWMClockGet), (24 bytes).
    Removing sysctl.o(i.SysCtlPWMClockSet), (20 bytes).
    Removing sysctl.o(i.SysCtlPeripheralClockGating), (68 bytes).
    Removing sysctl.o(i.SysCtlPeripheralDeepSleepDisable), (40 bytes).
    Removing sysctl.o(i.SysCtlPeripheralDeepSleepEnable), (40 bytes).
    Removing sysctl.o(i.SysCtlPeripheralDisable), (40 bytes).
    Removing sysctl.o(i.SysCtlPeripheralPowerOff), (40 bytes).
    Removing sysctl.o(i.SysCtlPeripheralPowerOn), (40 bytes).
    Removing sysctl.o(i.SysCtlPeripheralPresent), (44 bytes).
    Removing sysctl.o(i.SysCtlPeripheralReset), (60 bytes).
    Removing sysctl.o(i.SysCtlPeripheralSleepDisable), (40 bytes).
    Removing sysctl.o(i.SysCtlPeripheralSleepEnable), (40 bytes).
    Removing sysctl.o(i.SysCtlReset), (16 bytes).
    Removing sysctl.o(i.SysCtlResetBehaviorGet), (12 bytes).
    Removing sysctl.o(i.SysCtlResetBehaviorSet), (12 bytes).
    Removing sysctl.o(i.SysCtlResetCauseClear), (16 bytes).
    Removing sysctl.o(i.SysCtlResetCauseGet), (12 bytes).
    Removing sysctl.o(i.SysCtlSRAMSizeGet), (16 bytes).
    Removing sysctl.o(i.SysCtlSleep), (4 bytes).
    Removing sysctl.o(i.SysCtlSleepPowerSet), (12 bytes).
    Removing sysctl.o(i.SysCtlUSBPLLDisable), (16 bytes).
    Removing sysctl.o(i.SysCtlUSBPLLEnable), (16 bytes).
    Removing sysctl.o(i.SysCtlVoltageEventClear), (16 bytes).
    Removing sysctl.o(i.SysCtlVoltageEventConfig), (12 bytes).
    Removing sysctl.o(i.SysCtlVoltageEventStatus), (12 bytes).
    Removing uart.o(i.UART9BitAddrSend), (38 bytes).
    Removing uart.o(i.UART9BitAddrSet), (10 bytes).
    Removing uart.o(i.UART9BitDisable), (14 bytes).
    Removing uart.o(i.UART9BitEnable), (14 bytes).
    Removing uart.o(i.UARTBreakCtl), (18 bytes).
    Removing uart.o(i.UARTBusy), (8 bytes).
    Removing uart.o(i.UARTCharPutNonBlocking), (16 bytes).
    Removing uart.o(i.UARTCharsAvail), (10 bytes).
    Removing uart.o(i.UARTClockSourceGet), (6 bytes).
    Removing uart.o(i.UARTDMADisable), (10 bytes).
    Removing uart.o(i.UARTDMAEnable), (8 bytes).
    Removing uart.o(i.UARTDisableSIR), (10 bytes).
    Removing uart.o(i.UARTEnableSIR), (18 bytes).
    Removing uart.o(i.UARTFIFODisable), (10 bytes).
    Removing uart.o(i.UARTFIFOLevelGet), (16 bytes).
    Removing uart.o(i.UARTFIFOLevelSet), (6 bytes).
    Removing uart.o(i.UARTFlowControlGet), (8 bytes).
    Removing uart.o(i.UARTFlowControlSet), (12 bytes).
    Removing uart.o(i.UARTIntClear), (4 bytes).
    Removing uart.o(i.UARTIntDisable), (10 bytes).
    Removing uart.o(i.UARTIntEnable), (8 bytes).
    Removing uart.o(i.UARTIntRegister), (88 bytes).
    Removing uart.o(i.UARTIntStatus), (10 bytes).
    Removing uart.o(i.UARTIntUnregister), (88 bytes).
    Removing uart.o(i.UARTModemControlClear), (14 bytes).
    Removing uart.o(i.UARTModemControlGet), (8 bytes).
    Removing uart.o(i.UARTModemControlSet), (12 bytes).
    Removing uart.o(i.UARTModemStatusGet), (10 bytes).
    Removing uart.o(i.UARTParityModeGet), (8 bytes).
    Removing uart.o(i.UARTRxErrorClear), (6 bytes).
    Removing uart.o(i.UARTRxErrorGet), (8 bytes).
    Removing uart.o(i.UARTSmartCardDisable), (10 bytes).
    Removing uart.o(i.UARTSmartCardEnable), (22 bytes).
    Removing uart.o(i.UARTSpaceAvail), (10 bytes).
    Removing uart.o(i.UARTTxIntModeGet), (8 bytes).
    Removing uart.o(i.UARTTxIntModeSet), (12 bytes).
    Removing uart.o(.constdata), (128 bytes).

162 unused section(s) (total 6558 bytes) removed from the image.

==============================================================================

Image Symbol Table

    Local Symbols

    Symbol Name                              Value     Ov Type        Size  Object(Section)

    RESET                                    0x00000000   Section      620  startup_tm4c123.o(RESET)
    ../clib/angel/boardlib.s                 0x00000000   Number         0  boardinit3.o ABSOLUTE
    ../clib/angel/boardlib.s                 0x00000000   Number         0  boardshut.o ABSOLUTE
    ../clib/angel/boardlib.s                 0x00000000   Number         0  boardinit1.o ABSOLUTE
    ../clib/angel/boardlib.s                 0x00000000   Number         0  boardinit2.o ABSOLUTE
    ../clib/angel/handlers.s                 0x00000000   Number         0  __scatter_zi.o ABSOLUTE
    ../clib/angel/handlers.s                 0x00000000   Number         0  __scatter_copy.o ABSOLUTE
    ../clib/angel/kernel.s                   0x00000000   Number         0  __rtentry4.o ABSOLUTE
    ../clib/angel/kernel.s                   0x00000000   Number         0  __rtentry2.o ABSOLUTE
    ../clib/angel/kernel.s                   0x00000000   Number         0  __rtentry.o ABSOLUTE
    ../clib/angel/kernel.s                   0x00000000   Number         0  rtexit2.o ABSOLUTE
    ../clib/angel/kernel.s                   0x00000000   Number         0  rtexit.o ABSOLUTE
    ../clib/angel/rt.s                       0x00000000   Number         0  rt_raise.o ABSOLUTE
    ../clib/angel/scatter.s                  0x00000000   Number         0  __scatter.o ABSOLUTE
    ../clib/angel/startup.s                  0x00000000   Number         0  __main.o ABSOLUTE
    ../clib/angel/sys.s                      0x00000000   Number         0  use_no_semi.o ABSOLUTE
    ../clib/angel/sys.s                      0x00000000   Number         0  libspace.o ABSOLUTE
    ../clib/angel/sys.s                      0x00000000   Number         0  indicate_semi.o ABSOLUTE
    ../clib/angel/sys.s                      0x00000000   Number         0  sys_stackheap_outer.o ABSOLUTE
    ../clib/angel/sysapp.c                   0x00000000   Number         0  sys_exit.o ABSOLUTE
    ../clib/angel/sysapp.c                   0x00000000   Number         0  sys_command.o ABSOLUTE
    ../clib/angel/sysapp.c                   0x00000000   Number         0  sys_wrch.o ABSOLUTE
    ../clib/armsys.c                         0x00000000   Number         0  argv_veneer.o ABSOLUTE
    ../clib/armsys.c                         0x00000000   Number         0  no_argv.o ABSOLUTE
    ../clib/armsys.c                         0x00000000   Number         0  _get_argv_nomalloc.o ABSOLUTE
    ../clib/armsys.c                         0x00000000   Number         0  argv_veneer.o ABSOLUTE
    ../clib/heapalloc.c                      0x00000000   Number         0  hrguard.o ABSOLUTE
    ../clib/heapaux.c                        0x00000000   Number         0  heapauxi.o ABSOLUTE
    ../clib/libinit.s                        0x00000000   Number         0  libshutdown2.o ABSOLUTE
    ../clib/libinit.s                        0x00000000   Number         0  libinit2.o ABSOLUTE
    ../clib/libinit.s                        0x00000000   Number         0  libinit.o ABSOLUTE
    ../clib/libinit.s                        0x00000000   Number         0  libshutdown.o ABSOLUTE
    ../clib/memcpset.s                       0x00000000   Number         0  rt_memclr_w.o ABSOLUTE
    ../clib/printf.c                         0x00000000   Number         0  __printf_flags.o ABSOLUTE
    ../clib/printf.c                         0x00000000   Number         0  _printf_str.o ABSOLUTE
    ../clib/printf.c                         0x00000000   Number         0  __printf.o ABSOLUTE
    ../clib/printf.c                         0x00000000   Number         0  noretval__2sprintf.o ABSOLUTE
    ../clib/printf.c                         0x00000000   Number         0  __2sprintf.o ABSOLUTE
    ../clib/printf.c                         0x00000000   Number         0  _printf_char_common.o ABSOLUTE
    ../clib/printf.c                         0x00000000   Number         0  _sputc.o ABSOLUTE
    ../clib/printf.c                         0x00000000   Number         0  _printf_char.o ABSOLUTE
    ../clib/printf.c                         0x00000000   Number         0  __printf_nopercent.o ABSOLUTE
    ../clib/printf.c                         0x00000000   Number         0  __printf_flags_ss_wp.o ABSOLUTE
    ../clib/printf.c                         0x00000000   Number         0  __printf_ss_wp.o ABSOLUTE
    ../clib/printf.c                         0x00000000   Number         0  __printf_flags_wp.o ABSOLUTE
    ../clib/printf.c                         0x00000000   Number         0  __printf_wp.o ABSOLUTE
    ../clib/printf.c                         0x00000000   Number         0  __printf_flags_ss.o ABSOLUTE
    ../clib/printf.c                         0x00000000   Number         0  __printf_ss.o ABSOLUTE
    ../clib/printf_percent.s                 0x00000000   Number         0  _printf_percent_end.o ABSOLUTE
    ../clib/printf_percent.s                 0x00000000   Number         0  _printf_percent.o ABSOLUTE
    ../clib/printf_percent.s                 0x00000000   Number         0  _printf_s.o ABSOLUTE
    ../clib/signal.c                         0x00000000   Number         0  defsig_general.o ABSOLUTE
    ../clib/signal.c                         0x00000000   Number         0  defsig_abrt_inner.o ABSOLUTE
    ../clib/signal.c                         0x00000000   Number         0  defsig_fpe_inner.o ABSOLUTE
    ../clib/signal.c                         0x00000000   Number         0  defsig_rtred_inner.o ABSOLUTE
    ../clib/signal.c                         0x00000000   Number         0  defsig_stak_inner.o ABSOLUTE
    ../clib/signal.c                         0x00000000   Number         0  defsig_pvfn_inner.o ABSOLUTE
    ../clib/signal.c                         0x00000000   Number         0  defsig_cppl_inner.o ABSOLUTE
    ../clib/signal.c                         0x00000000   Number         0  defsig_rtmem_formal.o ABSOLUTE
    ../clib/signal.c                         0x00000000   Number         0  defsig_segv_inner.o ABSOLUTE
    ../clib/signal.c                         0x00000000   Number         0  defsig_rtmem_outer.o ABSOLUTE
    ../clib/signal.c                         0x00000000   Number         0  defsig_other.o ABSOLUTE
    ../clib/signal.c                         0x00000000   Number         0  defsig_rtmem_inner.o ABSOLUTE
    ../clib/signal.c                         0x00000000   Number         0  defsig_exit.o ABSOLUTE
    ../clib/signal.c                         0x00000000   Number         0  __raise.o ABSOLUTE
    ../clib/signal.s                         0x00000000   Number         0  defsig.o ABSOLUTE
    ../clib/stdlib.c                         0x00000000   Number         0  exit.o ABSOLUTE
    ../clib/string.c                         0x00000000   Number         0  strstr.o ABSOLUTE
    ../clib/string.c                         0x00000000   Number         0  strtok_int.o ABSOLUTE
    ../clib/string.c                         0x00000000   Number         0  strcspn.o ABSOLUTE
    ../clib/string.c                         0x00000000   Number         0  strspn.o ABSOLUTE
    ../clib/string.c                         0x00000000   Number         0  strtok.o ABSOLUTE
    ../clib/string.c                         0x00000000   Number         0  strcpy.o ABSOLUTE
    ../clib/string.c                         0x00000000   Number         0  strcat.o ABSOLUTE
    ../clib/string.c                         0x00000000   Number         0  strncmp.o ABSOLUTE
    ../fplib/fpinit.s                        0x00000000   Number         0  fpinit.o ABSOLUTE
    GSM.c                                    0x00000000   Number         0  gsm.o ABSOLUTE
    RTE\Device\TM4C123GH6PM\startup_TM4C123.s 0x00000000   Number         0  startup_tm4c123.o ABSOLUTE
    RTE\Device\TM4C123GH6PM\system_TM4C123.c 0x00000000   Number         0  system_tm4c123.o ABSOLUTE
    RTE\\Device\\TM4C123GH6PM\\system_TM4C123.c 0x00000000   Number         0  system_tm4c123.o ABSOLUTE
    cpu.c                                    0x00000000   Number         0  cpu.o ABSOLUTE
    cpu.c                                    0x00000000   Number         0  cpu.o ABSOLUTE
    dc.s                                     0x00000000   Number         0  dc.o ABSOLUTE
    gpio.c                                   0x00000000   Number         0  gpio.o ABSOLUTE
    interrupt.c                              0x00000000   Number         0  interrupt.o ABSOLUTE
    main.c                                   0x00000000   Number         0  main.o ABSOLUTE
    pc_display.c                             0x00000000   Number         0  pc_display.o ABSOLUTE
    sysctl.c                                 0x00000000   Number         0  sysctl.o ABSOLUTE
    sysctl.c                                 0x00000000   Number         0  sysctl.o ABSOLUTE
    uart.c                                   0x00000000   Number         0  uart.o ABSOLUTE
    uart_handler.c                           0x00000000   Number         0  uart_handler.o ABSOLUTE
    !!!main                                  0x0000026c   Section        8  __main.o(!!!main)
    !!!scatter                               0x00000274   Section       52  __scatter.o(!!!scatter)
    !!handler_copy                           0x000002a8   Section       26  __scatter_copy.o(!!handler_copy)
    !!handler_zi                             0x000002c4   Section       28  __scatter_zi.o(!!handler_zi)
    .ARM.Collect$$_printf_percent$$00000000  0x000002e0   Section        0  _printf_percent.o(.ARM.Collect$$_printf_percent$$00000000)
    .ARM.Collect$$_printf_percent$$00000014  0x000002e0   Section        6  _printf_s.o(.ARM.Collect$$_printf_percent$$00000014)
    .ARM.Collect$$_printf_percent$$00000017  0x000002e6   Section        4  _printf_percent_end.o(.ARM.Collect$$_printf_percent$$00000017)
    .ARM.Collect$$libinit$$00000000          0x000002ea   Section        2  libinit.o(.ARM.Collect$$libinit$$00000000)
    .ARM.Collect$$libinit$$00000001          0x000002ec   Section        4  libinit2.o(.ARM.Collect$$libinit$$00000001)
    .ARM.Collect$$libinit$$00000004          0x000002f0   Section        0  libinit2.o(.ARM.Collect$$libinit$$00000004)
    .ARM.Collect$$libinit$$0000000A          0x000002f0   Section        0  libinit2.o(.ARM.Collect$$libinit$$0000000A)
    .ARM.Collect$$libinit$$0000000C          0x000002f0   Section        0  libinit2.o(.ARM.Collect$$libinit$$0000000C)
    .ARM.Collect$$libinit$$0000000E          0x000002f0   Section        0  libinit2.o(.ARM.Collect$$libinit$$0000000E)
    .ARM.Collect$$libinit$$00000011          0x000002f0   Section        0  libinit2.o(.ARM.Collect$$libinit$$00000011)
    .ARM.Collect$$libinit$$00000013          0x000002f0   Section        0  libinit2.o(.ARM.Collect$$libinit$$00000013)
    .ARM.Collect$$libinit$$00000015          0x000002f0   Section        0  libinit2.o(.ARM.Collect$$libinit$$00000015)
    .ARM.Collect$$libinit$$00000017          0x000002f0   Section        0  libinit2.o(.ARM.Collect$$libinit$$00000017)
    .ARM.Collect$$libinit$$00000019          0x000002f0   Section        0  libinit2.o(.ARM.Collect$$libinit$$00000019)
    .ARM.Collect$$libinit$$0000001B          0x000002f0   Section        0  libinit2.o(.ARM.Collect$$libinit$$0000001B)
    .ARM.Collect$$libinit$$0000001D          0x000002f0   Section        0  libinit2.o(.ARM.Collect$$libinit$$0000001D)
    .ARM.Collect$$libinit$$0000001F          0x000002f0   Section        0  libinit2.o(.ARM.Collect$$libinit$$0000001F)
    .ARM.Collect$$libinit$$00000021          0x000002f0   Section        0  libinit2.o(.ARM.Collect$$libinit$$00000021)
    .ARM.Collect$$libinit$$00000023          0x000002f0   Section        0  libinit2.o(.ARM.Collect$$libinit$$00000023)
    .ARM.Collect$$libinit$$00000025          0x000002f0   Section        0  libinit2.o(.ARM.Collect$$libinit$$00000025)
    .ARM.Collect$$libinit$$0000002C          0x000002f0   Section        0  libinit2.o(.ARM.Collect$$libinit$$0000002C)
    .ARM.Collect$$libinit$$0000002E          0x000002f0   Section        0  libinit2.o(.ARM.Collect$$libinit$$0000002E)
    .ARM.Collect$$libinit$$00000030          0x000002f0   Section        0  libinit2.o(.ARM.Collect$$libinit$$00000030)
    .ARM.Collect$$libinit$$00000032          0x000002f0   Section        0  libinit2.o(.ARM.Collect$$libinit$$00000032)
    .ARM.Collect$$libinit$$00000033          0x000002f0   Section        2  libinit2.o(.ARM.Collect$$libinit$$00000033)
    .ARM.Collect$$libshutdown$$00000000      0x000002f2   Section        2  libshutdown.o(.ARM.Collect$$libshutdown$$00000000)
    .ARM.Collect$$libshutdown$$00000002      0x000002f4   Section        0  libshutdown2.o(.ARM.Collect$$libshutdown$$00000002)
    .ARM.Collect$$libshutdown$$00000004      0x000002f4   Section        0  libshutdown2.o(.ARM.Collect$$libshutdown$$00000004)
    .ARM.Collect$$libshutdown$$00000007      0x000002f4   Section        0  libshutdown2.o(.ARM.Collect$$libshutdown$$00000007)
    .ARM.Collect$$libshutdown$$0000000A      0x000002f4   Section        0  libshutdown2.o(.ARM.Collect$$libshutdown$$0000000A)
    .ARM.Collect$$libshutdown$$0000000C      0x000002f4   Section        0  libshutdown2.o(.ARM.Collect$$libshutdown$$0000000C)
    .ARM.Collect$$libshutdown$$0000000F      0x000002f4   Section        0  libshutdown2.o(.ARM.Collect$$libshutdown$$0000000F)
    .ARM.Collect$$libshutdown$$00000010      0x000002f4   Section        2  libshutdown2.o(.ARM.Collect$$libshutdown$$00000010)
    .ARM.Collect$$rtentry$$00000000          0x000002f6   Section        0  __rtentry.o(.ARM.Collect$$rtentry$$00000000)
    .ARM.Collect$$rtentry$$00000002          0x000002f6   Section        0  __rtentry2.o(.ARM.Collect$$rtentry$$00000002)
    .ARM.Collect$$rtentry$$00000004          0x000002f6   Section        6  __rtentry4.o(.ARM.Collect$$rtentry$$00000004)
    .ARM.Collect$$rtentry$$00000009          0x000002fc   Section        0  __rtentry2.o(.ARM.Collect$$rtentry$$00000009)
    .ARM.Collect$$rtentry$$0000000A          0x000002fc   Section        4  __rtentry2.o(.ARM.Collect$$rtentry$$0000000A)
    .ARM.Collect$$rtentry$$0000000C          0x00000300   Section        0  __rtentry2.o(.ARM.Collect$$rtentry$$0000000C)
    .ARM.Collect$$rtentry$$0000000D          0x00000300   Section        8  __rtentry2.o(.ARM.Collect$$rtentry$$0000000D)
    .ARM.Collect$$rtexit$$00000000           0x00000308   Section        2  rtexit.o(.ARM.Collect$$rtexit$$00000000)
    .ARM.Collect$$rtexit$$00000002           0x0000030a   Section        0  rtexit2.o(.ARM.Collect$$rtexit$$00000002)
    .ARM.Collect$$rtexit$$00000003           0x0000030a   Section        4  rtexit2.o(.ARM.Collect$$rtexit$$00000003)
    .ARM.Collect$$rtexit$$00000004           0x0000030e   Section        6  rtexit2.o(.ARM.Collect$$rtexit$$00000004)
    .emb_text                                0x00000314   Section        6  sysctl.o(.emb_text)
    $v0                                      0x00000314   Number         0  sysctl.o(.emb_text)
    .emb_text                                0x0000031c   Section       38  cpu.o(.emb_text)
    $v0                                      0x0000031c   Number         0  cpu.o(.emb_text)
    .text                                    0x00000344   Section       88  startup_tm4c123.o(.text)
    .text                                    0x0000039c   Section        0  noretval__2sprintf.o(.text)
    .text                                    0x000003c4   Section        0  __printf.o(.text)
    .text                                    0x0000042c   Section        0  _printf_str.o(.text)
    .text                                    0x00000480   Section        0  strtok.o(.text)
    .text                                    0x0000048c   Section        0  strstr.o(.text)
    .text                                    0x000004b0   Section        0  strcpy.o(.text)
    .text                                    0x000004f8   Section        0  strncmp.o(.text)
    .text                                    0x0000058e   Section        0  strcat.o(.text)
    .text                                    0x000005a6   Section       78  rt_memclr_w.o(.text)
    .text                                    0x000005f4   Section        0  heapauxi.o(.text)
    .text                                    0x000005fc   Section        0  _printf_char_common.o(.text)
    _printf_input_char                       0x000005fd   Thumb Code    10  _printf_char_common.o(.text)
    .text                                    0x0000062c   Section        0  _sputc.o(.text)
    .text                                    0x00000636   Section        0  _printf_char.o(.text)
    .text                                    0x00000664   Section        0  strtok_int.o(.text)
    .text                                    0x000006a8   Section        0  strcspn.o(.text)
    .text                                    0x000006c8   Section        0  strspn.o(.text)
    .text                                    0x000006e4   Section       74  sys_stackheap_outer.o(.text)
    .text                                    0x0000072e   Section        0  exit.o(.text)
    .text                                    0x00000740   Section        8  libspace.o(.text)
    .text                                    0x00000748   Section        0  sys_exit.o(.text)
    .text                                    0x00000754   Section        2  use_no_semi.o(.text)
    .text                                    0x00000756   Section        0  indicate_semi.o(.text)
    i.GPIODirModeSet                         0x00000756   Section        0  gpio.o(i.GPIODirModeSet)
    i.GPIOIntClear                           0x0000077e   Section        0  gpio.o(i.GPIOIntClear)
    i.GPIOIntDisable                         0x00000784   Section        0  gpio.o(i.GPIOIntDisable)
    i.GPIOIntEnable                          0x00000792   Section        0  gpio.o(i.GPIOIntEnable)
    i.GPIOIntTypeSet                         0x0000079e   Section        0  gpio.o(i.GPIOIntTypeSet)
    i.GPIOPadConfigSet                       0x000007ee   Section        0  gpio.o(i.GPIOPadConfigSet)
    i.GPIOPinConfigure                       0x00000928   Section        0  gpio.o(i.GPIOPinConfigure)
    i.GPIOPinRead                            0x0000096c   Section        0  gpio.o(i.GPIOPinRead)
    i.GPIOPinTypeUART                        0x00000972   Section        0  gpio.o(i.GPIOPinTypeUART)
    i.GPIOPinWrite                           0x0000098e   Section        0  gpio.o(i.GPIOPinWrite)
    i.GPIOPortF_Handler                      0x00000994   Section        0  main.o(i.GPIOPortF_Handler)
    i.GSMgetResponse                         0x000009dc   Section        0  gsm.o(i.GSMgetResponse)
    i.GSMparseMessage                        0x00000a8c   Section        0  gsm.o(i.GSMparseMessage)
    i.GSMprocessMessage                      0x00000bc4   Section        0  gsm.o(i.GSMprocessMessage)
    i.Init_PortF_Input                       0x00000d90   Section        0  main.o(i.Init_PortF_Input)
    i.Init_PortF_Output                      0x00000e00   Section        0  main.o(i.Init_PortF_Output)
    i.IntDisable                             0x00000e44   Section        0  interrupt.o(i.IntDisable)
    i.IntEnable                              0x00000ea8   Section        0  interrupt.o(i.IntEnable)
    i.IntMasterEnable                        0x00000f0c   Section        0  interrupt.o(i.IntMasterEnable)
    i.IntPrioritySet                         0x00000f1c   Section        0  interrupt.o(i.IntPrioritySet)
    i.PC_Display_Message                     0x00000f44   Section        0  pc_display.o(i.PC_Display_Message)
    i.PowerOnGSM                             0x00000f64   Section        0  gsm.o(i.PowerOnGSM)
    i.SendCommandValue                       0x00001038   Section        0  gsm.o(i.SendCommandValue)
    i.Switch1                                0x00001054   Section        0  main.o(i.Switch1)
    i.Switch2                                0x00001078   Section        0  main.o(i.Switch2)
    i.SysCtlClockGet                         0x00001084   Section        0  sysctl.o(i.SysCtlClockGet)
    i.SysCtlClockSet                         0x000011d8   Section        0  sysctl.o(i.SysCtlClockSet)
    i.SysCtlPeripheralEnable                 0x000012f8   Section        0  sysctl.o(i.SysCtlPeripheralEnable)
    i.SysCtlPeripheralReady                  0x00001320   Section        0  sysctl.o(i.SysCtlPeripheralReady)
    i.UART0_Init                             0x0000134c   Section        0  uart_handler.o(i.UART0_Init)
    i.UART0_SendChar                         0x000013c8   Section        0  uart_handler.o(i.UART0_SendChar)
    i.UART0_SendNewLine                      0x000013dc   Section        0  uart_handler.o(i.UART0_SendNewLine)
    i.UART0_SendString                       0x000013ec   Section        0  uart_handler.o(i.UART0_SendString)
    i.UART0_SendUDecimal                     0x00001402   Section        0  uart_handler.o(i.UART0_SendUDecimal)
    i.UART2_GetChar                          0x0000142c   Section        0  uart_handler.o(i.UART2_GetChar)
    i.UART2_GetString                        0x0000143c   Section        0  uart_handler.o(i.UART2_GetString)
    i.UART2_Init                             0x00001468   Section        0  uart_handler.o(i.UART2_Init)
    i.UART2_SendChar                         0x00001528   Section        0  uart_handler.o(i.UART2_SendChar)
    i.UART2_SendString                       0x0000153c   Section        0  uart_handler.o(i.UART2_SendString)
    i.UART2_SendUDecimal                     0x00001552   Section        0  uart_handler.o(i.UART2_SendUDecimal)
    i.UARTCharGet                            0x0000157c   Section        0  uart.o(i.UARTCharGet)
    i.UARTCharGetNonBlocking                 0x00001588   Section        0  uart.o(i.UARTCharGetNonBlocking)
    i.UARTCharPut                            0x00001598   Section        0  uart.o(i.UARTCharPut)
    i.UARTClockSourceSet                     0x000015a4   Section        0  uart.o(i.UARTClockSourceSet)
    i.UARTConfigGetExpClk                    0x000015aa   Section        0  uart.o(i.UARTConfigGetExpClk)
    i.UARTConfigSetExpClk                    0x000015d8   Section        0  uart.o(i.UARTConfigSetExpClk)
    i.UARTDisable                            0x00001646   Section        0  uart.o(i.UARTDisable)
    i.UARTEnable                             0x00001664   Section        0  uart.o(i.UARTEnable)
    i.UARTFIFOEnable                         0x00001678   Section        0  uart.o(i.UARTFIFOEnable)
    i.UARTParityModeSet                      0x00001682   Section        0  uart.o(i.UARTParityModeSet)
    i.delay                                  0x0000168e   Section        0  main.o(i.delay)
    i.main                                   0x00001698   Section        0  main.o(i.main)
    x$fpl$fpinit                             0x000016e4   Section       10  fpinit.o(x$fpl$fpinit)
    $v0                                      0x000016e4   Number         0  fpinit.o(x$fpl$fpinit)
    .constdata                               0x000016f0   Section      528  gpio.o(.constdata)
    g_ppui32GPIOIntMapBlizzard               0x000016f0   Data         192  gpio.o(.constdata)
    g_ppui32GPIOIntMapSnowflake              0x000017b0   Data         192  gpio.o(.constdata)
    g_pui32GPIOBaseAddrs                     0x00001870   Data         144  gpio.o(.constdata)
    .constdata                               0x00001900   Section      268  interrupt.o(.constdata)
    g_pui32Priority                          0x00001900   Data          32  interrupt.o(.constdata)
    g_pui32Regs                              0x00001920   Data         156  interrupt.o(.constdata)
    g_pui32EnRegs                            0x000019bc   Data          20  interrupt.o(.constdata)
    g_pui32Dii16Regs                         0x000019d0   Data          20  interrupt.o(.constdata)
    g_pui32PendRegs                          0x000019e4   Data          20  interrupt.o(.constdata)
    g_pui32UnpendRegs                        0x000019f8   Data          20  interrupt.o(.constdata)
    .constdata                               0x00001a0c   Section      452  sysctl.o(.constdata)
    g_pui32VCOFrequencies                    0x00001a0c   Data           8  sysctl.o(.constdata)
    g_pui32Xtals                             0x00001a14   Data         108  sysctl.o(.constdata)
    g_pppui32XTALtoVCO                       0x00001a80   Data         288  sysctl.o(.constdata)
    g_sXTALtoMEMTIM                          0x00001ba0   Data          48  sysctl.o(.constdata)
    .data                                    0x20000000   Section        6  main.o(.data)
    toggle                                   0x20000005   Data           1  main.o(.data)
    .data                                    0x20000008   Section       24  gsm.o(.data)
    msgContent                               0x20000010   Data           4  gsm.o(.data)
    msgSender                                0x20000014   Data           4  gsm.o(.data)
    msgDate                                  0x20000018   Data           4  gsm.o(.data)
    msgTime                                  0x2000001c   Data           4  gsm.o(.data)
    .data                                    0x20000020   Section        8  uart_handler.o(.data)
    .data                                    0x20000028   Section        4  strtok.o(.data)
    _strtok_saves1                           0x20000028   Data           4  strtok.o(.data)
    .bss                                     0x2000002c   Section     1760  gsm.o(.bss)
    g_cInput                                 0x2000066c   Data         160  gsm.o(.bss)
    .bss                                     0x2000070c   Section       96  libspace.o(.bss)
    HEAP                                     0x20000770   Section        0  startup_tm4c123.o(HEAP)
    STACK                                    0x20000770   Section     8704  startup_tm4c123.o(STACK)
    Heap_Mem                                 0x20000770   Data           0  startup_tm4c123.o(HEAP)
    Stack_Mem                                0x20000770   Data        8704  startup_tm4c123.o(STACK)
    __initial_sp                             0x20002970   Data           0  startup_tm4c123.o(STACK)

    Global Symbols

    Symbol Name                              Value     Ov Type        Size  Object(Section)

    BuildAttributes$$THM_ISAv4$E$P$D$K$B$S$7EM$VFPi3$EXTD16$VFPS$VFMA$PE$A:L22UL41UL21$X:L11$S22US41US21$IEEE1$IW$USESV6$~STKCKD$USESV7$~SHL$OTIME$ROPI$EBA8$UX$STANDARDLIB$REQ8$PRES8$EABIv2 0x00000000   Number         0  anon$$obj.o ABSOLUTE
    __ARM_use_no_argv                        0x00000000   Number         0  main.o ABSOLUTE
    __Vectors                                0x00000000   Data           4  startup_tm4c123.o(RESET)
    __ARM_exceptions_init                     - Undefined Weak Reference
    __alloca_initialize                       - Undefined Weak Reference
    __arm_preinit_                            - Undefined Weak Reference
    __cpp_initialize__aeabi_                  - Undefined Weak Reference
    __cxa_finalize                            - Undefined Weak Reference
    __rt_locale                               - Undefined Weak Reference
    __sigvec_lookup                           - Undefined Weak Reference
    _atexit_init                              - Undefined Weak Reference
    _call_atexit_fns                          - Undefined Weak Reference
    _clock_init                               - Undefined Weak Reference
    _fp_trap_init                             - Undefined Weak Reference
    _fp_trap_shutdown                         - Undefined Weak Reference
    _get_lc_collate                           - Undefined Weak Reference
    _get_lc_ctype                             - Undefined Weak Reference
    _get_lc_monetary                          - Undefined Weak Reference
    _get_lc_numeric                           - Undefined Weak Reference
    _get_lc_time                              - Undefined Weak Reference
    _getenv_init                              - Undefined Weak Reference
    _handle_redirection                       - Undefined Weak Reference
    _init_alloc                               - Undefined Weak Reference
    _init_user_alloc                          - Undefined Weak Reference
    _initio                                   - Undefined Weak Reference
    _printf_mbtowc                            - Undefined Weak Reference
    _printf_post_padding                      - Undefined Weak Reference
    _printf_pre_padding                       - Undefined Weak Reference
    _rand_init                                - Undefined Weak Reference
    _signal_finish                            - Undefined Weak Reference
    _signal_init                              - Undefined Weak Reference
    _terminate_alloc                          - Undefined Weak Reference
    _terminate_user_alloc                     - Undefined Weak Reference
    _terminateio                              - Undefined Weak Reference
    __Vectors_End                            0x0000026c   Data           0  startup_tm4c123.o(RESET)
    __Vectors_Size                           0x0000026c   Number         0  startup_tm4c123.o ABSOLUTE
    __main                                   0x0000026d   Thumb Code     8  __main.o(!!!main)
    __scatterload                            0x00000275   Thumb Code     0  __scatter.o(!!!scatter)
    __scatterload_rt2                        0x00000275   Thumb Code    44  __scatter.o(!!!scatter)
    __scatterload_rt2_thumb_only             0x00000275   Thumb Code     0  __scatter.o(!!!scatter)
    __scatterload_null                       0x00000283   Thumb Code     0  __scatter.o(!!!scatter)
    __scatterload_copy                       0x000002a9   Thumb Code    26  __scatter_copy.o(!!handler_copy)
    __scatterload_zeroinit                   0x000002c5   Thumb Code    28  __scatter_zi.o(!!handler_zi)
    _printf_percent                          0x000002e1   Thumb Code     0  _printf_percent.o(.ARM.Collect$$_printf_percent$$00000000)
    _printf_s                                0x000002e1   Thumb Code     0  _printf_s.o(.ARM.Collect$$_printf_percent$$00000014)
    _printf_percent_end                      0x000002e7   Thumb Code     0  _printf_percent_end.o(.ARM.Collect$$_printf_percent$$00000017)
    __rt_lib_init                            0x000002eb   Thumb Code     0  libinit.o(.ARM.Collect$$libinit$$00000000)
    __rt_lib_init_fp_1                       0x000002ed   Thumb Code     0  libinit2.o(.ARM.Collect$$libinit$$00000001)
    __rt_lib_init_alloca_1                   0x000002f1   Thumb Code     0  libinit2.o(.ARM.Collect$$libinit$$0000002E)
    __rt_lib_init_argv_1                     0x000002f1   Thumb Code     0  libinit2.o(.ARM.Collect$$libinit$$0000002C)
    __rt_lib_init_atexit_1                   0x000002f1   Thumb Code     0  libinit2.o(.ARM.Collect$$libinit$$0000001B)
    __rt_lib_init_clock_1                    0x000002f1   Thumb Code     0  libinit2.o(.ARM.Collect$$libinit$$00000021)
    __rt_lib_init_cpp_1                      0x000002f1   Thumb Code     0  libinit2.o(.ARM.Collect$$libinit$$00000032)
    __rt_lib_init_exceptions_1               0x000002f1   Thumb Code     0  libinit2.o(.ARM.Collect$$libinit$$00000030)
    __rt_lib_init_fp_trap_1                  0x000002f1   Thumb Code     0  libinit2.o(.ARM.Collect$$libinit$$0000001F)
    __rt_lib_init_getenv_1                   0x000002f1   Thumb Code     0  libinit2.o(.ARM.Collect$$libinit$$00000023)
    __rt_lib_init_heap_1                     0x000002f1   Thumb Code     0  libinit2.o(.ARM.Collect$$libinit$$0000000A)
    __rt_lib_init_lc_collate_1               0x000002f1   Thumb Code     0  libinit2.o(.ARM.Collect$$libinit$$00000011)
    __rt_lib_init_lc_ctype_1                 0x000002f1   Thumb Code     0  libinit2.o(.ARM.Collect$$libinit$$00000013)
    __rt_lib_init_lc_monetary_1              0x000002f1   Thumb Code     0  libinit2.o(.ARM.Collect$$libinit$$00000015)
    __rt_lib_init_lc_numeric_1               0x000002f1   Thumb Code     0  libinit2.o(.ARM.Collect$$libinit$$00000017)
    __rt_lib_init_lc_time_1                  0x000002f1   Thumb Code     0  libinit2.o(.ARM.Collect$$libinit$$00000019)
    __rt_lib_init_preinit_1                  0x000002f1   Thumb Code     0  libinit2.o(.ARM.Collect$$libinit$$00000004)
    __rt_lib_init_rand_1                     0x000002f1   Thumb Code     0  libinit2.o(.ARM.Collect$$libinit$$0000000E)
    __rt_lib_init_return                     0x000002f1   Thumb Code     0  libinit2.o(.ARM.Collect$$libinit$$00000033)
    __rt_lib_init_signal_1                   0x000002f1   Thumb Code     0  libinit2.o(.ARM.Collect$$libinit$$0000001D)
    __rt_lib_init_stdio_1                    0x000002f1   Thumb Code     0  libinit2.o(.ARM.Collect$$libinit$$00000025)
    __rt_lib_init_user_alloc_1               0x000002f1   Thumb Code     0  libinit2.o(.ARM.Collect$$libinit$$0000000C)
    __rt_lib_shutdown                        0x000002f3   Thumb Code     0  libshutdown.o(.ARM.Collect$$libshutdown$$00000000)
    __rt_lib_shutdown_cpp_1                  0x000002f5   Thumb Code     0  libshutdown2.o(.ARM.Collect$$libshutdown$$00000002)
    __rt_lib_shutdown_fp_trap_1              0x000002f5   Thumb Code     0  libshutdown2.o(.ARM.Collect$$libshutdown$$00000007)
    __rt_lib_shutdown_heap_1                 0x000002f5   Thumb Code     0  libshutdown2.o(.ARM.Collect$$libshutdown$$0000000F)
    __rt_lib_shutdown_return                 0x000002f5   Thumb Code     0  libshutdown2.o(.ARM.Collect$$libshutdown$$00000010)
    __rt_lib_shutdown_signal_1               0x000002f5   Thumb Code     0  libshutdown2.o(.ARM.Collect$$libshutdown$$0000000A)
    __rt_lib_shutdown_stdio_1                0x000002f5   Thumb Code     0  libshutdown2.o(.ARM.Collect$$libshutdown$$00000004)
    __rt_lib_shutdown_user_alloc_1           0x000002f5   Thumb Code     0  libshutdown2.o(.ARM.Collect$$libshutdown$$0000000C)
    __rt_entry                               0x000002f7   Thumb Code     0  __rtentry.o(.ARM.Collect$$rtentry$$00000000)
    __rt_entry_presh_1                       0x000002f7   Thumb Code     0  __rtentry2.o(.ARM.Collect$$rtentry$$00000002)
    __rt_entry_sh                            0x000002f7   Thumb Code     0  __rtentry4.o(.ARM.Collect$$rtentry$$00000004)
    __rt_entry_li                            0x000002fd   Thumb Code     0  __rtentry2.o(.ARM.Collect$$rtentry$$0000000A)
    __rt_entry_postsh_1                      0x000002fd   Thumb Code     0  __rtentry2.o(.ARM.Collect$$rtentry$$00000009)
    __rt_entry_main                          0x00000301   Thumb Code     0  __rtentry2.o(.ARM.Collect$$rtentry$$0000000D)
    __rt_entry_postli_1                      0x00000301   Thumb Code     0  __rtentry2.o(.ARM.Collect$$rtentry$$0000000C)
    __rt_exit                                0x00000309   Thumb Code     0  rtexit.o(.ARM.Collect$$rtexit$$00000000)
    __rt_exit_ls                             0x0000030b   Thumb Code     0  rtexit2.o(.ARM.Collect$$rtexit$$00000003)
    __rt_exit_prels_1                        0x0000030b   Thumb Code     0  rtexit2.o(.ARM.Collect$$rtexit$$00000002)
    __rt_exit_exit                           0x0000030f   Thumb Code     0  rtexit2.o(.ARM.Collect$$rtexit$$00000004)
    SysCtlDelay                              0x00000315   Thumb Code     6  sysctl.o(.emb_text)
    CPUcpsid                                 0x0000031d   Thumb Code     8  cpu.o(.emb_text)
    CPUprimask                               0x00000325   Thumb Code     6  cpu.o(.emb_text)
    CPUcpsie                                 0x0000032b   Thumb Code     8  cpu.o(.emb_text)
    CPUwfi                                   0x00000333   Thumb Code     4  cpu.o(.emb_text)
    CPUbasepriSet                            0x00000337   Thumb Code     6  cpu.o(.emb_text)
    CPUbasepriGet                            0x0000033d   Thumb Code     6  cpu.o(.emb_text)
    Reset_Handler                            0x00000345   Thumb Code     0  startup_tm4c123.o(.text)
    NMI_Handler                              0x00000359   Thumb Code     2  startup_tm4c123.o(.text)
    HardFault_Handler                        0x0000035b   Thumb Code     2  startup_tm4c123.o(.text)
    MemManage_Handler                        0x0000035d   Thumb Code     2  startup_tm4c123.o(.text)
    BusFault_Handler                         0x0000035f   Thumb Code     2  startup_tm4c123.o(.text)
    UsageFault_Handler                       0x00000361   Thumb Code     2  startup_tm4c123.o(.text)
    SVC_Handler                              0x00000363   Thumb Code     2  startup_tm4c123.o(.text)
    DebugMon_Handler                         0x00000365   Thumb Code     2  startup_tm4c123.o(.text)
    PendSV_Handler                           0x00000367   Thumb Code     2  startup_tm4c123.o(.text)
    SysTick_Handler                          0x00000369   Thumb Code     2  startup_tm4c123.o(.text)
    ADC0Seq0_Handler                         0x0000036b   Thumb Code     0  startup_tm4c123.o(.text)
    ADC0Seq1_Handler                         0x0000036b   Thumb Code     0  startup_tm4c123.o(.text)
    ADC0Seq2_Handler                         0x0000036b   Thumb Code     0  startup_tm4c123.o(.text)
    ADC0Seq3_Handler                         0x0000036b   Thumb Code     0  startup_tm4c123.o(.text)
    ADC1Seq0_Handler                         0x0000036b   Thumb Code     0  startup_tm4c123.o(.text)
    ADC1Seq1_Handler                         0x0000036b   Thumb Code     0  startup_tm4c123.o(.text)
    ADC1Seq2_Handler                         0x0000036b   Thumb Code     0  startup_tm4c123.o(.text)
    ADC1Seq3_Handler                         0x0000036b   Thumb Code     0  startup_tm4c123.o(.text)
    CAN0_Handler                             0x0000036b   Thumb Code     0  startup_tm4c123.o(.text)
    CAN1_Handler                             0x0000036b   Thumb Code     0  startup_tm4c123.o(.text)
    CAN2_Handler                             0x0000036b   Thumb Code     0  startup_tm4c123.o(.text)
    Comp0_Handler                            0x0000036b   Thumb Code     0  startup_tm4c123.o(.text)
    Comp1_Handler                            0x0000036b   Thumb Code     0  startup_tm4c123.o(.text)
    Comp2_Handler                            0x0000036b   Thumb Code     0  startup_tm4c123.o(.text)
    Ethernet_Handler                         0x0000036b   Thumb Code     0  startup_tm4c123.o(.text)
    ExtBus_Handler                           0x0000036b   Thumb Code     0  startup_tm4c123.o(.text)
    FPU_Handler                              0x0000036b   Thumb Code     0  startup_tm4c123.o(.text)
    Fan0_Handler                             0x0000036b   Thumb Code     0  startup_tm4c123.o(.text)
    FlashCtl_Handler                         0x0000036b   Thumb Code     0  startup_tm4c123.o(.text)
    GPIOPortA_Handler                        0x0000036b   Thumb Code     0  startup_tm4c123.o(.text)
    GPIOPortB_Handler                        0x0000036b   Thumb Code     0  startup_tm4c123.o(.text)
    GPIOPortC_Handler                        0x0000036b   Thumb Code     0  startup_tm4c123.o(.text)
    GPIOPortD_Handler                        0x0000036b   Thumb Code     0  startup_tm4c123.o(.text)
    GPIOPortE_Handler                        0x0000036b   Thumb Code     0  startup_tm4c123.o(.text)
    GPIOPortG_Handler                        0x0000036b   Thumb Code     0  startup_tm4c123.o(.text)
    GPIOPortH_Handler                        0x0000036b   Thumb Code     0  startup_tm4c123.o(.text)
    GPIOPortJ_Handler                        0x0000036b   Thumb Code     0  startup_tm4c123.o(.text)
    GPIOPortK_Handler                        0x0000036b   Thumb Code     0  startup_tm4c123.o(.text)
    GPIOPortL_Handler                        0x0000036b   Thumb Code     0  startup_tm4c123.o(.text)
    GPIOPortM_Handler                        0x0000036b   Thumb Code     0  startup_tm4c123.o(.text)
    GPIOPortN_Handler                        0x0000036b   Thumb Code     0  startup_tm4c123.o(.text)
    GPIOPortP1_Handler                       0x0000036b   Thumb Code     0  startup_tm4c123.o(.text)
    GPIOPortP2_Handler                       0x0000036b   Thumb Code     0  startup_tm4c123.o(.text)
    GPIOPortP3_Handler                       0x0000036b   Thumb Code     0  startup_tm4c123.o(.text)
    GPIOPortP4_Handler                       0x0000036b   Thumb Code     0  startup_tm4c123.o(.text)
    GPIOPortP5_Handler                       0x0000036b   Thumb Code     0  startup_tm4c123.o(.text)
    GPIOPortP6_Handler                       0x0000036b   Thumb Code     0  startup_tm4c123.o(.text)
    GPIOPortP7_Handler                       0x0000036b   Thumb Code     0  startup_tm4c123.o(.text)
    GPIOPortP_Handler                        0x0000036b   Thumb Code     0  startup_tm4c123.o(.text)
    GPIOPortQ1_Handler                       0x0000036b   Thumb Code     0  startup_tm4c123.o(.text)
    GPIOPortQ2_Handler                       0x0000036b   Thumb Code     0  startup_tm4c123.o(.text)
    GPIOPortQ3_Handler                       0x0000036b   Thumb Code     0  startup_tm4c123.o(.text)
    GPIOPortQ4_Handler                       0x0000036b   Thumb Code     0  startup_tm4c123.o(.text)
    GPIOPortQ5_Handler                       0x0000036b   Thumb Code     0  startup_tm4c123.o(.text)
    GPIOPortQ6_Handler                       0x0000036b   Thumb Code     0  startup_tm4c123.o(.text)
    GPIOPortQ7_Handler                       0x0000036b   Thumb Code     0  startup_tm4c123.o(.text)
    GPIOPortQ_Handler                        0x0000036b   Thumb Code     0  startup_tm4c123.o(.text)
    GPIOPortR_Handler                        0x0000036b   Thumb Code     0  startup_tm4c123.o(.text)
    GPIOPortS_Handler                        0x0000036b   Thumb Code     0  startup_tm4c123.o(.text)
    Hibernate_Handler                        0x0000036b   Thumb Code     0  startup_tm4c123.o(.text)
    I2C0_Handler                             0x0000036b   Thumb Code     0  startup_tm4c123.o(.text)
    I2C1_Handler                             0x0000036b   Thumb Code     0  startup_tm4c123.o(.text)
    I2C2_Handler                             0x0000036b   Thumb Code     0  startup_tm4c123.o(.text)
    I2C3_Handler                             0x0000036b   Thumb Code     0  startup_tm4c123.o(.text)
    I2C4_Handler                             0x0000036b   Thumb Code     0  startup_tm4c123.o(.text)
    I2C5_Handler                             0x0000036b   Thumb Code     0  startup_tm4c123.o(.text)
    I2S0_Handler                             0x0000036b   Thumb Code     0  startup_tm4c123.o(.text)
    LPC0_Handler                             0x0000036b   Thumb Code     0  startup_tm4c123.o(.text)
    PECI0_Handler                            0x0000036b   Thumb Code     0  startup_tm4c123.o(.text)
    PWM0Fault_Handler                        0x0000036b   Thumb Code     0  startup_tm4c123.o(.text)
    PWM0Generator0_Handler                   0x0000036b   Thumb Code     0  startup_tm4c123.o(.text)
    PWM0Generator1_Handler                   0x0000036b   Thumb Code     0  startup_tm4c123.o(.text)
    PWM0Generator2_Handler                   0x0000036b   Thumb Code     0  startup_tm4c123.o(.text)
    PWM0Generator3_Handler                   0x0000036b   Thumb Code     0  startup_tm4c123.o(.text)
    PWM1Fault_Handler                        0x0000036b   Thumb Code     0  startup_tm4c123.o(.text)
    PWM1Generator0_Handler                   0x0000036b   Thumb Code     0  startup_tm4c123.o(.text)
    PWM1Generator1_Handler                   0x0000036b   Thumb Code     0  startup_tm4c123.o(.text)
    PWM1Generator2_Handler                   0x0000036b   Thumb Code     0  startup_tm4c123.o(.text)
    PWM1Generator3_Handler                   0x0000036b   Thumb Code     0  startup_tm4c123.o(.text)
    Quadrature0_Handler                      0x0000036b   Thumb Code     0  startup_tm4c123.o(.text)
    Quadrature1_Handler                      0x0000036b   Thumb Code     0  startup_tm4c123.o(.text)
    Quadrature2_Handler                      0x0000036b   Thumb Code     0  startup_tm4c123.o(.text)
    SSI0_Handler                             0x0000036b   Thumb Code     0  startup_tm4c123.o(.text)
    SSI1_Handler                             0x0000036b   Thumb Code     0  startup_tm4c123.o(.text)
    SSI2_Handler                             0x0000036b   Thumb Code     0  startup_tm4c123.o(.text)
    SSI3_Handler                             0x0000036b   Thumb Code     0  startup_tm4c123.o(.text)
    SysCtl_Handler                           0x0000036b   Thumb Code     0  startup_tm4c123.o(.text)
    Timer0A_Handler                          0x0000036b   Thumb Code     0  startup_tm4c123.o(.text)
    Timer0B_Handler                          0x0000036b   Thumb Code     0  startup_tm4c123.o(.text)
    Timer1A_Handler                          0x0000036b   Thumb Code     0  startup_tm4c123.o(.text)
    Timer1B_Handler                          0x0000036b   Thumb Code     0  startup_tm4c123.o(.text)
    Timer2A_Handler                          0x0000036b   Thumb Code     0  startup_tm4c123.o(.text)
    Timer2B_Handler                          0x0000036b   Thumb Code     0  startup_tm4c123.o(.text)
    Timer3A_Handler                          0x0000036b   Thumb Code     0  startup_tm4c123.o(.text)
    Timer3B_Handler                          0x0000036b   Thumb Code     0  startup_tm4c123.o(.text)
    Timer4A_Handler                          0x0000036b   Thumb Code     0  startup_tm4c123.o(.text)
    Timer4B_Handler                          0x0000036b   Thumb Code     0  startup_tm4c123.o(.text)
    Timer5A_Handler                          0x0000036b   Thumb Code     0  startup_tm4c123.o(.text)
    Timer5B_Handler                          0x0000036b   Thumb Code     0  startup_tm4c123.o(.text)
    UART0_Handler                            0x0000036b   Thumb Code     0  startup_tm4c123.o(.text)
    UART1_Handler                            0x0000036b   Thumb Code     0  startup_tm4c123.o(.text)
    UART2_Handler                            0x0000036b   Thumb Code     0  startup_tm4c123.o(.text)
    UART3_Handler                            0x0000036b   Thumb Code     0  startup_tm4c123.o(.text)
    UART4_Handler                            0x0000036b   Thumb Code     0  startup_tm4c123.o(.text)
    UART5_Handler                            0x0000036b   Thumb Code     0  startup_tm4c123.o(.text)
    UART6_Handler                            0x0000036b   Thumb Code     0  startup_tm4c123.o(.text)
    UART7_Handler                            0x0000036b   Thumb Code     0  startup_tm4c123.o(.text)
    USB0_Handler                             0x0000036b   Thumb Code     0  startup_tm4c123.o(.text)
    WDT_Handler                              0x0000036b   Thumb Code     0  startup_tm4c123.o(.text)
    WideTimer0A_Handler                      0x0000036b   Thumb Code     0  startup_tm4c123.o(.text)
    WideTimer0B_Handler                      0x0000036b   Thumb Code     0  startup_tm4c123.o(.text)
    WideTimer1A_Handler                      0x0000036b   Thumb Code     0  startup_tm4c123.o(.text)
    WideTimer1B_Handler                      0x0000036b   Thumb Code     0  startup_tm4c123.o(.text)
    WideTimer2A_Handler                      0x0000036b   Thumb Code     0  startup_tm4c123.o(.text)
    WideTimer2B_Handler                      0x0000036b   Thumb Code     0  startup_tm4c123.o(.text)
    WideTimer3A_Handler                      0x0000036b   Thumb Code     0  startup_tm4c123.o(.text)
    WideTimer3B_Handler                      0x0000036b   Thumb Code     0  startup_tm4c123.o(.text)
    WideTimer4A_Handler                      0x0000036b   Thumb Code     0  startup_tm4c123.o(.text)
    WideTimer4B_Handler                      0x0000036b   Thumb Code     0  startup_tm4c123.o(.text)
    WideTimer5A_Handler                      0x0000036b   Thumb Code     0  startup_tm4c123.o(.text)
    WideTimer5B_Handler                      0x0000036b   Thumb Code     0  startup_tm4c123.o(.text)
    uDMA_Error                               0x0000036b   Thumb Code     0  startup_tm4c123.o(.text)
    uDMA_Handler                             0x0000036b   Thumb Code     0  startup_tm4c123.o(.text)
    DisableInterrupts                        0x0000036d   Thumb Code     0  startup_tm4c123.o(.text)
    EnableInterrupts                         0x00000371   Thumb Code     0  startup_tm4c123.o(.text)
    StartCritical                            0x00000375   Thumb Code     0  startup_tm4c123.o(.text)
    EndCritical                              0x0000037d   Thumb Code     0  startup_tm4c123.o(.text)
    WaitForInterrupt                         0x00000383   Thumb Code     0  startup_tm4c123.o(.text)
    __user_initial_stackheap                 0x00000387   Thumb Code     0  startup_tm4c123.o(.text)
    __2sprintf                               0x0000039d   Thumb Code    34  noretval__2sprintf.o(.text)
    __printf                                 0x000003c5   Thumb Code   104  __printf.o(.text)
    _printf_str                              0x0000042d   Thumb Code    82  _printf_str.o(.text)
    strtok                                   0x00000481   Thumb Code     6  strtok.o(.text)
    strstr                                   0x0000048d   Thumb Code    36  strstr.o(.text)
    strcpy                                   0x000004b1   Thumb Code    72  strcpy.o(.text)
    strncmp                                  0x000004f9   Thumb Code   150  strncmp.o(.text)
    strcat                                   0x0000058f   Thumb Code    24  strcat.o(.text)
    __aeabi_memclr4                          0x000005a7   Thumb Code     0  rt_memclr_w.o(.text)
    __aeabi_memclr8                          0x000005a7   Thumb Code     0  rt_memclr_w.o(.text)
    __rt_memclr_w                            0x000005a7   Thumb Code    78  rt_memclr_w.o(.text)
    _memset_w                                0x000005ab   Thumb Code     0  rt_memclr_w.o(.text)
    __use_two_region_memory                  0x000005f5   Thumb Code     2  heapauxi.o(.text)
    __rt_heap_escrow$2region                 0x000005f7   Thumb Code     2  heapauxi.o(.text)
    __rt_heap_expand$2region                 0x000005f9   Thumb Code     2  heapauxi.o(.text)
    _printf_char_common                      0x00000607   Thumb Code    32  _printf_char_common.o(.text)
    _sputc                                   0x0000062d   Thumb Code    10  _sputc.o(.text)
    _printf_cs_common                        0x00000637   Thumb Code    20  _printf_char.o(.text)
    _printf_char                             0x0000064b   Thumb Code    16  _printf_char.o(.text)
    _printf_string                           0x0000065b   Thumb Code     8  _printf_char.o(.text)
    __strtok_internal                        0x00000665   Thumb Code    64  strtok_int.o(.text)
    strcspn                                  0x000006a9   Thumb Code    32  strcspn.o(.text)
    strspn                                   0x000006c9   Thumb Code    28  strspn.o(.text)
    __user_setup_stackheap                   0x000006e5   Thumb Code    74  sys_stackheap_outer.o(.text)
    exit                                     0x0000072f   Thumb Code    18  exit.o(.text)
    __user_libspace                          0x00000741   Thumb Code     8  libspace.o(.text)
    __user_perproc_libspace                  0x00000741   Thumb Code     0  libspace.o(.text)
    __user_perthread_libspace                0x00000741   Thumb Code     0  libspace.o(.text)
    _sys_exit                                0x00000749   Thumb Code     8  sys_exit.o(.text)
    __I$use$semihosting                      0x00000755   Thumb Code     0  use_no_semi.o(.text)
    __use_no_semihosting_swi                 0x00000755   Thumb Code     2  use_no_semi.o(.text)
    GPIODirModeSet                           0x00000757   Thumb Code    40  gpio.o(i.GPIODirModeSet)
    __semihosting_library_function           0x00000757   Thumb Code     0  indicate_semi.o(.text)
    GPIOIntClear                             0x0000077f   Thumb Code     6  gpio.o(i.GPIOIntClear)
    GPIOIntDisable                           0x00000785   Thumb Code    14  gpio.o(i.GPIOIntDisable)
    GPIOIntEnable                            0x00000793   Thumb Code    12  gpio.o(i.GPIOIntEnable)
    GPIOIntTypeSet                           0x0000079f   Thumb Code    80  gpio.o(i.GPIOIntTypeSet)
    GPIOPadConfigSet                         0x000007ef   Thumb Code   312  gpio.o(i.GPIOPadConfigSet)
    GPIOPinConfigure                         0x00000929   Thumb Code    60  gpio.o(i.GPIOPinConfigure)
    GPIOPinRead                              0x0000096d   Thumb Code     6  gpio.o(i.GPIOPinRead)
    GPIOPinTypeUART                          0x00000973   Thumb Code    28  gpio.o(i.GPIOPinTypeUART)
    GPIOPinWrite                             0x0000098f   Thumb Code     6  gpio.o(i.GPIOPinWrite)
    GPIOPortF_Handler                        0x00000995   Thumb Code    62  main.o(i.GPIOPortF_Handler)
    GSMgetResponse                           0x000009dd   Thumb Code   112  gsm.o(i.GSMgetResponse)
    GSMparseMessage                          0x00000a8d   Thumb Code   250  gsm.o(i.GSMparseMessage)
    GSMprocessMessage                        0x00000bc5   Thumb Code   288  gsm.o(i.GSMprocessMessage)
    Init_PortF_Input                         0x00000d91   Thumb Code    96  main.o(i.Init_PortF_Input)
    Init_PortF_Output                        0x00000e01   Thumb Code    50  main.o(i.Init_PortF_Output)
    IntDisable                               0x00000e45   Thumb Code    92  interrupt.o(i.IntDisable)
    IntEnable                                0x00000ea9   Thumb Code    92  interrupt.o(i.IntEnable)
    IntMasterEnable                          0x00000f0d   Thumb Code    14  interrupt.o(i.IntMasterEnable)
    IntPrioritySet                           0x00000f1d   Thumb Code    36  interrupt.o(i.IntPrioritySet)
    PC_Display_Message                       0x00000f45   Thumb Code    32  pc_display.o(i.PC_Display_Message)
    PowerOnGSM                               0x00000f65   Thumb Code   162  gsm.o(i.PowerOnGSM)
    SendCommandValue                         0x00001039   Thumb Code    26  gsm.o(i.SendCommandValue)
    Switch1                                  0x00001055   Thumb Code    28  main.o(i.Switch1)
    Switch2                                  0x00001079   Thumb Code    10  main.o(i.Switch2)
    SysCtlClockGet                           0x00001085   Thumb Code   304  sysctl.o(i.SysCtlClockGet)
    SysCtlClockSet                           0x000011d9   Thumb Code   270  sysctl.o(i.SysCtlClockSet)
    SysCtlPeripheralEnable                   0x000012f9   Thumb Code    36  sysctl.o(i.SysCtlPeripheralEnable)
    SysCtlPeripheralReady                    0x00001321   Thumb Code    40  sysctl.o(i.SysCtlPeripheralReady)
    UART0_Init                               0x0000134d   Thumb Code   108  uart_handler.o(i.UART0_Init)
    UART0_SendChar                           0x000013c9   Thumb Code    14  uart_handler.o(i.UART0_SendChar)
    UART0_SendNewLine                        0x000013dd   Thumb Code    16  uart_handler.o(i.UART0_SendNewLine)
    UART0_SendString                         0x000013ed   Thumb Code    22  uart_handler.o(i.UART0_SendString)
    UART0_SendUDecimal                       0x00001403   Thumb Code    42  uart_handler.o(i.UART0_SendUDecimal)
    UART2_GetChar                            0x0000142d   Thumb Code    12  uart_handler.o(i.UART2_GetChar)
    UART2_GetString                          0x0000143d   Thumb Code    42  uart_handler.o(i.UART2_GetString)
    UART2_Init                               0x00001469   Thumb Code   154  uart_handler.o(i.UART2_Init)
    UART2_SendChar                           0x00001529   Thumb Code    14  uart_handler.o(i.UART2_SendChar)
    UART2_SendString                         0x0000153d   Thumb Code    22  uart_handler.o(i.UART2_SendString)
    UART2_SendUDecimal                       0x00001553   Thumb Code    42  uart_handler.o(i.UART2_SendUDecimal)
    UARTCharGet                              0x0000157d   Thumb Code    12  uart.o(i.UARTCharGet)
    UARTCharGetNonBlocking                   0x00001589   Thumb Code    16  uart.o(i.UARTCharGetNonBlocking)
    UARTCharPut                              0x00001599   Thumb Code    12  uart.o(i.UARTCharPut)
    UARTClockSourceSet                       0x000015a5   Thumb Code     6  uart.o(i.UARTClockSourceSet)
    UARTConfigGetExpClk                      0x000015ab   Thumb Code    46  uart.o(i.UARTConfigGetExpClk)
    UARTConfigSetExpClk                      0x000015d9   Thumb Code   110  uart.o(i.UARTConfigSetExpClk)
    UARTDisable                              0x00001647   Thumb Code    30  uart.o(i.UARTDisable)
    UARTEnable                               0x00001665   Thumb Code    20  uart.o(i.UARTEnable)
    UARTFIFOEnable                           0x00001679   Thumb Code    10  uart.o(i.UARTFIFOEnable)
    UARTParityModeSet                        0x00001683   Thumb Code    12  uart.o(i.UARTParityModeSet)
    delay                                    0x0000168f   Thumb Code    10  main.o(i.delay)
    main                                     0x00001699   Thumb Code    50  main.o(i.main)
    _fp_init                                 0x000016e5   Thumb Code    10  fpinit.o(x$fpl$fpinit)
    __fplib_config_fpu_vfp                   0x000016ed   Thumb Code     0  fpinit.o(x$fpl$fpinit)
    __fplib_config_pureend_doubles           0x000016ed   Thumb Code     0  fpinit.o(x$fpl$fpinit)
    Region$$Table$$Base                      0x00001bd0   Number         0  anon$$obj.o(Region$$Table)
    Region$$Table$$Limit                     0x00001bf0   Number         0  anon$$obj.o(Region$$Table)
    Desired_Color                            0x20000000   Data           4  main.o(.data)
    Desired_State                            0x20000004   Data           1  main.o(.data)
    testDelete                               0x20000008   Data           1  gsm.o(.data)
    msgCount                                 0x2000000c   Data           4  gsm.o(.data)
    Baud_Rate_Read                           0x20000020   Data           4  uart_handler.o(.data)
    GSM_Baud_Rate_Read                       0x20000024   Data           4  uart_handler.o(.data)
    responseLine                             0x2000002c   Data        1600  gsm.o(.bss)
    __libspace_start                         0x2000070c   Data          96  libspace.o(.bss)
    __temporary_stack_top$libspace           0x2000076c   Data           0  libspace.o(.bss)



==============================================================================

Memory Map of the image

  Image Entry point : 0x00000345

  Load Region LR_1 (Base: 0x00000000, Size: 0x00001c1c, Max: 0xffffffff, ABSOLUTE)

    Execution Region ER_RO (Base: 0x00000000, Size: 0x00001bf0, Max: 0xffffffff, ABSOLUTE)

    Base Addr    Size         Type   Attr      Idx    E Section Name        Object

    0x00000000   0x0000026c   Data   RO          342    RESET               startup_tm4c123.o
    0x0000026c   0x00000008   Code   RO         1541  * !!!main             c_w.l(__main.o)
    0x00000274   0x00000034   Code   RO         1713    !!!scatter          c_w.l(__scatter.o)
    0x000002a8   0x0000001a   Code   RO         1715    !!handler_copy      c_w.l(__scatter_copy.o)
    0x000002c2   0x00000002   PAD
    0x000002c4   0x0000001c   Code   RO         1717    !!handler_zi        c_w.l(__scatter_zi.o)
    0x000002e0   0x00000000   Code   RO         1525    .ARM.Collect$$_printf_percent$$00000000  c_w.l(_printf_percent.o)
    0x000002e0   0x00000006   Code   RO         1524    .ARM.Collect$$_printf_percent$$00000014  c_w.l(_printf_s.o)
    0x000002e6   0x00000004   Code   RO         1550    .ARM.Collect$$_printf_percent$$00000017  c_w.l(_printf_percent_end.o)
    0x000002ea   0x00000002   Code   RO         1583    .ARM.Collect$$libinit$$00000000  c_w.l(libinit.o)
    0x000002ec   0x00000004   Code   RO         1589    .ARM.Collect$$libinit$$00000001  c_w.l(libinit2.o)
    0x000002f0   0x00000000   Code   RO         1592    .ARM.Collect$$libinit$$00000004  c_w.l(libinit2.o)
    0x000002f0   0x00000000   Code   RO         1595    .ARM.Collect$$libinit$$0000000A  c_w.l(libinit2.o)
    0x000002f0   0x00000000   Code   RO         1597    .ARM.Collect$$libinit$$0000000C  c_w.l(libinit2.o)
    0x000002f0   0x00000000   Code   RO         1599    .ARM.Collect$$libinit$$0000000E  c_w.l(libinit2.o)
    0x000002f0   0x00000000   Code   RO         1602    .ARM.Collect$$libinit$$00000011  c_w.l(libinit2.o)
    0x000002f0   0x00000000   Code   RO         1604    .ARM.Collect$$libinit$$00000013  c_w.l(libinit2.o)
    0x000002f0   0x00000000   Code   RO         1606    .ARM.Collect$$libinit$$00000015  c_w.l(libinit2.o)
    0x000002f0   0x00000000   Code   RO         1608    .ARM.Collect$$libinit$$00000017  c_w.l(libinit2.o)
    0x000002f0   0x00000000   Code   RO         1610    .ARM.Collect$$libinit$$00000019  c_w.l(libinit2.o)
    0x000002f0   0x00000000   Code   RO         1612    .ARM.Collect$$libinit$$0000001B  c_w.l(libinit2.o)
    0x000002f0   0x00000000   Code   RO         1614    .ARM.Collect$$libinit$$0000001D  c_w.l(libinit2.o)
    0x000002f0   0x00000000   Code   RO         1616    .ARM.Collect$$libinit$$0000001F  c_w.l(libinit2.o)
    0x000002f0   0x00000000   Code   RO         1618    .ARM.Collect$$libinit$$00000021  c_w.l(libinit2.o)
    0x000002f0   0x00000000   Code   RO         1620    .ARM.Collect$$libinit$$00000023  c_w.l(libinit2.o)
    0x000002f0   0x00000000   Code   RO         1622    .ARM.Collect$$libinit$$00000025  c_w.l(libinit2.o)
    0x000002f0   0x00000000   Code   RO         1626    .ARM.Collect$$libinit$$0000002C  c_w.l(libinit2.o)
    0x000002f0   0x00000000   Code   RO         1628    .ARM.Collect$$libinit$$0000002E  c_w.l(libinit2.o)
    0x000002f0   0x00000000   Code   RO         1630    .ARM.Collect$$libinit$$00000030  c_w.l(libinit2.o)
    0x000002f0   0x00000000   Code   RO         1632    .ARM.Collect$$libinit$$00000032  c_w.l(libinit2.o)
    0x000002f0   0x00000002   Code   RO         1633    .ARM.Collect$$libinit$$00000033  c_w.l(libinit2.o)
    0x000002f2   0x00000002   Code   RO         1653    .ARM.Collect$$libshutdown$$00000000  c_w.l(libshutdown.o)
    0x000002f4   0x00000000   Code   RO         1666    .ARM.Collect$$libshutdown$$00000002  c_w.l(libshutdown2.o)
    0x000002f4   0x00000000   Code   RO         1668    .ARM.Collect$$libshutdown$$00000004  c_w.l(libshutdown2.o)
    0x000002f4   0x00000000   Code   RO         1671    .ARM.Collect$$libshutdown$$00000007  c_w.l(libshutdown2.o)
    0x000002f4   0x00000000   Code   RO         1674    .ARM.Collect$$libshutdown$$0000000A  c_w.l(libshutdown2.o)
    0x000002f4   0x00000000   Code   RO         1676    .ARM.Collect$$libshutdown$$0000000C  c_w.l(libshutdown2.o)
    0x000002f4   0x00000000   Code   RO         1679    .ARM.Collect$$libshutdown$$0000000F  c_w.l(libshutdown2.o)
    0x000002f4   0x00000002   Code   RO         1680    .ARM.Collect$$libshutdown$$00000010  c_w.l(libshutdown2.o)
    0x000002f6   0x00000000   Code   RO         1543    .ARM.Collect$$rtentry$$00000000  c_w.l(__rtentry.o)
    0x000002f6   0x00000000   Code   RO         1554    .ARM.Collect$$rtentry$$00000002  c_w.l(__rtentry2.o)
    0x000002f6   0x00000006   Code   RO         1566    .ARM.Collect$$rtentry$$00000004  c_w.l(__rtentry4.o)
    0x000002fc   0x00000000   Code   RO         1556    .ARM.Collect$$rtentry$$00000009  c_w.l(__rtentry2.o)
    0x000002fc   0x00000004   Code   RO         1557    .ARM.Collect$$rtentry$$0000000A  c_w.l(__rtentry2.o)
    0x00000300   0x00000000   Code   RO         1559    .ARM.Collect$$rtentry$$0000000C  c_w.l(__rtentry2.o)
    0x00000300   0x00000008   Code   RO         1560    .ARM.Collect$$rtentry$$0000000D  c_w.l(__rtentry2.o)
    0x00000308   0x00000002   Code   RO         1587    .ARM.Collect$$rtexit$$00000000  c_w.l(rtexit.o)
    0x0000030a   0x00000000   Code   RO         1635    .ARM.Collect$$rtexit$$00000002  c_w.l(rtexit2.o)
    0x0000030a   0x00000004   Code   RO         1636    .ARM.Collect$$rtexit$$00000003  c_w.l(rtexit2.o)
    0x0000030e   0x00000006   Code   RO         1637    .ARM.Collect$$rtexit$$00000004  c_w.l(rtexit2.o)
    0x00000314   0x00000006   Code   RO          853    .emb_text           driverlib.lib(sysctl.o)
    0x0000031a   0x00000002   PAD
    0x0000031c   0x00000026   Code   RO         1484    .emb_text           driverlib.lib(cpu.o)
    0x00000342   0x00000002   PAD
    0x00000344   0x00000058   Code   RO          343  * .text               startup_tm4c123.o
    0x0000039c   0x00000028   Code   RO         1498    .text               c_w.l(noretval__2sprintf.o)
    0x000003c4   0x00000068   Code   RO         1500    .text               c_w.l(__printf.o)
    0x0000042c   0x00000052   Code   RO         1502    .text               c_w.l(_printf_str.o)
    0x0000047e   0x00000002   PAD
    0x00000480   0x0000000c   Code   RO         1526    .text               c_w.l(strtok.o)
    0x0000048c   0x00000024   Code   RO         1529    .text               c_w.l(strstr.o)
    0x000004b0   0x00000048   Code   RO         1531    .text               c_w.l(strcpy.o)
    0x000004f8   0x00000096   Code   RO         1533    .text               c_w.l(strncmp.o)
    0x0000058e   0x00000018   Code   RO         1535    .text               c_w.l(strcat.o)
    0x000005a6   0x0000004e   Code   RO         1537    .text               c_w.l(rt_memclr_w.o)
    0x000005f4   0x00000006   Code   RO         1539    .text               c_w.l(heapauxi.o)
    0x000005fa   0x00000002   PAD
    0x000005fc   0x00000030   Code   RO         1544    .text               c_w.l(_printf_char_common.o)
    0x0000062c   0x0000000a   Code   RO         1546    .text               c_w.l(_sputc.o)
    0x00000636   0x0000002c   Code   RO         1548    .text               c_w.l(_printf_char.o)
    0x00000662   0x00000002   PAD
    0x00000664   0x00000044   Code   RO         1551    .text               c_w.l(strtok_int.o)
    0x000006a8   0x00000020   Code   RO         1570    .text               c_w.l(strcspn.o)
    0x000006c8   0x0000001c   Code   RO         1572    .text               c_w.l(strspn.o)
    0x000006e4   0x0000004a   Code   RO         1574    .text               c_w.l(sys_stackheap_outer.o)
    0x0000072e   0x00000012   Code   RO         1576    .text               c_w.l(exit.o)
    0x00000740   0x00000008   Code   RO         1584    .text               c_w.l(libspace.o)
    0x00000748   0x0000000c   Code   RO         1645    .text               c_w.l(sys_exit.o)
    0x00000754   0x00000002   Code   RO         1656    .text               c_w.l(use_no_semi.o)
    0x00000756   0x00000000   Code   RO         1658    .text               c_w.l(indicate_semi.o)
    0x00000756   0x00000028   Code   RO          410    i.GPIODirModeSet    driverlib.lib(gpio.o)
    0x0000077e   0x00000006   Code   RO          411    i.GPIOIntClear      driverlib.lib(gpio.o)
    0x00000784   0x0000000e   Code   RO          412    i.GPIOIntDisable    driverlib.lib(gpio.o)
    0x00000792   0x0000000c   Code   RO          413    i.GPIOIntEnable     driverlib.lib(gpio.o)
    0x0000079e   0x00000050   Code   RO          417    i.GPIOIntTypeSet    driverlib.lib(gpio.o)
    0x000007ee   0x00000138   Code   RO          420    i.GPIOPadConfigSet  driverlib.lib(gpio.o)
    0x00000926   0x00000002   PAD
    0x00000928   0x00000044   Code   RO          421    i.GPIOPinConfigure  driverlib.lib(gpio.o)
    0x0000096c   0x00000006   Code   RO          422    i.GPIOPinRead       driverlib.lib(gpio.o)
    0x00000972   0x0000001c   Code   RO          447    i.GPIOPinTypeUART   driverlib.lib(gpio.o)
    0x0000098e   0x00000006   Code   RO          453    i.GPIOPinWrite      driverlib.lib(gpio.o)
    0x00000994   0x00000048   Code   RO            1    i.GPIOPortF_Handler  main.o
    0x000009dc   0x000000b0   Code   RO           84    i.GSMgetResponse    gsm.o
    0x00000a8c   0x00000138   Code   RO           85    i.GSMparseMessage   gsm.o
    0x00000bc4   0x000001cc   Code   RO           86    i.GSMprocessMessage  gsm.o
    0x00000d90   0x00000070   Code   RO            2    i.Init_PortF_Input  main.o
    0x00000e00   0x00000044   Code   RO            3    i.Init_PortF_Output  main.o
    0x00000e44   0x00000064   Code   RO          737    i.IntDisable        driverlib.lib(interrupt.o)
    0x00000ea8   0x00000064   Code   RO          738    i.IntEnable         driverlib.lib(interrupt.o)
    0x00000f0c   0x0000000e   Code   RO          741    i.IntMasterEnable   driverlib.lib(interrupt.o)
    0x00000f1a   0x00000002   PAD
    0x00000f1c   0x00000028   Code   RO          749    i.IntPrioritySet    driverlib.lib(interrupt.o)
    0x00000f44   0x00000020   Code   RO          328    i.PC_Display_Message  pc_display.o
    0x00000f64   0x000000d4   Code   RO           88    i.PowerOnGSM        gsm.o
    0x00001038   0x0000001a   Code   RO           90    i.SendCommandValue  gsm.o
    0x00001052   0x00000002   PAD
    0x00001054   0x00000024   Code   RO            4    i.Switch1           main.o
    0x00001078   0x0000000a   Code   RO            5    i.Switch2           main.o
    0x00001082   0x00000002   PAD
    0x00001084   0x00000154   Code   RO          856    i.SysCtlClockGet    driverlib.lib(sysctl.o)
    0x000011d8   0x00000120   Code   RO          858    i.SysCtlClockSet    driverlib.lib(sysctl.o)
    0x000012f8   0x00000028   Code   RO          887    i.SysCtlPeripheralEnable  driverlib.lib(sysctl.o)
    0x00001320   0x0000002c   Code   RO          891    i.SysCtlPeripheralReady  driverlib.lib(sysctl.o)
    0x0000134c   0x0000007c   Code   RO          166    i.UART0_Init        uart_handler.o
    0x000013c8   0x00000014   Code   RO          167    i.UART0_SendChar    uart_handler.o
    0x000013dc   0x00000010   Code   RO          171    i.UART0_SendNewLine  uart_handler.o
    0x000013ec   0x00000016   Code   RO          172    i.UART0_SendString  uart_handler.o
    0x00001402   0x0000002a   Code   RO          173    i.UART0_SendUDecimal  uart_handler.o
    0x0000142c   0x00000010   Code   RO          175    i.UART2_GetChar     uart_handler.o
    0x0000143c   0x0000002a   Code   RO          176    i.UART2_GetString   uart_handler.o
    0x00001466   0x00000002   PAD
    0x00001468   0x000000c0   Code   RO          179    i.UART2_Init        uart_handler.o
    0x00001528   0x00000014   Code   RO          180    i.UART2_SendChar    uart_handler.o
    0x0000153c   0x00000016   Code   RO          183    i.UART2_SendString  uart_handler.o
    0x00001552   0x0000002a   Code   RO          184    i.UART2_SendUDecimal  uart_handler.o
    0x0000157c   0x0000000c   Code   RO         1201    i.UARTCharGet       driverlib.lib(uart.o)
    0x00001588   0x00000010   Code   RO         1202    i.UARTCharGetNonBlocking  driverlib.lib(uart.o)
    0x00001598   0x0000000c   Code   RO         1203    i.UARTCharPut       driverlib.lib(uart.o)
    0x000015a4   0x00000006   Code   RO         1207    i.UARTClockSourceSet  driverlib.lib(uart.o)
    0x000015aa   0x0000002e   Code   RO         1208    i.UARTConfigGetExpClk  driverlib.lib(uart.o)
    0x000015d8   0x0000006e   Code   RO         1209    i.UARTConfigSetExpClk  driverlib.lib(uart.o)
    0x00001646   0x0000001e   Code   RO         1212    i.UARTDisable       driverlib.lib(uart.o)
    0x00001664   0x00000014   Code   RO         1214    i.UARTEnable        driverlib.lib(uart.o)
    0x00001678   0x0000000a   Code   RO         1217    i.UARTFIFOEnable    driverlib.lib(uart.o)
    0x00001682   0x0000000c   Code   RO         1233    i.UARTParityModeSet  driverlib.lib(uart.o)
    0x0000168e   0x0000000a   Code   RO            6    i.delay             main.o
    0x00001698   0x0000004c   Code   RO            7    i.main              main.o
    0x000016e4   0x0000000a   Code   RO         1643    x$fpl$fpinit        fz_wm.l(fpinit.o)
    0x000016ee   0x00000002   PAD
    0x000016f0   0x00000210   Data   RO          454    .constdata          driverlib.lib(gpio.o)
    0x00001900   0x0000010c   Data   RO          754    .constdata          driverlib.lib(interrupt.o)
    0x00001a0c   0x000001c4   Data   RO          908    .constdata          driverlib.lib(sysctl.o)
    0x00001bd0   0x00000020   Data   RO         1711    Region$$Table       anon$$obj.o


    Execution Region ER_RW (Base: 0x20000000, Size: 0x0000002c, Max: 0xffffffff, ABSOLUTE)

    Base Addr    Size         Type   Attr      Idx    E Section Name        Object

    0x20000000   0x00000006   Data   RW            8    .data               main.o
    0x20000006   0x00000002   PAD
    0x20000008   0x00000018   Data   RW           92    .data               gsm.o
    0x20000020   0x00000008   Data   RW          186    .data               uart_handler.o
    0x20000028   0x00000004   Data   RW         1527    .data               c_w.l(strtok.o)


    Execution Region ER_ZI (Base: 0x2000002c, Size: 0x00002944, Max: 0xffffffff, ABSOLUTE)

    Base Addr    Size         Type   Attr      Idx    E Section Name        Object

    0x2000002c   0x000006e0   Zero   RW           91    .bss                gsm.o
    0x2000070c   0x00000060   Zero   RW         1585    .bss                c_w.l(libspace.o)
    0x2000076c   0x00000004   PAD
    0x20000770   0x00000000   Zero   RW          341    HEAP                startup_tm4c123.o
    0x20000770   0x00002200   Zero   RW          340    STACK               startup_tm4c123.o


==============================================================================

Image component sizes


      Code (inc. data)   RO Data    RW Data    ZI Data      Debug   Object Name

      1186        348          0         24       1760       4571   gsm.o
       384         78          0          6          0       7932   main.o
        32          0          0          0          0        613   pc_display.o
        88         12        620          0       8704        848   startup_tm4c123.o
       558         70          0          8          0       6528   uart_handler.o

    ----------------------------------------------------------------------
      2254        508        652         40      10464      20492   Object Totals
         0          0         32          0          0          0   (incl. Generated)
         6          0          0          2          0          0   (incl. Padding)

    ----------------------------------------------------------------------

      Code (inc. data)   RO Data    RW Data    ZI Data      Debug   Library Member Name

         8          0          0          0          0         68   __main.o
       104          0          0          0          0         84   __printf.o
         0          0          0          0          0          0   __rtentry.o
        12          0          0          0          0          0   __rtentry2.o
         6          0          0          0          0          0   __rtentry4.o
        52          8          0          0          0          0   __scatter.o
        26          0          0          0          0          0   __scatter_copy.o
        28          0          0          0          0          0   __scatter_zi.o
        44          0          0          0          0        108   _printf_char.o
        48          6          0          0          0         96   _printf_char_common.o
         0          0          0          0          0          0   _printf_percent.o
         4          0          0          0          0          0   _printf_percent_end.o
         6          0          0          0          0          0   _printf_s.o
        82          0          0          0          0         80   _printf_str.o
        10          0          0          0          0         68   _sputc.o
        18          0          0          0          0         80   exit.o
         6          0          0          0          0        152   heapauxi.o
         0          0          0          0          0          0   indicate_semi.o
         2          0          0          0          0          0   libinit.o
         6          0          0          0          0          0   libinit2.o
         2          0          0          0          0          0   libshutdown.o
         2          0          0          0          0          0   libshutdown2.o
         8          4          0          0         96         68   libspace.o
        40          6          0          0          0         84   noretval__2sprintf.o
        78          0          0          0          0         80   rt_memclr_w.o
         2          0          0          0          0          0   rtexit.o
        10          0          0          0          0          0   rtexit2.o
        24          0          0          0          0         68   strcat.o
        72          0          0          0          0         80   strcpy.o
        32          0          0          0          0         80   strcspn.o
       150          0          0          0          0         80   strncmp.o
        28          0          0          0          0         80   strspn.o
        36          0          0          0          0         80   strstr.o
        12          6          0          4          0         68   strtok.o
        68          4          0          0          0         84   strtok_int.o
        12          4          0          0          0         68   sys_exit.o
        74          0          0          0          0         80   sys_stackheap_outer.o
         2          0          0          0          0         68   use_no_semi.o
        38          0          0          0          0        540   cpu.o
       572          8        528          0          0       9987   gpio.o
       254         20        268          0          0       3104   interrupt.o
       718         62        452          0          0       4999   sysctl.o
       274          0          0          0          0       6140   uart.o
        10          0          0          0          0        116   fpinit.o

    ----------------------------------------------------------------------
      2998        128       1248          4        100      26690   Library Totals
        18          0          0          0          4          0   (incl. Padding)

    ----------------------------------------------------------------------

      Code (inc. data)   RO Data    RW Data    ZI Data      Debug   Library Name

      1114         38          0          4         96       1804   c_w.l
      1856         90       1248          0          0      24770   driverlib.lib
        10          0          0          0          0        116   fz_wm.l

    ----------------------------------------------------------------------
      2998        128       1248          4        100      26690   Library Totals

    ----------------------------------------------------------------------

==============================================================================


      Code (inc. data)   RO Data    RW Data    ZI Data      Debug   

      5252        636       1900         44      10564      42598   Grand Totals
      5252        636       1900         44      10564      42598   ELF Image Totals
      5252        636       1900         44          0          0   ROM Totals

==============================================================================

    Total RO  Size (Code + RO Data)                 7152 (   6.98kB)
    Total RW  Size (RW Data + ZI Data)             10608 (  10.36kB)
    Total ROM Size (Code + RO Data + RW Data)       7196 (   7.03kB)

==============================================================================

