<!doctype html public "-//w3c//dtd html 4.0 transitional//en">
<html><head>
<title>Static Call Graph - [.\generated\Objects\ssOS.axf]</title></head>
<body><HR>
<H1>Static Call Graph for image .\generated\Objects\ssOS.axf</H1><HR>
<BR><P>#&#060CALLGRAPH&#062# ARM Linker, 5060300: Last Updated: Sun Apr 02 23:00:27 2017
<BR><P>
<H3>Maximum Stack Usage =        132 bytes + Unknown(Functions without stacksize, Cycles, Untraceable Function Pointers)</H3><H3>
Call chain for Maximum Stack Depth:</H3>
__rt_entry_main &rArr; main &rArr; OS_EdgeTrigger_Init &rArr; GPIOPinTypeGPIOInput &rArr; GPIOPadConfigSet
<P>
<H3>
Functions with no stack information
</H3><UL>
 <LI><a href="#[b]">SysTick_Handler</a>
 <LI><a href="#[cf]">StartOS</a>
 <LI><a href="#[8a]">Reset_Handler</a>
 <LI><a href="#[8c]">DisableInterrupts</a>
 <LI><a href="#[8d]">EnableInterrupts</a>
 <LI><a href="#[8e]">StartCritical</a>
 <LI><a href="#[8f]">EndCritical</a>
 <LI><a href="#[90]">WaitForInterrupt</a>
 <LI><a href="#[91]">__user_initial_stackheap</a>
</UL>
</UL>
<P>
<H3>
Mutually Recursive functions
</H3> <LI><a href="#[3]">NMI_Handler</a>&nbsp;&nbsp;&nbsp;&rArr;&nbsp;&nbsp;&nbsp;<a href="#[3]">NMI_Handler</a><BR>
 <LI><a href="#[4]">HardFault_Handler</a>&nbsp;&nbsp;&nbsp;&rArr;&nbsp;&nbsp;&nbsp;<a href="#[4]">HardFault_Handler</a><BR>
 <LI><a href="#[5]">MemManage_Handler</a>&nbsp;&nbsp;&nbsp;&rArr;&nbsp;&nbsp;&nbsp;<a href="#[5]">MemManage_Handler</a><BR>
 <LI><a href="#[6]">BusFault_Handler</a>&nbsp;&nbsp;&nbsp;&rArr;&nbsp;&nbsp;&nbsp;<a href="#[6]">BusFault_Handler</a><BR>
 <LI><a href="#[7]">UsageFault_Handler</a>&nbsp;&nbsp;&nbsp;&rArr;&nbsp;&nbsp;&nbsp;<a href="#[7]">UsageFault_Handler</a><BR>
 <LI><a href="#[8]">SVC_Handler</a>&nbsp;&nbsp;&nbsp;&rArr;&nbsp;&nbsp;&nbsp;<a href="#[8]">SVC_Handler</a><BR>
 <LI><a href="#[9]">DebugMon_Handler</a>&nbsp;&nbsp;&nbsp;&rArr;&nbsp;&nbsp;&nbsp;<a href="#[9]">DebugMon_Handler</a><BR>
 <LI><a href="#[a]">PendSV_Handler</a>&nbsp;&nbsp;&nbsp;&rArr;&nbsp;&nbsp;&nbsp;<a href="#[a]">PendSV_Handler</a><BR>
 <LI><a href="#[1a]">ADC0Seq0_Handler</a>&nbsp;&nbsp;&nbsp;&rArr;&nbsp;&nbsp;&nbsp;<a href="#[1a]">ADC0Seq0_Handler</a><BR>
 <LI><a href="#[ec]">UARTCharPut</a>&nbsp;&nbsp;&nbsp;&rArr;&nbsp;&nbsp;&nbsp;<a href="#[ec]">UARTCharPut</a><BR>
 <LI><a href="#[e0]">UART0_SendUDecimal</a>&nbsp;&nbsp;&nbsp;&rArr;&nbsp;&nbsp;&nbsp;<a href="#[e0]">UART0_SendUDecimal</a><BR>
 <LI><a href="#[dc]">UART2_SendUDecimal</a>&nbsp;&nbsp;&nbsp;&rArr;&nbsp;&nbsp;&nbsp;<a href="#[dc]">UART2_SendUDecimal</a><BR>
 <LI><a href="#[a3]">SysCtlDelay</a>&nbsp;&nbsp;&nbsp;&rArr;&nbsp;&nbsp;&nbsp;<a href="#[a3]">SysCtlDelay</a><BR>
 <LI><a href="#[e5]">UARTDisable</a>&nbsp;&nbsp;&nbsp;&rArr;&nbsp;&nbsp;&nbsp;<a href="#[e5]">UARTDisable</a><BR>
 <LI><a href="#[e8]">UARTConfigSetExpClk</a>&nbsp;&nbsp;&nbsp;&rArr;&nbsp;&nbsp;&nbsp;<a href="#[e8]">UARTConfigSetExpClk</a><BR>
</UL>
<P>
<H3>
Function Pointers
</H3><UL>
 <LI><a href="#[1a]">ADC0Seq0_Handler</a> from startup_tm4c123.o(.text) referenced from startup_tm4c123.o(RESET)
 <LI><a href="#[1b]">ADC0Seq1_Handler</a> from startup_tm4c123.o(.text) referenced from startup_tm4c123.o(RESET)
 <LI><a href="#[1c]">ADC0Seq2_Handler</a> from startup_tm4c123.o(.text) referenced from startup_tm4c123.o(RESET)
 <LI><a href="#[1d]">ADC0Seq3_Handler</a> from startup_tm4c123.o(.text) referenced from startup_tm4c123.o(RESET)
 <LI><a href="#[3c]">ADC1Seq0_Handler</a> from startup_tm4c123.o(.text) referenced from startup_tm4c123.o(RESET)
 <LI><a href="#[3d]">ADC1Seq1_Handler</a> from startup_tm4c123.o(.text) referenced from startup_tm4c123.o(RESET)
 <LI><a href="#[3e]">ADC1Seq2_Handler</a> from startup_tm4c123.o(.text) referenced from startup_tm4c123.o(RESET)
 <LI><a href="#[3f]">ADC1Seq3_Handler</a> from startup_tm4c123.o(.text) referenced from startup_tm4c123.o(RESET)
 <LI><a href="#[6]">BusFault_Handler</a> from startup_tm4c123.o(.text) referenced from startup_tm4c123.o(RESET)
 <LI><a href="#[33]">CAN0_Handler</a> from startup_tm4c123.o(.text) referenced from startup_tm4c123.o(RESET)
 <LI><a href="#[34]">CAN1_Handler</a> from startup_tm4c123.o(.text) referenced from startup_tm4c123.o(RESET)
 <LI><a href="#[35]">CAN2_Handler</a> from startup_tm4c123.o(.text) referenced from startup_tm4c123.o(RESET)
 <LI><a href="#[25]">Comp0_Handler</a> from startup_tm4c123.o(.text) referenced from startup_tm4c123.o(RESET)
 <LI><a href="#[26]">Comp1_Handler</a> from startup_tm4c123.o(.text) referenced from startup_tm4c123.o(RESET)
 <LI><a href="#[27]">Comp2_Handler</a> from startup_tm4c123.o(.text) referenced from startup_tm4c123.o(RESET)
 <LI><a href="#[9]">DebugMon_Handler</a> from startup_tm4c123.o(.text) referenced from startup_tm4c123.o(RESET)
 <LI><a href="#[36]">Ethernet_Handler</a> from startup_tm4c123.o(.text) referenced from startup_tm4c123.o(RESET)
 <LI><a href="#[41]">ExtBus_Handler</a> from startup_tm4c123.o(.text) referenced from startup_tm4c123.o(RESET)
 <LI><a href="#[5e]">FPU_Handler</a> from startup_tm4c123.o(.text) referenced from startup_tm4c123.o(RESET)
 <LI><a href="#[66]">Fan0_Handler</a> from startup_tm4c123.o(.text) referenced from startup_tm4c123.o(RESET)
 <LI><a href="#[29]">FlashCtl_Handler</a> from startup_tm4c123.o(.text) referenced from startup_tm4c123.o(RESET)
 <LI><a href="#[c]">GPIOPortA_Handler</a> from startup_tm4c123.o(.text) referenced from startup_tm4c123.o(RESET)
 <LI><a href="#[d]">GPIOPortB_Handler</a> from startup_tm4c123.o(.text) referenced from startup_tm4c123.o(RESET)
 <LI><a href="#[e]">GPIOPortC_Handler</a> from os_hw.o(i.GPIOPortC_Handler) referenced from startup_tm4c123.o(RESET)
 <LI><a href="#[f]">GPIOPortD_Handler</a> from os_hw.o(i.GPIOPortD_Handler) referenced from startup_tm4c123.o(RESET)
 <LI><a href="#[10]">GPIOPortE_Handler</a> from startup_tm4c123.o(.text) referenced from startup_tm4c123.o(RESET)
 <LI><a href="#[2a]">GPIOPortF_Handler</a> from os_hw.o(i.GPIOPortF_Handler) referenced from startup_tm4c123.o(RESET)
 <LI><a href="#[2b]">GPIOPortG_Handler</a> from startup_tm4c123.o(.text) referenced from startup_tm4c123.o(RESET)
 <LI><a href="#[2c]">GPIOPortH_Handler</a> from startup_tm4c123.o(.text) referenced from startup_tm4c123.o(RESET)
 <LI><a href="#[42]">GPIOPortJ_Handler</a> from startup_tm4c123.o(.text) referenced from startup_tm4c123.o(RESET)
 <LI><a href="#[43]">GPIOPortK_Handler</a> from startup_tm4c123.o(.text) referenced from startup_tm4c123.o(RESET)
 <LI><a href="#[44]">GPIOPortL_Handler</a> from startup_tm4c123.o(.text) referenced from startup_tm4c123.o(RESET)
 <LI><a href="#[63]">GPIOPortM_Handler</a> from startup_tm4c123.o(.text) referenced from startup_tm4c123.o(RESET)
 <LI><a href="#[64]">GPIOPortN_Handler</a> from startup_tm4c123.o(.text) referenced from startup_tm4c123.o(RESET)
 <LI><a href="#[68]">GPIOPortP1_Handler</a> from startup_tm4c123.o(.text) referenced from startup_tm4c123.o(RESET)
 <LI><a href="#[69]">GPIOPortP2_Handler</a> from startup_tm4c123.o(.text) referenced from startup_tm4c123.o(RESET)
 <LI><a href="#[6a]">GPIOPortP3_Handler</a> from startup_tm4c123.o(.text) referenced from startup_tm4c123.o(RESET)
 <LI><a href="#[6b]">GPIOPortP4_Handler</a> from startup_tm4c123.o(.text) referenced from startup_tm4c123.o(RESET)
 <LI><a href="#[6c]">GPIOPortP5_Handler</a> from startup_tm4c123.o(.text) referenced from startup_tm4c123.o(RESET)
 <LI><a href="#[6d]">GPIOPortP6_Handler</a> from startup_tm4c123.o(.text) referenced from startup_tm4c123.o(RESET)
 <LI><a href="#[6e]">GPIOPortP7_Handler</a> from startup_tm4c123.o(.text) referenced from startup_tm4c123.o(RESET)
 <LI><a href="#[67]">GPIOPortP_Handler</a> from startup_tm4c123.o(.text) referenced from startup_tm4c123.o(RESET)
 <LI><a href="#[70]">GPIOPortQ1_Handler</a> from startup_tm4c123.o(.text) referenced from startup_tm4c123.o(RESET)
 <LI><a href="#[71]">GPIOPortQ2_Handler</a> from startup_tm4c123.o(.text) referenced from startup_tm4c123.o(RESET)
 <LI><a href="#[72]">GPIOPortQ3_Handler</a> from startup_tm4c123.o(.text) referenced from startup_tm4c123.o(RESET)
 <LI><a href="#[73]">GPIOPortQ4_Handler</a> from startup_tm4c123.o(.text) referenced from startup_tm4c123.o(RESET)
 <LI><a href="#[74]">GPIOPortQ5_Handler</a> from startup_tm4c123.o(.text) referenced from startup_tm4c123.o(RESET)
 <LI><a href="#[75]">GPIOPortQ6_Handler</a> from startup_tm4c123.o(.text) referenced from startup_tm4c123.o(RESET)
 <LI><a href="#[76]">GPIOPortQ7_Handler</a> from startup_tm4c123.o(.text) referenced from startup_tm4c123.o(RESET)
 <LI><a href="#[6f]">GPIOPortQ_Handler</a> from startup_tm4c123.o(.text) referenced from startup_tm4c123.o(RESET)
 <LI><a href="#[77]">GPIOPortR_Handler</a> from startup_tm4c123.o(.text) referenced from startup_tm4c123.o(RESET)
 <LI><a href="#[78]">GPIOPortS_Handler</a> from startup_tm4c123.o(.text) referenced from startup_tm4c123.o(RESET)
 <LI><a href="#[4]">HardFault_Handler</a> from startup_tm4c123.o(.text) referenced from startup_tm4c123.o(RESET)
 <LI><a href="#[37]">Hibernate_Handler</a> from startup_tm4c123.o(.text) referenced from startup_tm4c123.o(RESET)
 <LI><a href="#[14]">I2C0_Handler</a> from startup_tm4c123.o(.text) referenced from startup_tm4c123.o(RESET)
 <LI><a href="#[31]">I2C1_Handler</a> from startup_tm4c123.o(.text) referenced from startup_tm4c123.o(RESET)
 <LI><a href="#[4c]">I2C2_Handler</a> from startup_tm4c123.o(.text) referenced from startup_tm4c123.o(RESET)
 <LI><a href="#[4d]">I2C3_Handler</a> from startup_tm4c123.o(.text) referenced from startup_tm4c123.o(RESET)
 <LI><a href="#[61]">I2C4_Handler</a> from startup_tm4c123.o(.text) referenced from startup_tm4c123.o(RESET)
 <LI><a href="#[62]">I2C5_Handler</a> from startup_tm4c123.o(.text) referenced from startup_tm4c123.o(RESET)
 <LI><a href="#[40]">I2S0_Handler</a> from startup_tm4c123.o(.text) referenced from startup_tm4c123.o(RESET)
 <LI><a href="#[80]">Idle_Task</a> from main.o(i.Idle_Task) referenced from main.o(i.main)
 <LI><a href="#[60]">LPC0_Handler</a> from startup_tm4c123.o(.text) referenced from startup_tm4c123.o(RESET)
 <LI><a href="#[5]">MemManage_Handler</a> from startup_tm4c123.o(.text) referenced from startup_tm4c123.o(RESET)
 <LI><a href="#[3]">NMI_Handler</a> from startup_tm4c123.o(.text) referenced from startup_tm4c123.o(RESET)
 <LI><a href="#[5f]">PECI0_Handler</a> from startup_tm4c123.o(.text) referenced from startup_tm4c123.o(RESET)
 <LI><a href="#[15]">PWM0Fault_Handler</a> from startup_tm4c123.o(.text) referenced from startup_tm4c123.o(RESET)
 <LI><a href="#[16]">PWM0Generator0_Handler</a> from startup_tm4c123.o(.text) referenced from startup_tm4c123.o(RESET)
 <LI><a href="#[17]">PWM0Generator1_Handler</a> from startup_tm4c123.o(.text) referenced from startup_tm4c123.o(RESET)
 <LI><a href="#[18]">PWM0Generator2_Handler</a> from startup_tm4c123.o(.text) referenced from startup_tm4c123.o(RESET)
 <LI><a href="#[39]">PWM0Generator3_Handler</a> from startup_tm4c123.o(.text) referenced from startup_tm4c123.o(RESET)
 <LI><a href="#[7d]">PWM1Fault_Handler</a> from startup_tm4c123.o(.text) referenced from startup_tm4c123.o(RESET)
 <LI><a href="#[79]">PWM1Generator0_Handler</a> from startup_tm4c123.o(.text) referenced from startup_tm4c123.o(RESET)
 <LI><a href="#[7a]">PWM1Generator1_Handler</a> from startup_tm4c123.o(.text) referenced from startup_tm4c123.o(RESET)
 <LI><a href="#[7b]">PWM1Generator2_Handler</a> from startup_tm4c123.o(.text) referenced from startup_tm4c123.o(RESET)
 <LI><a href="#[7c]">PWM1Generator3_Handler</a> from startup_tm4c123.o(.text) referenced from startup_tm4c123.o(RESET)
 <LI><a href="#[a]">PendSV_Handler</a> from startup_tm4c123.o(.text) referenced from startup_tm4c123.o(RESET)
 <LI><a href="#[19]">Quadrature0_Handler</a> from startup_tm4c123.o(.text) referenced from startup_tm4c123.o(RESET)
 <LI><a href="#[32]">Quadrature1_Handler</a> from startup_tm4c123.o(.text) referenced from startup_tm4c123.o(RESET)
 <LI><a href="#[65]">Quadrature2_Handler</a> from startup_tm4c123.o(.text) referenced from startup_tm4c123.o(RESET)
 <LI><a href="#[8a]">Reset_Handler</a> from startup_tm4c123.o(.text) referenced from startup_tm4c123.o(RESET)
 <LI><a href="#[13]">SSI0_Handler</a> from startup_tm4c123.o(.text) referenced from startup_tm4c123.o(RESET)
 <LI><a href="#[2e]">SSI1_Handler</a> from startup_tm4c123.o(.text) referenced from startup_tm4c123.o(RESET)
 <LI><a href="#[45]">SSI2_Handler</a> from startup_tm4c123.o(.text) referenced from startup_tm4c123.o(RESET)
 <LI><a href="#[46]">SSI3_Handler</a> from startup_tm4c123.o(.text) referenced from startup_tm4c123.o(RESET)
 <LI><a href="#[8]">SVC_Handler</a> from startup_tm4c123.o(.text) referenced from startup_tm4c123.o(RESET)
 <LI><a href="#[28]">SysCtl_Handler</a> from startup_tm4c123.o(.text) referenced from startup_tm4c123.o(RESET)
 <LI><a href="#[b]">SysTick_Handler</a> from osasm.o(.text) referenced from startup_tm4c123.o(RESET)
 <LI><a href="#[89]">Task0_PIRA</a> from main.o(i.Task0_PIRA) referenced from main.o(i.main)
 <LI><a href="#[88]">Task1_PIRB</a> from main.o(i.Task1_PIRB) referenced from main.o(i.main)
 <LI><a href="#[87]">Task2_Cyclic10ms</a> from main.o(i.Task2_Cyclic10ms) referenced from main.o(i.main)
 <LI><a href="#[86]">Task3_Cyclic50ms</a> from main.o(i.Task3_Cyclic50ms) referenced from main.o(i.main)
 <LI><a href="#[85]">Task4_Cyclic100ms</a> from main.o(i.Task4_Cyclic100ms) referenced from main.o(i.main)
 <LI><a href="#[84]">Task5_Cyclic500ms</a> from main.o(i.Task5_Cyclic500ms) referenced from main.o(i.main)
 <LI><a href="#[83]">Task6_Cyclic1000ms</a> from main.o(i.Task6_Cyclic1000ms) referenced from main.o(i.main)
 <LI><a href="#[82]">Task7_BlankTask</a> from main.o(i.Task7_BlankTask) referenced from main.o(i.main)
 <LI><a href="#[81]">Task8_BlankTask</a> from main.o(i.Task8_BlankTask) referenced from main.o(i.main)
 <LI><a href="#[1f]">Timer0A_Handler</a> from os_hw.o(i.Timer0A_Handler) referenced from startup_tm4c123.o(RESET)
 <LI><a href="#[20]">Timer0B_Handler</a> from startup_tm4c123.o(.text) referenced from startup_tm4c123.o(RESET)
 <LI><a href="#[21]">Timer1A_Handler</a> from os_hw.o(i.Timer1A_Handler) referenced from startup_tm4c123.o(RESET)
 <LI><a href="#[22]">Timer1B_Handler</a> from startup_tm4c123.o(.text) referenced from startup_tm4c123.o(RESET)
 <LI><a href="#[23]">Timer2A_Handler</a> from startup_tm4c123.o(.text) referenced from startup_tm4c123.o(RESET)
 <LI><a href="#[24]">Timer2B_Handler</a> from startup_tm4c123.o(.text) referenced from startup_tm4c123.o(RESET)
 <LI><a href="#[2f]">Timer3A_Handler</a> from startup_tm4c123.o(.text) referenced from startup_tm4c123.o(RESET)
 <LI><a href="#[30]">Timer3B_Handler</a> from startup_tm4c123.o(.text) referenced from startup_tm4c123.o(RESET)
 <LI><a href="#[4e]">Timer4A_Handler</a> from startup_tm4c123.o(.text) referenced from startup_tm4c123.o(RESET)
 <LI><a href="#[4f]">Timer4B_Handler</a> from startup_tm4c123.o(.text) referenced from startup_tm4c123.o(RESET)
 <LI><a href="#[50]">Timer5A_Handler</a> from startup_tm4c123.o(.text) referenced from startup_tm4c123.o(RESET)
 <LI><a href="#[51]">Timer5B_Handler</a> from startup_tm4c123.o(.text) referenced from startup_tm4c123.o(RESET)
 <LI><a href="#[11]">UART0_Handler</a> from startup_tm4c123.o(.text) referenced from startup_tm4c123.o(RESET)
 <LI><a href="#[12]">UART1_Handler</a> from startup_tm4c123.o(.text) referenced from startup_tm4c123.o(RESET)
 <LI><a href="#[2d]">UART2_Handler</a> from startup_tm4c123.o(.text) referenced from startup_tm4c123.o(RESET)
 <LI><a href="#[47]">UART3_Handler</a> from startup_tm4c123.o(.text) referenced from startup_tm4c123.o(RESET)
 <LI><a href="#[48]">UART4_Handler</a> from startup_tm4c123.o(.text) referenced from startup_tm4c123.o(RESET)
 <LI><a href="#[49]">UART5_Handler</a> from startup_tm4c123.o(.text) referenced from startup_tm4c123.o(RESET)
 <LI><a href="#[4a]">UART6_Handler</a> from startup_tm4c123.o(.text) referenced from startup_tm4c123.o(RESET)
 <LI><a href="#[4b]">UART7_Handler</a> from startup_tm4c123.o(.text) referenced from startup_tm4c123.o(RESET)
 <LI><a href="#[38]">USB0_Handler</a> from startup_tm4c123.o(.text) referenced from startup_tm4c123.o(RESET)
 <LI><a href="#[7]">UsageFault_Handler</a> from startup_tm4c123.o(.text) referenced from startup_tm4c123.o(RESET)
 <LI><a href="#[1e]">WDT_Handler</a> from startup_tm4c123.o(.text) referenced from startup_tm4c123.o(RESET)
 <LI><a href="#[52]">WideTimer0A_Handler</a> from os_hw.o(i.WideTimer0A_Handler) referenced from startup_tm4c123.o(RESET)
 <LI><a href="#[53]">WideTimer0B_Handler</a> from startup_tm4c123.o(.text) referenced from startup_tm4c123.o(RESET)
 <LI><a href="#[54]">WideTimer1A_Handler</a> from os_hw.o(i.WideTimer1A_Handler) referenced from startup_tm4c123.o(RESET)
 <LI><a href="#[55]">WideTimer1B_Handler</a> from startup_tm4c123.o(.text) referenced from startup_tm4c123.o(RESET)
 <LI><a href="#[56]">WideTimer2A_Handler</a> from startup_tm4c123.o(.text) referenced from startup_tm4c123.o(RESET)
 <LI><a href="#[57]">WideTimer2B_Handler</a> from startup_tm4c123.o(.text) referenced from startup_tm4c123.o(RESET)
 <LI><a href="#[58]">WideTimer3A_Handler</a> from startup_tm4c123.o(.text) referenced from startup_tm4c123.o(RESET)
 <LI><a href="#[59]">WideTimer3B_Handler</a> from startup_tm4c123.o(.text) referenced from startup_tm4c123.o(RESET)
 <LI><a href="#[5a]">WideTimer4A_Handler</a> from startup_tm4c123.o(.text) referenced from startup_tm4c123.o(RESET)
 <LI><a href="#[5b]">WideTimer4B_Handler</a> from startup_tm4c123.o(.text) referenced from startup_tm4c123.o(RESET)
 <LI><a href="#[5c]">WideTimer5A_Handler</a> from startup_tm4c123.o(.text) referenced from startup_tm4c123.o(RESET)
 <LI><a href="#[5d]">WideTimer5B_Handler</a> from startup_tm4c123.o(.text) referenced from startup_tm4c123.o(RESET)
 <LI><a href="#[7f]">runperiodicevents</a> from os_core.o(i.runperiodicevents) referenced from os_core.o(i.OS_Init)
 <LI><a href="#[7e]">runsleep</a> from os_core.o(i.runsleep) referenced from os_core.o(i.OS_Init)
 <LI><a href="#[3b]">uDMA_Error</a> from startup_tm4c123.o(.text) referenced from startup_tm4c123.o(RESET)
 <LI><a href="#[3a]">uDMA_Handler</a> from startup_tm4c123.o(.text) referenced from startup_tm4c123.o(RESET)
</UL>
<P>
<H3>
Global Symbols
</H3>
<P><STRONG><a name="[8b]"></a>__main</STRONG> (Thumb, 8 bytes, Stack size 0 bytes, __main.o(!!!main))
<BR><BR>[Calls]<UL><LI><a href="#[93]">&gt;&gt;</a>&nbsp;&nbsp;&nbsp;__rt_entry
<LI><a href="#[92]">&gt;&gt;</a>&nbsp;&nbsp;&nbsp;__scatterload
</UL>
<BR>[Called By]<UL><LI><a href="#[8a]">&gt;&gt;</a>&nbsp;&nbsp;&nbsp;Reset_Handler
</UL>

<P><STRONG><a name="[92]"></a>__scatterload</STRONG> (Thumb, 0 bytes, Stack size unknown bytes, __scatter.o(!!!scatter))
<BR><BR>[Called By]<UL><LI><a href="#[8b]">&gt;&gt;</a>&nbsp;&nbsp;&nbsp;__main
</UL>

<P><STRONG><a name="[94]"></a>__scatterload_rt2</STRONG> (Thumb, 44 bytes, Stack size unknown bytes, __scatter.o(!!!scatter), UNUSED)
<BR><BR>[Calls]<UL><LI><a href="#[93]">&gt;&gt;</a>&nbsp;&nbsp;&nbsp;__rt_entry
</UL>

<P><STRONG><a name="[f0]"></a>__scatterload_rt2_thumb_only</STRONG> (Thumb, 0 bytes, Stack size unknown bytes, __scatter.o(!!!scatter), UNUSED)

<P><STRONG><a name="[f1]"></a>__scatterload_null</STRONG> (Thumb, 0 bytes, Stack size unknown bytes, __scatter.o(!!!scatter), UNUSED)

<P><STRONG><a name="[95]"></a>__scatterload_copy</STRONG> (Thumb, 26 bytes, Stack size unknown bytes, __scatter_copy.o(!!handler_copy), UNUSED)
<BR><BR>[Calls]<UL><LI><a href="#[95]">&gt;&gt;</a>&nbsp;&nbsp;&nbsp;__scatterload_copy
</UL>
<BR>[Called By]<UL><LI><a href="#[95]">&gt;&gt;</a>&nbsp;&nbsp;&nbsp;__scatterload_copy
</UL>

<P><STRONG><a name="[f2]"></a>__scatterload_zeroinit</STRONG> (Thumb, 28 bytes, Stack size unknown bytes, __scatter_zi.o(!!handler_zi), UNUSED)

<P><STRONG><a name="[9b]"></a>__rt_lib_init</STRONG> (Thumb, 0 bytes, Stack size unknown bytes, libinit.o(.ARM.Collect$$libinit$$00000000))
<BR><BR>[Called By]<UL><LI><a href="#[9a]">&gt;&gt;</a>&nbsp;&nbsp;&nbsp;__rt_entry_li
</UL>

<P><STRONG><a name="[96]"></a>__rt_lib_init_fp_1</STRONG> (Thumb, 0 bytes, Stack size unknown bytes, libinit2.o(.ARM.Collect$$libinit$$00000001))
<BR><BR>[Calls]<UL><LI><a href="#[97]">&gt;&gt;</a>&nbsp;&nbsp;&nbsp;_fp_init
</UL>

<P><STRONG><a name="[f3]"></a>__rt_lib_init_alloca_1</STRONG> (Thumb, 0 bytes, Stack size unknown bytes, libinit2.o(.ARM.Collect$$libinit$$0000002E))

<P><STRONG><a name="[f4]"></a>__rt_lib_init_argv_1</STRONG> (Thumb, 0 bytes, Stack size unknown bytes, libinit2.o(.ARM.Collect$$libinit$$0000002C))

<P><STRONG><a name="[f5]"></a>__rt_lib_init_atexit_1</STRONG> (Thumb, 0 bytes, Stack size unknown bytes, libinit2.o(.ARM.Collect$$libinit$$0000001B))

<P><STRONG><a name="[f6]"></a>__rt_lib_init_clock_1</STRONG> (Thumb, 0 bytes, Stack size unknown bytes, libinit2.o(.ARM.Collect$$libinit$$00000021))

<P><STRONG><a name="[f7]"></a>__rt_lib_init_cpp_1</STRONG> (Thumb, 0 bytes, Stack size unknown bytes, libinit2.o(.ARM.Collect$$libinit$$00000032))

<P><STRONG><a name="[f8]"></a>__rt_lib_init_exceptions_1</STRONG> (Thumb, 0 bytes, Stack size unknown bytes, libinit2.o(.ARM.Collect$$libinit$$00000030))

<P><STRONG><a name="[f9]"></a>__rt_lib_init_fp_trap_1</STRONG> (Thumb, 0 bytes, Stack size unknown bytes, libinit2.o(.ARM.Collect$$libinit$$0000001F))

<P><STRONG><a name="[fa]"></a>__rt_lib_init_getenv_1</STRONG> (Thumb, 0 bytes, Stack size unknown bytes, libinit2.o(.ARM.Collect$$libinit$$00000023))

<P><STRONG><a name="[fb]"></a>__rt_lib_init_heap_1</STRONG> (Thumb, 0 bytes, Stack size unknown bytes, libinit2.o(.ARM.Collect$$libinit$$0000000A))

<P><STRONG><a name="[fc]"></a>__rt_lib_init_lc_collate_1</STRONG> (Thumb, 0 bytes, Stack size unknown bytes, libinit2.o(.ARM.Collect$$libinit$$00000011))

<P><STRONG><a name="[fd]"></a>__rt_lib_init_lc_ctype_1</STRONG> (Thumb, 0 bytes, Stack size unknown bytes, libinit2.o(.ARM.Collect$$libinit$$00000013))

<P><STRONG><a name="[fe]"></a>__rt_lib_init_lc_monetary_1</STRONG> (Thumb, 0 bytes, Stack size unknown bytes, libinit2.o(.ARM.Collect$$libinit$$00000015))

<P><STRONG><a name="[ff]"></a>__rt_lib_init_lc_numeric_1</STRONG> (Thumb, 0 bytes, Stack size unknown bytes, libinit2.o(.ARM.Collect$$libinit$$00000017))

<P><STRONG><a name="[100]"></a>__rt_lib_init_lc_time_1</STRONG> (Thumb, 0 bytes, Stack size unknown bytes, libinit2.o(.ARM.Collect$$libinit$$00000019))

<P><STRONG><a name="[101]"></a>__rt_lib_init_preinit_1</STRONG> (Thumb, 0 bytes, Stack size unknown bytes, libinit2.o(.ARM.Collect$$libinit$$00000004))

<P><STRONG><a name="[102]"></a>__rt_lib_init_rand_1</STRONG> (Thumb, 0 bytes, Stack size unknown bytes, libinit2.o(.ARM.Collect$$libinit$$0000000E))

<P><STRONG><a name="[103]"></a>__rt_lib_init_return</STRONG> (Thumb, 0 bytes, Stack size unknown bytes, libinit2.o(.ARM.Collect$$libinit$$00000033))

<P><STRONG><a name="[104]"></a>__rt_lib_init_signal_1</STRONG> (Thumb, 0 bytes, Stack size unknown bytes, libinit2.o(.ARM.Collect$$libinit$$0000001D))

<P><STRONG><a name="[105]"></a>__rt_lib_init_stdio_1</STRONG> (Thumb, 0 bytes, Stack size unknown bytes, libinit2.o(.ARM.Collect$$libinit$$00000025))

<P><STRONG><a name="[106]"></a>__rt_lib_init_user_alloc_1</STRONG> (Thumb, 0 bytes, Stack size unknown bytes, libinit2.o(.ARM.Collect$$libinit$$0000000C))

<P><STRONG><a name="[a0]"></a>__rt_lib_shutdown</STRONG> (Thumb, 0 bytes, Stack size unknown bytes, libshutdown.o(.ARM.Collect$$libshutdown$$00000000))
<BR><BR>[Called By]<UL><LI><a href="#[9f]">&gt;&gt;</a>&nbsp;&nbsp;&nbsp;__rt_exit_ls
</UL>

<P><STRONG><a name="[107]"></a>__rt_lib_shutdown_cpp_1</STRONG> (Thumb, 0 bytes, Stack size unknown bytes, libshutdown2.o(.ARM.Collect$$libshutdown$$00000002))

<P><STRONG><a name="[108]"></a>__rt_lib_shutdown_fp_trap_1</STRONG> (Thumb, 0 bytes, Stack size unknown bytes, libshutdown2.o(.ARM.Collect$$libshutdown$$00000007))

<P><STRONG><a name="[109]"></a>__rt_lib_shutdown_heap_1</STRONG> (Thumb, 0 bytes, Stack size unknown bytes, libshutdown2.o(.ARM.Collect$$libshutdown$$0000000F))

<P><STRONG><a name="[10a]"></a>__rt_lib_shutdown_return</STRONG> (Thumb, 0 bytes, Stack size unknown bytes, libshutdown2.o(.ARM.Collect$$libshutdown$$00000010))

<P><STRONG><a name="[10b]"></a>__rt_lib_shutdown_signal_1</STRONG> (Thumb, 0 bytes, Stack size unknown bytes, libshutdown2.o(.ARM.Collect$$libshutdown$$0000000A))

<P><STRONG><a name="[10c]"></a>__rt_lib_shutdown_stdio_1</STRONG> (Thumb, 0 bytes, Stack size unknown bytes, libshutdown2.o(.ARM.Collect$$libshutdown$$00000004))

<P><STRONG><a name="[10d]"></a>__rt_lib_shutdown_user_alloc_1</STRONG> (Thumb, 0 bytes, Stack size unknown bytes, libshutdown2.o(.ARM.Collect$$libshutdown$$0000000C))

<P><STRONG><a name="[93]"></a>__rt_entry</STRONG> (Thumb, 0 bytes, Stack size unknown bytes, __rtentry.o(.ARM.Collect$$rtentry$$00000000))
<BR><BR>[Called By]<UL><LI><a href="#[8b]">&gt;&gt;</a>&nbsp;&nbsp;&nbsp;__main
<LI><a href="#[94]">&gt;&gt;</a>&nbsp;&nbsp;&nbsp;__scatterload_rt2
</UL>

<P><STRONG><a name="[10e]"></a>__rt_entry_presh_1</STRONG> (Thumb, 0 bytes, Stack size unknown bytes, __rtentry2.o(.ARM.Collect$$rtentry$$00000002))

<P><STRONG><a name="[98]"></a>__rt_entry_sh</STRONG> (Thumb, 0 bytes, Stack size unknown bytes, __rtentry4.o(.ARM.Collect$$rtentry$$00000004))
<BR><BR>[Stack]<UL><LI>Max Depth = 8 + Unknown Stack Size
<LI>Call Chain = __rt_entry_sh &rArr; __user_setup_stackheap
</UL>
<BR>[Calls]<UL><LI><a href="#[99]">&gt;&gt;</a>&nbsp;&nbsp;&nbsp;__user_setup_stackheap
</UL>

<P><STRONG><a name="[9a]"></a>__rt_entry_li</STRONG> (Thumb, 0 bytes, Stack size unknown bytes, __rtentry2.o(.ARM.Collect$$rtentry$$0000000A))
<BR><BR>[Calls]<UL><LI><a href="#[9b]">&gt;&gt;</a>&nbsp;&nbsp;&nbsp;__rt_lib_init
</UL>

<P><STRONG><a name="[10f]"></a>__rt_entry_postsh_1</STRONG> (Thumb, 0 bytes, Stack size unknown bytes, __rtentry2.o(.ARM.Collect$$rtentry$$00000009))

<P><STRONG><a name="[9c]"></a>__rt_entry_main</STRONG> (Thumb, 0 bytes, Stack size unknown bytes, __rtentry2.o(.ARM.Collect$$rtentry$$0000000D))
<BR><BR>[Stack]<UL><LI>Max Depth = 132 + Unknown Stack Size
<LI>Call Chain = __rt_entry_main &rArr; main &rArr; OS_EdgeTrigger_Init &rArr; GPIOPinTypeGPIOInput &rArr; GPIOPadConfigSet
</UL>
<BR>[Calls]<UL><LI><a href="#[9d]">&gt;&gt;</a>&nbsp;&nbsp;&nbsp;main
<LI><a href="#[9e]">&gt;&gt;</a>&nbsp;&nbsp;&nbsp;exit
</UL>

<P><STRONG><a name="[110]"></a>__rt_entry_postli_1</STRONG> (Thumb, 0 bytes, Stack size unknown bytes, __rtentry2.o(.ARM.Collect$$rtentry$$0000000C))

<P><STRONG><a name="[a6]"></a>__rt_exit</STRONG> (Thumb, 0 bytes, Stack size unknown bytes, rtexit.o(.ARM.Collect$$rtexit$$00000000))
<BR><BR>[Called By]<UL><LI><a href="#[9e]">&gt;&gt;</a>&nbsp;&nbsp;&nbsp;exit
</UL>

<P><STRONG><a name="[9f]"></a>__rt_exit_ls</STRONG> (Thumb, 0 bytes, Stack size unknown bytes, rtexit2.o(.ARM.Collect$$rtexit$$00000003))
<BR><BR>[Calls]<UL><LI><a href="#[a0]">&gt;&gt;</a>&nbsp;&nbsp;&nbsp;__rt_lib_shutdown
</UL>

<P><STRONG><a name="[111]"></a>__rt_exit_prels_1</STRONG> (Thumb, 0 bytes, Stack size unknown bytes, rtexit2.o(.ARM.Collect$$rtexit$$00000002))

<P><STRONG><a name="[a1]"></a>__rt_exit_exit</STRONG> (Thumb, 0 bytes, Stack size unknown bytes, rtexit2.o(.ARM.Collect$$rtexit$$00000004))
<BR><BR>[Calls]<UL><LI><a href="#[a2]">&gt;&gt;</a>&nbsp;&nbsp;&nbsp;_sys_exit
</UL>

<P><STRONG><a name="[a3]"></a>SysCtlDelay</STRONG> (Thumb, 6 bytes, Stack size 0 bytes, sysctl.o(.emb_text))
<BR><BR>[Calls]<UL><LI><a href="#[a3]">&gt;&gt;</a>&nbsp;&nbsp;&nbsp;SysCtlDelay
</UL>
<BR>[Called By]<UL><LI><a href="#[a3]">&gt;&gt;</a>&nbsp;&nbsp;&nbsp;SysCtlDelay
<LI><a href="#[c3]">&gt;&gt;</a>&nbsp;&nbsp;&nbsp;SysCtlClockSet
<LI><a href="#[d9]">&gt;&gt;</a>&nbsp;&nbsp;&nbsp;SendSMS
</UL>

<P><STRONG><a name="[b]"></a>SysTick_Handler</STRONG> (Thumb, 0 bytes, Stack size unknown bytes, osasm.o(.text))
<BR><BR>[Calls]<UL><LI><a href="#[a4]">&gt;&gt;</a>&nbsp;&nbsp;&nbsp;Scheduler
</UL>
<BR>[Address Reference Count : 1]<UL><LI> startup_tm4c123.o(RESET)
</UL>
<P><STRONG><a name="[cf]"></a>StartOS</STRONG> (Thumb, 0 bytes, Stack size unknown bytes, osasm.o(.text))
<BR><BR>[Called By]<UL><LI><a href="#[ce]">&gt;&gt;</a>&nbsp;&nbsp;&nbsp;OS_Launch
</UL>

<P><STRONG><a name="[8a]"></a>Reset_Handler</STRONG> (Thumb, 0 bytes, Stack size unknown bytes, startup_tm4c123.o(.text))
<BR><BR>[Calls]<UL><LI><a href="#[8b]">&gt;&gt;</a>&nbsp;&nbsp;&nbsp;__main
</UL>

<P><STRONG><a name="[3]"></a>NMI_Handler</STRONG> (Thumb, 2 bytes, Stack size 0 bytes, startup_tm4c123.o(.text))
<BR><BR>[Calls]<UL><LI><a href="#[3]">&gt;&gt;</a>&nbsp;&nbsp;&nbsp;NMI_Handler
</UL>
<BR>[Called By]<UL><LI><a href="#[3]">&gt;&gt;</a>&nbsp;&nbsp;&nbsp;NMI_Handler
</UL>
<BR>[Address Reference Count : 1]<UL><LI> startup_tm4c123.o(RESET)
</UL>
<P><STRONG><a name="[4]"></a>HardFault_Handler</STRONG> (Thumb, 2 bytes, Stack size 0 bytes, startup_tm4c123.o(.text))
<BR><BR>[Calls]<UL><LI><a href="#[4]">&gt;&gt;</a>&nbsp;&nbsp;&nbsp;HardFault_Handler
</UL>
<BR>[Called By]<UL><LI><a href="#[4]">&gt;&gt;</a>&nbsp;&nbsp;&nbsp;HardFault_Handler
</UL>
<BR>[Address Reference Count : 1]<UL><LI> startup_tm4c123.o(RESET)
</UL>
<P><STRONG><a name="[5]"></a>MemManage_Handler</STRONG> (Thumb, 2 bytes, Stack size 0 bytes, startup_tm4c123.o(.text))
<BR><BR>[Calls]<UL><LI><a href="#[5]">&gt;&gt;</a>&nbsp;&nbsp;&nbsp;MemManage_Handler
</UL>
<BR>[Called By]<UL><LI><a href="#[5]">&gt;&gt;</a>&nbsp;&nbsp;&nbsp;MemManage_Handler
</UL>
<BR>[Address Reference Count : 1]<UL><LI> startup_tm4c123.o(RESET)
</UL>
<P><STRONG><a name="[6]"></a>BusFault_Handler</STRONG> (Thumb, 2 bytes, Stack size 0 bytes, startup_tm4c123.o(.text))
<BR><BR>[Calls]<UL><LI><a href="#[6]">&gt;&gt;</a>&nbsp;&nbsp;&nbsp;BusFault_Handler
</UL>
<BR>[Called By]<UL><LI><a href="#[6]">&gt;&gt;</a>&nbsp;&nbsp;&nbsp;BusFault_Handler
</UL>
<BR>[Address Reference Count : 1]<UL><LI> startup_tm4c123.o(RESET)
</UL>
<P><STRONG><a name="[7]"></a>UsageFault_Handler</STRONG> (Thumb, 2 bytes, Stack size 0 bytes, startup_tm4c123.o(.text))
<BR><BR>[Calls]<UL><LI><a href="#[7]">&gt;&gt;</a>&nbsp;&nbsp;&nbsp;UsageFault_Handler
</UL>
<BR>[Called By]<UL><LI><a href="#[7]">&gt;&gt;</a>&nbsp;&nbsp;&nbsp;UsageFault_Handler
</UL>
<BR>[Address Reference Count : 1]<UL><LI> startup_tm4c123.o(RESET)
</UL>
<P><STRONG><a name="[8]"></a>SVC_Handler</STRONG> (Thumb, 2 bytes, Stack size 0 bytes, startup_tm4c123.o(.text))
<BR><BR>[Calls]<UL><LI><a href="#[8]">&gt;&gt;</a>&nbsp;&nbsp;&nbsp;SVC_Handler
</UL>
<BR>[Called By]<UL><LI><a href="#[8]">&gt;&gt;</a>&nbsp;&nbsp;&nbsp;SVC_Handler
</UL>
<BR>[Address Reference Count : 1]<UL><LI> startup_tm4c123.o(RESET)
</UL>
<P><STRONG><a name="[9]"></a>DebugMon_Handler</STRONG> (Thumb, 2 bytes, Stack size 0 bytes, startup_tm4c123.o(.text))
<BR><BR>[Calls]<UL><LI><a href="#[9]">&gt;&gt;</a>&nbsp;&nbsp;&nbsp;DebugMon_Handler
</UL>
<BR>[Called By]<UL><LI><a href="#[9]">&gt;&gt;</a>&nbsp;&nbsp;&nbsp;DebugMon_Handler
</UL>
<BR>[Address Reference Count : 1]<UL><LI> startup_tm4c123.o(RESET)
</UL>
<P><STRONG><a name="[a]"></a>PendSV_Handler</STRONG> (Thumb, 2 bytes, Stack size 0 bytes, startup_tm4c123.o(.text))
<BR><BR>[Calls]<UL><LI><a href="#[a]">&gt;&gt;</a>&nbsp;&nbsp;&nbsp;PendSV_Handler
</UL>
<BR>[Called By]<UL><LI><a href="#[a]">&gt;&gt;</a>&nbsp;&nbsp;&nbsp;PendSV_Handler
</UL>
<BR>[Address Reference Count : 1]<UL><LI> startup_tm4c123.o(RESET)
</UL>
<P><STRONG><a name="[1a]"></a>ADC0Seq0_Handler</STRONG> (Thumb, 0 bytes, Stack size 0 bytes, startup_tm4c123.o(.text))
<BR><BR>[Calls]<UL><LI><a href="#[1a]">&gt;&gt;</a>&nbsp;&nbsp;&nbsp;ADC0Seq0_Handler
</UL>
<BR>[Called By]<UL><LI><a href="#[1a]">&gt;&gt;</a>&nbsp;&nbsp;&nbsp;ADC0Seq0_Handler
</UL>
<BR>[Address Reference Count : 1]<UL><LI> startup_tm4c123.o(RESET)
</UL>
<P><STRONG><a name="[1b]"></a>ADC0Seq1_Handler</STRONG> (Thumb, 0 bytes, Stack size 0 bytes, startup_tm4c123.o(.text))
<BR>[Address Reference Count : 1]<UL><LI> startup_tm4c123.o(RESET)
</UL>
<P><STRONG><a name="[1c]"></a>ADC0Seq2_Handler</STRONG> (Thumb, 0 bytes, Stack size 0 bytes, startup_tm4c123.o(.text))
<BR>[Address Reference Count : 1]<UL><LI> startup_tm4c123.o(RESET)
</UL>
<P><STRONG><a name="[1d]"></a>ADC0Seq3_Handler</STRONG> (Thumb, 0 bytes, Stack size 0 bytes, startup_tm4c123.o(.text))
<BR>[Address Reference Count : 1]<UL><LI> startup_tm4c123.o(RESET)
</UL>
<P><STRONG><a name="[3c]"></a>ADC1Seq0_Handler</STRONG> (Thumb, 0 bytes, Stack size 0 bytes, startup_tm4c123.o(.text))
<BR>[Address Reference Count : 1]<UL><LI> startup_tm4c123.o(RESET)
</UL>
<P><STRONG><a name="[3d]"></a>ADC1Seq1_Handler</STRONG> (Thumb, 0 bytes, Stack size 0 bytes, startup_tm4c123.o(.text))
<BR>[Address Reference Count : 1]<UL><LI> startup_tm4c123.o(RESET)
</UL>
<P><STRONG><a name="[3e]"></a>ADC1Seq2_Handler</STRONG> (Thumb, 0 bytes, Stack size 0 bytes, startup_tm4c123.o(.text))
<BR>[Address Reference Count : 1]<UL><LI> startup_tm4c123.o(RESET)
</UL>
<P><STRONG><a name="[3f]"></a>ADC1Seq3_Handler</STRONG> (Thumb, 0 bytes, Stack size 0 bytes, startup_tm4c123.o(.text))
<BR>[Address Reference Count : 1]<UL><LI> startup_tm4c123.o(RESET)
</UL>
<P><STRONG><a name="[33]"></a>CAN0_Handler</STRONG> (Thumb, 0 bytes, Stack size 0 bytes, startup_tm4c123.o(.text))
<BR>[Address Reference Count : 1]<UL><LI> startup_tm4c123.o(RESET)
</UL>
<P><STRONG><a name="[34]"></a>CAN1_Handler</STRONG> (Thumb, 0 bytes, Stack size 0 bytes, startup_tm4c123.o(.text))
<BR>[Address Reference Count : 1]<UL><LI> startup_tm4c123.o(RESET)
</UL>
<P><STRONG><a name="[35]"></a>CAN2_Handler</STRONG> (Thumb, 0 bytes, Stack size 0 bytes, startup_tm4c123.o(.text))
<BR>[Address Reference Count : 1]<UL><LI> startup_tm4c123.o(RESET)
</UL>
<P><STRONG><a name="[25]"></a>Comp0_Handler</STRONG> (Thumb, 0 bytes, Stack size 0 bytes, startup_tm4c123.o(.text))
<BR>[Address Reference Count : 1]<UL><LI> startup_tm4c123.o(RESET)
</UL>
<P><STRONG><a name="[26]"></a>Comp1_Handler</STRONG> (Thumb, 0 bytes, Stack size 0 bytes, startup_tm4c123.o(.text))
<BR>[Address Reference Count : 1]<UL><LI> startup_tm4c123.o(RESET)
</UL>
<P><STRONG><a name="[27]"></a>Comp2_Handler</STRONG> (Thumb, 0 bytes, Stack size 0 bytes, startup_tm4c123.o(.text))
<BR>[Address Reference Count : 1]<UL><LI> startup_tm4c123.o(RESET)
</UL>
<P><STRONG><a name="[36]"></a>Ethernet_Handler</STRONG> (Thumb, 0 bytes, Stack size 0 bytes, startup_tm4c123.o(.text))
<BR>[Address Reference Count : 1]<UL><LI> startup_tm4c123.o(RESET)
</UL>
<P><STRONG><a name="[41]"></a>ExtBus_Handler</STRONG> (Thumb, 0 bytes, Stack size 0 bytes, startup_tm4c123.o(.text))
<BR>[Address Reference Count : 1]<UL><LI> startup_tm4c123.o(RESET)
</UL>
<P><STRONG><a name="[5e]"></a>FPU_Handler</STRONG> (Thumb, 0 bytes, Stack size 0 bytes, startup_tm4c123.o(.text))
<BR>[Address Reference Count : 1]<UL><LI> startup_tm4c123.o(RESET)
</UL>
<P><STRONG><a name="[66]"></a>Fan0_Handler</STRONG> (Thumb, 0 bytes, Stack size 0 bytes, startup_tm4c123.o(.text))
<BR>[Address Reference Count : 1]<UL><LI> startup_tm4c123.o(RESET)
</UL>
<P><STRONG><a name="[29]"></a>FlashCtl_Handler</STRONG> (Thumb, 0 bytes, Stack size 0 bytes, startup_tm4c123.o(.text))
<BR>[Address Reference Count : 1]<UL><LI> startup_tm4c123.o(RESET)
</UL>
<P><STRONG><a name="[c]"></a>GPIOPortA_Handler</STRONG> (Thumb, 0 bytes, Stack size 0 bytes, startup_tm4c123.o(.text))
<BR>[Address Reference Count : 1]<UL><LI> startup_tm4c123.o(RESET)
</UL>
<P><STRONG><a name="[d]"></a>GPIOPortB_Handler</STRONG> (Thumb, 0 bytes, Stack size 0 bytes, startup_tm4c123.o(.text))
<BR>[Address Reference Count : 1]<UL><LI> startup_tm4c123.o(RESET)
</UL>
<P><STRONG><a name="[10]"></a>GPIOPortE_Handler</STRONG> (Thumb, 0 bytes, Stack size 0 bytes, startup_tm4c123.o(.text))
<BR>[Address Reference Count : 1]<UL><LI> startup_tm4c123.o(RESET)
</UL>
<P><STRONG><a name="[2b]"></a>GPIOPortG_Handler</STRONG> (Thumb, 0 bytes, Stack size 0 bytes, startup_tm4c123.o(.text))
<BR>[Address Reference Count : 1]<UL><LI> startup_tm4c123.o(RESET)
</UL>
<P><STRONG><a name="[2c]"></a>GPIOPortH_Handler</STRONG> (Thumb, 0 bytes, Stack size 0 bytes, startup_tm4c123.o(.text))
<BR>[Address Reference Count : 1]<UL><LI> startup_tm4c123.o(RESET)
</UL>
<P><STRONG><a name="[42]"></a>GPIOPortJ_Handler</STRONG> (Thumb, 0 bytes, Stack size 0 bytes, startup_tm4c123.o(.text))
<BR>[Address Reference Count : 1]<UL><LI> startup_tm4c123.o(RESET)
</UL>
<P><STRONG><a name="[43]"></a>GPIOPortK_Handler</STRONG> (Thumb, 0 bytes, Stack size 0 bytes, startup_tm4c123.o(.text))
<BR>[Address Reference Count : 1]<UL><LI> startup_tm4c123.o(RESET)
</UL>
<P><STRONG><a name="[44]"></a>GPIOPortL_Handler</STRONG> (Thumb, 0 bytes, Stack size 0 bytes, startup_tm4c123.o(.text))
<BR>[Address Reference Count : 1]<UL><LI> startup_tm4c123.o(RESET)
</UL>
<P><STRONG><a name="[63]"></a>GPIOPortM_Handler</STRONG> (Thumb, 0 bytes, Stack size 0 bytes, startup_tm4c123.o(.text))
<BR>[Address Reference Count : 1]<UL><LI> startup_tm4c123.o(RESET)
</UL>
<P><STRONG><a name="[64]"></a>GPIOPortN_Handler</STRONG> (Thumb, 0 bytes, Stack size 0 bytes, startup_tm4c123.o(.text))
<BR>[Address Reference Count : 1]<UL><LI> startup_tm4c123.o(RESET)
</UL>
<P><STRONG><a name="[68]"></a>GPIOPortP1_Handler</STRONG> (Thumb, 0 bytes, Stack size 0 bytes, startup_tm4c123.o(.text))
<BR>[Address Reference Count : 1]<UL><LI> startup_tm4c123.o(RESET)
</UL>
<P><STRONG><a name="[69]"></a>GPIOPortP2_Handler</STRONG> (Thumb, 0 bytes, Stack size 0 bytes, startup_tm4c123.o(.text))
<BR>[Address Reference Count : 1]<UL><LI> startup_tm4c123.o(RESET)
</UL>
<P><STRONG><a name="[6a]"></a>GPIOPortP3_Handler</STRONG> (Thumb, 0 bytes, Stack size 0 bytes, startup_tm4c123.o(.text))
<BR>[Address Reference Count : 1]<UL><LI> startup_tm4c123.o(RESET)
</UL>
<P><STRONG><a name="[6b]"></a>GPIOPortP4_Handler</STRONG> (Thumb, 0 bytes, Stack size 0 bytes, startup_tm4c123.o(.text))
<BR>[Address Reference Count : 1]<UL><LI> startup_tm4c123.o(RESET)
</UL>
<P><STRONG><a name="[6c]"></a>GPIOPortP5_Handler</STRONG> (Thumb, 0 bytes, Stack size 0 bytes, startup_tm4c123.o(.text))
<BR>[Address Reference Count : 1]<UL><LI> startup_tm4c123.o(RESET)
</UL>
<P><STRONG><a name="[6d]"></a>GPIOPortP6_Handler</STRONG> (Thumb, 0 bytes, Stack size 0 bytes, startup_tm4c123.o(.text))
<BR>[Address Reference Count : 1]<UL><LI> startup_tm4c123.o(RESET)
</UL>
<P><STRONG><a name="[6e]"></a>GPIOPortP7_Handler</STRONG> (Thumb, 0 bytes, Stack size 0 bytes, startup_tm4c123.o(.text))
<BR>[Address Reference Count : 1]<UL><LI> startup_tm4c123.o(RESET)
</UL>
<P><STRONG><a name="[67]"></a>GPIOPortP_Handler</STRONG> (Thumb, 0 bytes, Stack size 0 bytes, startup_tm4c123.o(.text))
<BR>[Address Reference Count : 1]<UL><LI> startup_tm4c123.o(RESET)
</UL>
<P><STRONG><a name="[70]"></a>GPIOPortQ1_Handler</STRONG> (Thumb, 0 bytes, Stack size 0 bytes, startup_tm4c123.o(.text))
<BR>[Address Reference Count : 1]<UL><LI> startup_tm4c123.o(RESET)
</UL>
<P><STRONG><a name="[71]"></a>GPIOPortQ2_Handler</STRONG> (Thumb, 0 bytes, Stack size 0 bytes, startup_tm4c123.o(.text))
<BR>[Address Reference Count : 1]<UL><LI> startup_tm4c123.o(RESET)
</UL>
<P><STRONG><a name="[72]"></a>GPIOPortQ3_Handler</STRONG> (Thumb, 0 bytes, Stack size 0 bytes, startup_tm4c123.o(.text))
<BR>[Address Reference Count : 1]<UL><LI> startup_tm4c123.o(RESET)
</UL>
<P><STRONG><a name="[73]"></a>GPIOPortQ4_Handler</STRONG> (Thumb, 0 bytes, Stack size 0 bytes, startup_tm4c123.o(.text))
<BR>[Address Reference Count : 1]<UL><LI> startup_tm4c123.o(RESET)
</UL>
<P><STRONG><a name="[74]"></a>GPIOPortQ5_Handler</STRONG> (Thumb, 0 bytes, Stack size 0 bytes, startup_tm4c123.o(.text))
<BR>[Address Reference Count : 1]<UL><LI> startup_tm4c123.o(RESET)
</UL>
<P><STRONG><a name="[75]"></a>GPIOPortQ6_Handler</STRONG> (Thumb, 0 bytes, Stack size 0 bytes, startup_tm4c123.o(.text))
<BR>[Address Reference Count : 1]<UL><LI> startup_tm4c123.o(RESET)
</UL>
<P><STRONG><a name="[76]"></a>GPIOPortQ7_Handler</STRONG> (Thumb, 0 bytes, Stack size 0 bytes, startup_tm4c123.o(.text))
<BR>[Address Reference Count : 1]<UL><LI> startup_tm4c123.o(RESET)
</UL>
<P><STRONG><a name="[6f]"></a>GPIOPortQ_Handler</STRONG> (Thumb, 0 bytes, Stack size 0 bytes, startup_tm4c123.o(.text))
<BR>[Address Reference Count : 1]<UL><LI> startup_tm4c123.o(RESET)
</UL>
<P><STRONG><a name="[77]"></a>GPIOPortR_Handler</STRONG> (Thumb, 0 bytes, Stack size 0 bytes, startup_tm4c123.o(.text))
<BR>[Address Reference Count : 1]<UL><LI> startup_tm4c123.o(RESET)
</UL>
<P><STRONG><a name="[78]"></a>GPIOPortS_Handler</STRONG> (Thumb, 0 bytes, Stack size 0 bytes, startup_tm4c123.o(.text))
<BR>[Address Reference Count : 1]<UL><LI> startup_tm4c123.o(RESET)
</UL>
<P><STRONG><a name="[37]"></a>Hibernate_Handler</STRONG> (Thumb, 0 bytes, Stack size 0 bytes, startup_tm4c123.o(.text))
<BR>[Address Reference Count : 1]<UL><LI> startup_tm4c123.o(RESET)
</UL>
<P><STRONG><a name="[14]"></a>I2C0_Handler</STRONG> (Thumb, 0 bytes, Stack size 0 bytes, startup_tm4c123.o(.text))
<BR>[Address Reference Count : 1]<UL><LI> startup_tm4c123.o(RESET)
</UL>
<P><STRONG><a name="[31]"></a>I2C1_Handler</STRONG> (Thumb, 0 bytes, Stack size 0 bytes, startup_tm4c123.o(.text))
<BR>[Address Reference Count : 1]<UL><LI> startup_tm4c123.o(RESET)
</UL>
<P><STRONG><a name="[4c]"></a>I2C2_Handler</STRONG> (Thumb, 0 bytes, Stack size 0 bytes, startup_tm4c123.o(.text))
<BR>[Address Reference Count : 1]<UL><LI> startup_tm4c123.o(RESET)
</UL>
<P><STRONG><a name="[4d]"></a>I2C3_Handler</STRONG> (Thumb, 0 bytes, Stack size 0 bytes, startup_tm4c123.o(.text))
<BR>[Address Reference Count : 1]<UL><LI> startup_tm4c123.o(RESET)
</UL>
<P><STRONG><a name="[61]"></a>I2C4_Handler</STRONG> (Thumb, 0 bytes, Stack size 0 bytes, startup_tm4c123.o(.text))
<BR>[Address Reference Count : 1]<UL><LI> startup_tm4c123.o(RESET)
</UL>
<P><STRONG><a name="[62]"></a>I2C5_Handler</STRONG> (Thumb, 0 bytes, Stack size 0 bytes, startup_tm4c123.o(.text))
<BR>[Address Reference Count : 1]<UL><LI> startup_tm4c123.o(RESET)
</UL>
<P><STRONG><a name="[40]"></a>I2S0_Handler</STRONG> (Thumb, 0 bytes, Stack size 0 bytes, startup_tm4c123.o(.text))
<BR>[Address Reference Count : 1]<UL><LI> startup_tm4c123.o(RESET)
</UL>
<P><STRONG><a name="[60]"></a>LPC0_Handler</STRONG> (Thumb, 0 bytes, Stack size 0 bytes, startup_tm4c123.o(.text))
<BR>[Address Reference Count : 1]<UL><LI> startup_tm4c123.o(RESET)
</UL>
<P><STRONG><a name="[5f]"></a>PECI0_Handler</STRONG> (Thumb, 0 bytes, Stack size 0 bytes, startup_tm4c123.o(.text))
<BR>[Address Reference Count : 1]<UL><LI> startup_tm4c123.o(RESET)
</UL>
<P><STRONG><a name="[15]"></a>PWM0Fault_Handler</STRONG> (Thumb, 0 bytes, Stack size 0 bytes, startup_tm4c123.o(.text))
<BR>[Address Reference Count : 1]<UL><LI> startup_tm4c123.o(RESET)
</UL>
<P><STRONG><a name="[16]"></a>PWM0Generator0_Handler</STRONG> (Thumb, 0 bytes, Stack size 0 bytes, startup_tm4c123.o(.text))
<BR>[Address Reference Count : 1]<UL><LI> startup_tm4c123.o(RESET)
</UL>
<P><STRONG><a name="[17]"></a>PWM0Generator1_Handler</STRONG> (Thumb, 0 bytes, Stack size 0 bytes, startup_tm4c123.o(.text))
<BR>[Address Reference Count : 1]<UL><LI> startup_tm4c123.o(RESET)
</UL>
<P><STRONG><a name="[18]"></a>PWM0Generator2_Handler</STRONG> (Thumb, 0 bytes, Stack size 0 bytes, startup_tm4c123.o(.text))
<BR>[Address Reference Count : 1]<UL><LI> startup_tm4c123.o(RESET)
</UL>
<P><STRONG><a name="[39]"></a>PWM0Generator3_Handler</STRONG> (Thumb, 0 bytes, Stack size 0 bytes, startup_tm4c123.o(.text))
<BR>[Address Reference Count : 1]<UL><LI> startup_tm4c123.o(RESET)
</UL>
<P><STRONG><a name="[7d]"></a>PWM1Fault_Handler</STRONG> (Thumb, 0 bytes, Stack size 0 bytes, startup_tm4c123.o(.text))
<BR>[Address Reference Count : 1]<UL><LI> startup_tm4c123.o(RESET)
</UL>
<P><STRONG><a name="[79]"></a>PWM1Generator0_Handler</STRONG> (Thumb, 0 bytes, Stack size 0 bytes, startup_tm4c123.o(.text))
<BR>[Address Reference Count : 1]<UL><LI> startup_tm4c123.o(RESET)
</UL>
<P><STRONG><a name="[7a]"></a>PWM1Generator1_Handler</STRONG> (Thumb, 0 bytes, Stack size 0 bytes, startup_tm4c123.o(.text))
<BR>[Address Reference Count : 1]<UL><LI> startup_tm4c123.o(RESET)
</UL>
<P><STRONG><a name="[7b]"></a>PWM1Generator2_Handler</STRONG> (Thumb, 0 bytes, Stack size 0 bytes, startup_tm4c123.o(.text))
<BR>[Address Reference Count : 1]<UL><LI> startup_tm4c123.o(RESET)
</UL>
<P><STRONG><a name="[7c]"></a>PWM1Generator3_Handler</STRONG> (Thumb, 0 bytes, Stack size 0 bytes, startup_tm4c123.o(.text))
<BR>[Address Reference Count : 1]<UL><LI> startup_tm4c123.o(RESET)
</UL>
<P><STRONG><a name="[19]"></a>Quadrature0_Handler</STRONG> (Thumb, 0 bytes, Stack size 0 bytes, startup_tm4c123.o(.text))
<BR>[Address Reference Count : 1]<UL><LI> startup_tm4c123.o(RESET)
</UL>
<P><STRONG><a name="[32]"></a>Quadrature1_Handler</STRONG> (Thumb, 0 bytes, Stack size 0 bytes, startup_tm4c123.o(.text))
<BR>[Address Reference Count : 1]<UL><LI> startup_tm4c123.o(RESET)
</UL>
<P><STRONG><a name="[65]"></a>Quadrature2_Handler</STRONG> (Thumb, 0 bytes, Stack size 0 bytes, startup_tm4c123.o(.text))
<BR>[Address Reference Count : 1]<UL><LI> startup_tm4c123.o(RESET)
</UL>
<P><STRONG><a name="[13]"></a>SSI0_Handler</STRONG> (Thumb, 0 bytes, Stack size 0 bytes, startup_tm4c123.o(.text))
<BR>[Address Reference Count : 1]<UL><LI> startup_tm4c123.o(RESET)
</UL>
<P><STRONG><a name="[2e]"></a>SSI1_Handler</STRONG> (Thumb, 0 bytes, Stack size 0 bytes, startup_tm4c123.o(.text))
<BR>[Address Reference Count : 1]<UL><LI> startup_tm4c123.o(RESET)
</UL>
<P><STRONG><a name="[45]"></a>SSI2_Handler</STRONG> (Thumb, 0 bytes, Stack size 0 bytes, startup_tm4c123.o(.text))
<BR>[Address Reference Count : 1]<UL><LI> startup_tm4c123.o(RESET)
</UL>
<P><STRONG><a name="[46]"></a>SSI3_Handler</STRONG> (Thumb, 0 bytes, Stack size 0 bytes, startup_tm4c123.o(.text))
<BR>[Address Reference Count : 1]<UL><LI> startup_tm4c123.o(RESET)
</UL>
<P><STRONG><a name="[28]"></a>SysCtl_Handler</STRONG> (Thumb, 0 bytes, Stack size 0 bytes, startup_tm4c123.o(.text))
<BR>[Address Reference Count : 1]<UL><LI> startup_tm4c123.o(RESET)
</UL>
<P><STRONG><a name="[20]"></a>Timer0B_Handler</STRONG> (Thumb, 0 bytes, Stack size 0 bytes, startup_tm4c123.o(.text))
<BR>[Address Reference Count : 1]<UL><LI> startup_tm4c123.o(RESET)
</UL>
<P><STRONG><a name="[22]"></a>Timer1B_Handler</STRONG> (Thumb, 0 bytes, Stack size 0 bytes, startup_tm4c123.o(.text))
<BR>[Address Reference Count : 1]<UL><LI> startup_tm4c123.o(RESET)
</UL>
<P><STRONG><a name="[23]"></a>Timer2A_Handler</STRONG> (Thumb, 0 bytes, Stack size 0 bytes, startup_tm4c123.o(.text))
<BR>[Address Reference Count : 1]<UL><LI> startup_tm4c123.o(RESET)
</UL>
<P><STRONG><a name="[24]"></a>Timer2B_Handler</STRONG> (Thumb, 0 bytes, Stack size 0 bytes, startup_tm4c123.o(.text))
<BR>[Address Reference Count : 1]<UL><LI> startup_tm4c123.o(RESET)
</UL>
<P><STRONG><a name="[2f]"></a>Timer3A_Handler</STRONG> (Thumb, 0 bytes, Stack size 0 bytes, startup_tm4c123.o(.text))
<BR>[Address Reference Count : 1]<UL><LI> startup_tm4c123.o(RESET)
</UL>
<P><STRONG><a name="[30]"></a>Timer3B_Handler</STRONG> (Thumb, 0 bytes, Stack size 0 bytes, startup_tm4c123.o(.text))
<BR>[Address Reference Count : 1]<UL><LI> startup_tm4c123.o(RESET)
</UL>
<P><STRONG><a name="[4e]"></a>Timer4A_Handler</STRONG> (Thumb, 0 bytes, Stack size 0 bytes, startup_tm4c123.o(.text))
<BR>[Address Reference Count : 1]<UL><LI> startup_tm4c123.o(RESET)
</UL>
<P><STRONG><a name="[4f]"></a>Timer4B_Handler</STRONG> (Thumb, 0 bytes, Stack size 0 bytes, startup_tm4c123.o(.text))
<BR>[Address Reference Count : 1]<UL><LI> startup_tm4c123.o(RESET)
</UL>
<P><STRONG><a name="[50]"></a>Timer5A_Handler</STRONG> (Thumb, 0 bytes, Stack size 0 bytes, startup_tm4c123.o(.text))
<BR>[Address Reference Count : 1]<UL><LI> startup_tm4c123.o(RESET)
</UL>
<P><STRONG><a name="[51]"></a>Timer5B_Handler</STRONG> (Thumb, 0 bytes, Stack size 0 bytes, startup_tm4c123.o(.text))
<BR>[Address Reference Count : 1]<UL><LI> startup_tm4c123.o(RESET)
</UL>
<P><STRONG><a name="[11]"></a>UART0_Handler</STRONG> (Thumb, 0 bytes, Stack size 0 bytes, startup_tm4c123.o(.text))
<BR>[Address Reference Count : 1]<UL><LI> startup_tm4c123.o(RESET)
</UL>
<P><STRONG><a name="[12]"></a>UART1_Handler</STRONG> (Thumb, 0 bytes, Stack size 0 bytes, startup_tm4c123.o(.text))
<BR>[Address Reference Count : 1]<UL><LI> startup_tm4c123.o(RESET)
</UL>
<P><STRONG><a name="[2d]"></a>UART2_Handler</STRONG> (Thumb, 0 bytes, Stack size 0 bytes, startup_tm4c123.o(.text))
<BR>[Address Reference Count : 1]<UL><LI> startup_tm4c123.o(RESET)
</UL>
<P><STRONG><a name="[47]"></a>UART3_Handler</STRONG> (Thumb, 0 bytes, Stack size 0 bytes, startup_tm4c123.o(.text))
<BR>[Address Reference Count : 1]<UL><LI> startup_tm4c123.o(RESET)
</UL>
<P><STRONG><a name="[48]"></a>UART4_Handler</STRONG> (Thumb, 0 bytes, Stack size 0 bytes, startup_tm4c123.o(.text))
<BR>[Address Reference Count : 1]<UL><LI> startup_tm4c123.o(RESET)
</UL>
<P><STRONG><a name="[49]"></a>UART5_Handler</STRONG> (Thumb, 0 bytes, Stack size 0 bytes, startup_tm4c123.o(.text))
<BR>[Address Reference Count : 1]<UL><LI> startup_tm4c123.o(RESET)
</UL>
<P><STRONG><a name="[4a]"></a>UART6_Handler</STRONG> (Thumb, 0 bytes, Stack size 0 bytes, startup_tm4c123.o(.text))
<BR>[Address Reference Count : 1]<UL><LI> startup_tm4c123.o(RESET)
</UL>
<P><STRONG><a name="[4b]"></a>UART7_Handler</STRONG> (Thumb, 0 bytes, Stack size 0 bytes, startup_tm4c123.o(.text))
<BR>[Address Reference Count : 1]<UL><LI> startup_tm4c123.o(RESET)
</UL>
<P><STRONG><a name="[38]"></a>USB0_Handler</STRONG> (Thumb, 0 bytes, Stack size 0 bytes, startup_tm4c123.o(.text))
<BR>[Address Reference Count : 1]<UL><LI> startup_tm4c123.o(RESET)
</UL>
<P><STRONG><a name="[1e]"></a>WDT_Handler</STRONG> (Thumb, 0 bytes, Stack size 0 bytes, startup_tm4c123.o(.text))
<BR>[Address Reference Count : 1]<UL><LI> startup_tm4c123.o(RESET)
</UL>
<P><STRONG><a name="[53]"></a>WideTimer0B_Handler</STRONG> (Thumb, 0 bytes, Stack size 0 bytes, startup_tm4c123.o(.text))
<BR>[Address Reference Count : 1]<UL><LI> startup_tm4c123.o(RESET)
</UL>
<P><STRONG><a name="[55]"></a>WideTimer1B_Handler</STRONG> (Thumb, 0 bytes, Stack size 0 bytes, startup_tm4c123.o(.text))
<BR>[Address Reference Count : 1]<UL><LI> startup_tm4c123.o(RESET)
</UL>
<P><STRONG><a name="[56]"></a>WideTimer2A_Handler</STRONG> (Thumb, 0 bytes, Stack size 0 bytes, startup_tm4c123.o(.text))
<BR>[Address Reference Count : 1]<UL><LI> startup_tm4c123.o(RESET)
</UL>
<P><STRONG><a name="[57]"></a>WideTimer2B_Handler</STRONG> (Thumb, 0 bytes, Stack size 0 bytes, startup_tm4c123.o(.text))
<BR>[Address Reference Count : 1]<UL><LI> startup_tm4c123.o(RESET)
</UL>
<P><STRONG><a name="[58]"></a>WideTimer3A_Handler</STRONG> (Thumb, 0 bytes, Stack size 0 bytes, startup_tm4c123.o(.text))
<BR>[Address Reference Count : 1]<UL><LI> startup_tm4c123.o(RESET)
</UL>
<P><STRONG><a name="[59]"></a>WideTimer3B_Handler</STRONG> (Thumb, 0 bytes, Stack size 0 bytes, startup_tm4c123.o(.text))
<BR>[Address Reference Count : 1]<UL><LI> startup_tm4c123.o(RESET)
</UL>
<P><STRONG><a name="[5a]"></a>WideTimer4A_Handler</STRONG> (Thumb, 0 bytes, Stack size 0 bytes, startup_tm4c123.o(.text))
<BR>[Address Reference Count : 1]<UL><LI> startup_tm4c123.o(RESET)
</UL>
<P><STRONG><a name="[5b]"></a>WideTimer4B_Handler</STRONG> (Thumb, 0 bytes, Stack size 0 bytes, startup_tm4c123.o(.text))
<BR>[Address Reference Count : 1]<UL><LI> startup_tm4c123.o(RESET)
</UL>
<P><STRONG><a name="[5c]"></a>WideTimer5A_Handler</STRONG> (Thumb, 0 bytes, Stack size 0 bytes, startup_tm4c123.o(.text))
<BR>[Address Reference Count : 1]<UL><LI> startup_tm4c123.o(RESET)
</UL>
<P><STRONG><a name="[5d]"></a>WideTimer5B_Handler</STRONG> (Thumb, 0 bytes, Stack size 0 bytes, startup_tm4c123.o(.text))
<BR>[Address Reference Count : 1]<UL><LI> startup_tm4c123.o(RESET)
</UL>
<P><STRONG><a name="[3b]"></a>uDMA_Error</STRONG> (Thumb, 0 bytes, Stack size 0 bytes, startup_tm4c123.o(.text))
<BR>[Address Reference Count : 1]<UL><LI> startup_tm4c123.o(RESET)
</UL>
<P><STRONG><a name="[3a]"></a>uDMA_Handler</STRONG> (Thumb, 0 bytes, Stack size 0 bytes, startup_tm4c123.o(.text))
<BR>[Address Reference Count : 1]<UL><LI> startup_tm4c123.o(RESET)
</UL>
<P><STRONG><a name="[8c]"></a>DisableInterrupts</STRONG> (Thumb, 0 bytes, Stack size unknown bytes, startup_tm4c123.o(.text))
<BR><BR>[Called By]<UL><LI><a href="#[d8]">&gt;&gt;</a>&nbsp;&nbsp;&nbsp;OS_Wait
<LI><a href="#[b1]">&gt;&gt;</a>&nbsp;&nbsp;&nbsp;OS_Signal
<LI><a href="#[cc]">&gt;&gt;</a>&nbsp;&nbsp;&nbsp;OS_Init
</UL>

<P><STRONG><a name="[8d]"></a>EnableInterrupts</STRONG> (Thumb, 0 bytes, Stack size unknown bytes, startup_tm4c123.o(.text))
<BR><BR>[Called By]<UL><LI><a href="#[d8]">&gt;&gt;</a>&nbsp;&nbsp;&nbsp;OS_Wait
<LI><a href="#[b1]">&gt;&gt;</a>&nbsp;&nbsp;&nbsp;OS_Signal
</UL>

<P><STRONG><a name="[8e]"></a>StartCritical</STRONG> (Thumb, 0 bytes, Stack size unknown bytes, startup_tm4c123.o(.text))
<BR><BR>[Called By]<UL><LI><a href="#[cd]">&gt;&gt;</a>&nbsp;&nbsp;&nbsp;OS_Timer_Init
<LI><a href="#[c0]">&gt;&gt;</a>&nbsp;&nbsp;&nbsp;OS_AddThreads
</UL>

<P><STRONG><a name="[8f]"></a>EndCritical</STRONG> (Thumb, 0 bytes, Stack size unknown bytes, startup_tm4c123.o(.text))
<BR><BR>[Called By]<UL><LI><a href="#[cd]">&gt;&gt;</a>&nbsp;&nbsp;&nbsp;OS_Timer_Init
<LI><a href="#[c0]">&gt;&gt;</a>&nbsp;&nbsp;&nbsp;OS_AddThreads
</UL>

<P><STRONG><a name="[90]"></a>WaitForInterrupt</STRONG> (Thumb, 0 bytes, Stack size unknown bytes, startup_tm4c123.o(.text), UNUSED, KEPT)

<P><STRONG><a name="[91]"></a>__user_initial_stackheap</STRONG> (Thumb, 0 bytes, Stack size unknown bytes, startup_tm4c123.o(.text))
<BR><BR>[Called By]<UL><LI><a href="#[99]">&gt;&gt;</a>&nbsp;&nbsp;&nbsp;__user_setup_stackheap
</UL>

<P><STRONG><a name="[112]"></a>__use_two_region_memory</STRONG> (Thumb, 2 bytes, Stack size 0 bytes, heapauxi.o(.text), UNUSED)

<P><STRONG><a name="[113]"></a>__rt_heap_escrow$2region</STRONG> (Thumb, 2 bytes, Stack size 0 bytes, heapauxi.o(.text), UNUSED)

<P><STRONG><a name="[114]"></a>__rt_heap_expand$2region</STRONG> (Thumb, 2 bytes, Stack size 0 bytes, heapauxi.o(.text), UNUSED)

<P><STRONG><a name="[99]"></a>__user_setup_stackheap</STRONG> (Thumb, 74 bytes, Stack size 8 bytes, sys_stackheap_outer.o(.text))
<BR><BR>[Stack]<UL><LI>Max Depth = 8 + Unknown Stack Size
<LI>Call Chain = __user_setup_stackheap
</UL>
<BR>[Calls]<UL><LI><a href="#[91]">&gt;&gt;</a>&nbsp;&nbsp;&nbsp;__user_initial_stackheap
<LI><a href="#[a5]">&gt;&gt;</a>&nbsp;&nbsp;&nbsp;__user_perproc_libspace
</UL>
<BR>[Called By]<UL><LI><a href="#[98]">&gt;&gt;</a>&nbsp;&nbsp;&nbsp;__rt_entry_sh
</UL>

<P><STRONG><a name="[9e]"></a>exit</STRONG> (Thumb, 18 bytes, Stack size 8 bytes, exit.o(.text))
<BR><BR>[Stack]<UL><LI>Max Depth = 8 + Unknown Stack Size
<LI>Call Chain = exit
</UL>
<BR>[Calls]<UL><LI><a href="#[a6]">&gt;&gt;</a>&nbsp;&nbsp;&nbsp;__rt_exit
</UL>
<BR>[Called By]<UL><LI><a href="#[9c]">&gt;&gt;</a>&nbsp;&nbsp;&nbsp;__rt_entry_main
</UL>

<P><STRONG><a name="[115]"></a>__user_libspace</STRONG> (Thumb, 8 bytes, Stack size 0 bytes, libspace.o(.text), UNUSED)

<P><STRONG><a name="[a5]"></a>__user_perproc_libspace</STRONG> (Thumb, 0 bytes, Stack size 0 bytes, libspace.o(.text))
<BR><BR>[Called By]<UL><LI><a href="#[99]">&gt;&gt;</a>&nbsp;&nbsp;&nbsp;__user_setup_stackheap
</UL>

<P><STRONG><a name="[116]"></a>__user_perthread_libspace</STRONG> (Thumb, 0 bytes, Stack size 0 bytes, libspace.o(.text), UNUSED)

<P><STRONG><a name="[a2]"></a>_sys_exit</STRONG> (Thumb, 8 bytes, Stack size 0 bytes, sys_exit.o(.text))
<BR><BR>[Called By]<UL><LI><a href="#[a1]">&gt;&gt;</a>&nbsp;&nbsp;&nbsp;__rt_exit_exit
</UL>

<P><STRONG><a name="[117]"></a>__I$use$semihosting</STRONG> (Thumb, 0 bytes, Stack size 0 bytes, use_no_semi.o(.text), UNUSED)

<P><STRONG><a name="[118]"></a>__use_no_semihosting_swi</STRONG> (Thumb, 2 bytes, Stack size 0 bytes, use_no_semi.o(.text), UNUSED)

<P><STRONG><a name="[119]"></a>__semihosting_library_function</STRONG> (Thumb, 0 bytes, Stack size unknown bytes, indicate_semi.o(.text), UNUSED)

<P><STRONG><a name="[a7]"></a>CYCL_1000ms</STRONG> (Thumb, 14 bytes, Stack size 8 bytes, cyclic_activity_handler.o(i.CYCL_1000ms))
<BR><BR>[Stack]<UL><LI>Max Depth = 24<LI>Call Chain = CYCL_1000ms &rArr; UART0_SendString &rArr; UART0_SendChar
</UL>
<BR>[Calls]<UL><LI><a href="#[a8]">&gt;&gt;</a>&nbsp;&nbsp;&nbsp;UART0_SendString
<LI><a href="#[a9]">&gt;&gt;</a>&nbsp;&nbsp;&nbsp;UART0_SendNewLine
</UL>
<BR>[Called By]<UL><LI><a href="#[83]">&gt;&gt;</a>&nbsp;&nbsp;&nbsp;Task6_Cyclic1000ms
</UL>

<P><STRONG><a name="[e3]"></a>CYCL_100ms</STRONG> (Thumb, 2 bytes, Stack size 0 bytes, cyclic_activity_handler.o(i.CYCL_100ms))
<BR><BR>[Called By]<UL><LI><a href="#[85]">&gt;&gt;</a>&nbsp;&nbsp;&nbsp;Task4_Cyclic100ms
</UL>

<P><STRONG><a name="[e1]"></a>CYCL_10ms</STRONG> (Thumb, 2 bytes, Stack size 0 bytes, cyclic_activity_handler.o(i.CYCL_10ms))
<BR><BR>[Called By]<UL><LI><a href="#[87]">&gt;&gt;</a>&nbsp;&nbsp;&nbsp;Task2_Cyclic10ms
</UL>

<P><STRONG><a name="[e4]"></a>CYCL_500ms</STRONG> (Thumb, 2 bytes, Stack size 0 bytes, cyclic_activity_handler.o(i.CYCL_500ms))
<BR><BR>[Called By]<UL><LI><a href="#[84]">&gt;&gt;</a>&nbsp;&nbsp;&nbsp;Task5_Cyclic500ms
</UL>

<P><STRONG><a name="[e2]"></a>CYCL_50ms</STRONG> (Thumb, 2 bytes, Stack size 0 bytes, cyclic_activity_handler.o(i.CYCL_50ms))
<BR><BR>[Called By]<UL><LI><a href="#[86]">&gt;&gt;</a>&nbsp;&nbsp;&nbsp;Task3_Cyclic50ms
</UL>

<P><STRONG><a name="[ab]"></a>GPIODirModeSet</STRONG> (Thumb, 40 bytes, Stack size 0 bytes, gpio.o(i.GPIODirModeSet))
<BR><BR>[Called By]<UL><LI><a href="#[ad]">&gt;&gt;</a>&nbsp;&nbsp;&nbsp;GPIOPinTypeGPIOOutput
<LI><a href="#[b4]">&gt;&gt;</a>&nbsp;&nbsp;&nbsp;GPIO_InitPortOutput
<LI><a href="#[ae]">&gt;&gt;</a>&nbsp;&nbsp;&nbsp;GPIOPinTypeUART
<LI><a href="#[aa]">&gt;&gt;</a>&nbsp;&nbsp;&nbsp;GPIOPinTypeGPIOInput
<LI><a href="#[c5]">&gt;&gt;</a>&nbsp;&nbsp;&nbsp;OS_EdgeTrigger_Init
</UL>

<P><STRONG><a name="[b0]"></a>GPIOIntClear</STRONG> (Thumb, 6 bytes, Stack size 0 bytes, gpio.o(i.GPIOIntClear))
<BR><BR>[Called By]<UL><LI><a href="#[2a]">&gt;&gt;</a>&nbsp;&nbsp;&nbsp;GPIOPortF_Handler
<LI><a href="#[f]">&gt;&gt;</a>&nbsp;&nbsp;&nbsp;GPIOPortD_Handler
<LI><a href="#[e]">&gt;&gt;</a>&nbsp;&nbsp;&nbsp;GPIOPortC_Handler
</UL>

<P><STRONG><a name="[b2]"></a>GPIOIntDisable</STRONG> (Thumb, 14 bytes, Stack size 0 bytes, gpio.o(i.GPIOIntDisable))
<BR><BR>[Called By]<UL><LI><a href="#[2a]">&gt;&gt;</a>&nbsp;&nbsp;&nbsp;GPIOPortF_Handler
<LI><a href="#[f]">&gt;&gt;</a>&nbsp;&nbsp;&nbsp;GPIOPortD_Handler
<LI><a href="#[e]">&gt;&gt;</a>&nbsp;&nbsp;&nbsp;GPIOPortC_Handler
<LI><a href="#[c5]">&gt;&gt;</a>&nbsp;&nbsp;&nbsp;OS_EdgeTrigger_Init
</UL>

<P><STRONG><a name="[c8]"></a>GPIOIntEnable</STRONG> (Thumb, 12 bytes, Stack size 0 bytes, gpio.o(i.GPIOIntEnable))
<BR><BR>[Called By]<UL><LI><a href="#[cb]">&gt;&gt;</a>&nbsp;&nbsp;&nbsp;OS_EdgeTrigger_Restart
<LI><a href="#[c5]">&gt;&gt;</a>&nbsp;&nbsp;&nbsp;OS_EdgeTrigger_Init
</UL>

<P><STRONG><a name="[af]"></a>GPIOIntStatus</STRONG> (Thumb, 14 bytes, Stack size 0 bytes, gpio.o(i.GPIOIntStatus))
<BR><BR>[Called By]<UL><LI><a href="#[2a]">&gt;&gt;</a>&nbsp;&nbsp;&nbsp;GPIOPortF_Handler
<LI><a href="#[f]">&gt;&gt;</a>&nbsp;&nbsp;&nbsp;GPIOPortD_Handler
<LI><a href="#[e]">&gt;&gt;</a>&nbsp;&nbsp;&nbsp;GPIOPortC_Handler
</UL>

<P><STRONG><a name="[c7]"></a>GPIOIntTypeSet</STRONG> (Thumb, 80 bytes, Stack size 0 bytes, gpio.o(i.GPIOIntTypeSet))
<BR><BR>[Called By]<UL><LI><a href="#[c5]">&gt;&gt;</a>&nbsp;&nbsp;&nbsp;OS_EdgeTrigger_Init
</UL>

<P><STRONG><a name="[ac]"></a>GPIOPadConfigSet</STRONG> (Thumb, 312 bytes, Stack size 24 bytes, gpio.o(i.GPIOPadConfigSet))
<BR><BR>[Stack]<UL><LI>Max Depth = 24<LI>Call Chain = GPIOPadConfigSet
</UL>
<BR>[Called By]<UL><LI><a href="#[ad]">&gt;&gt;</a>&nbsp;&nbsp;&nbsp;GPIOPinTypeGPIOOutput
<LI><a href="#[b4]">&gt;&gt;</a>&nbsp;&nbsp;&nbsp;GPIO_InitPortOutput
<LI><a href="#[ae]">&gt;&gt;</a>&nbsp;&nbsp;&nbsp;GPIOPinTypeUART
<LI><a href="#[aa]">&gt;&gt;</a>&nbsp;&nbsp;&nbsp;GPIOPinTypeGPIOInput
<LI><a href="#[c5]">&gt;&gt;</a>&nbsp;&nbsp;&nbsp;OS_EdgeTrigger_Init
</UL>

<P><STRONG><a name="[e6]"></a>GPIOPinConfigure</STRONG> (Thumb, 60 bytes, Stack size 0 bytes, gpio.o(i.GPIOPinConfigure))
<BR><BR>[Called By]<UL><LI><a href="#[bd]">&gt;&gt;</a>&nbsp;&nbsp;&nbsp;UART2_Init
<LI><a href="#[bc]">&gt;&gt;</a>&nbsp;&nbsp;&nbsp;UART0_Init
</UL>

<P><STRONG><a name="[df]"></a>GPIOPinRead</STRONG> (Thumb, 6 bytes, Stack size 0 bytes, gpio.o(i.GPIOPinRead))
<BR><BR>[Called By]<UL><LI><a href="#[88]">&gt;&gt;</a>&nbsp;&nbsp;&nbsp;Task1_PIRB
<LI><a href="#[89]">&gt;&gt;</a>&nbsp;&nbsp;&nbsp;Task0_PIRA
</UL>

<P><STRONG><a name="[aa]"></a>GPIOPinTypeGPIOInput</STRONG> (Thumb, 28 bytes, Stack size 12 bytes, gpio.o(i.GPIOPinTypeGPIOInput))
<BR><BR>[Stack]<UL><LI>Max Depth = 36<LI>Call Chain = GPIOPinTypeGPIOInput &rArr; GPIOPadConfigSet
</UL>
<BR>[Calls]<UL><LI><a href="#[ac]">&gt;&gt;</a>&nbsp;&nbsp;&nbsp;GPIOPadConfigSet
<LI><a href="#[ab]">&gt;&gt;</a>&nbsp;&nbsp;&nbsp;GPIODirModeSet
</UL>
<BR>[Called By]<UL><LI><a href="#[c5]">&gt;&gt;</a>&nbsp;&nbsp;&nbsp;OS_EdgeTrigger_Init
</UL>

<P><STRONG><a name="[ad]"></a>GPIOPinTypeGPIOOutput</STRONG> (Thumb, 28 bytes, Stack size 12 bytes, gpio.o(i.GPIOPinTypeGPIOOutput))
<BR><BR>[Stack]<UL><LI>Max Depth = 36<LI>Call Chain = GPIOPinTypeGPIOOutput &rArr; GPIOPadConfigSet
</UL>
<BR>[Calls]<UL><LI><a href="#[ac]">&gt;&gt;</a>&nbsp;&nbsp;&nbsp;GPIOPadConfigSet
<LI><a href="#[ab]">&gt;&gt;</a>&nbsp;&nbsp;&nbsp;GPIODirModeSet
</UL>
<BR>[Called By]<UL><LI><a href="#[b4]">&gt;&gt;</a>&nbsp;&nbsp;&nbsp;GPIO_InitPortOutput
</UL>

<P><STRONG><a name="[ae]"></a>GPIOPinTypeUART</STRONG> (Thumb, 28 bytes, Stack size 12 bytes, gpio.o(i.GPIOPinTypeUART))
<BR><BR>[Stack]<UL><LI>Max Depth = 36<LI>Call Chain = GPIOPinTypeUART &rArr; GPIOPadConfigSet
</UL>
<BR>[Calls]<UL><LI><a href="#[ac]">&gt;&gt;</a>&nbsp;&nbsp;&nbsp;GPIOPadConfigSet
<LI><a href="#[ab]">&gt;&gt;</a>&nbsp;&nbsp;&nbsp;GPIODirModeSet
</UL>
<BR>[Called By]<UL><LI><a href="#[bd]">&gt;&gt;</a>&nbsp;&nbsp;&nbsp;UART2_Init
<LI><a href="#[bc]">&gt;&gt;</a>&nbsp;&nbsp;&nbsp;UART0_Init
</UL>

<P><STRONG><a name="[b7]"></a>GPIOPinWrite</STRONG> (Thumb, 6 bytes, Stack size 0 bytes, gpio.o(i.GPIOPinWrite))
<BR><BR>[Called By]<UL><LI><a href="#[b4]">&gt;&gt;</a>&nbsp;&nbsp;&nbsp;GPIO_InitPortOutput
</UL>

<P><STRONG><a name="[e]"></a>GPIOPortC_Handler</STRONG> (Thumb, 266 bytes, Stack size 8 bytes, os_hw.o(i.GPIOPortC_Handler))
<BR><BR>[Stack]<UL><LI>Max Depth = 24 + Unknown Stack Size
<LI>Call Chain = GPIOPortC_Handler &rArr; OS_Signal
</UL>
<BR>[Calls]<UL><LI><a href="#[af]">&gt;&gt;</a>&nbsp;&nbsp;&nbsp;GPIOIntStatus
<LI><a href="#[b2]">&gt;&gt;</a>&nbsp;&nbsp;&nbsp;GPIOIntDisable
<LI><a href="#[b0]">&gt;&gt;</a>&nbsp;&nbsp;&nbsp;GPIOIntClear
<LI><a href="#[b3]">&gt;&gt;</a>&nbsp;&nbsp;&nbsp;OS_Suspend
<LI><a href="#[b1]">&gt;&gt;</a>&nbsp;&nbsp;&nbsp;OS_Signal
</UL>
<BR>[Address Reference Count : 1]<UL><LI> startup_tm4c123.o(RESET)
</UL>
<P><STRONG><a name="[f]"></a>GPIOPortD_Handler</STRONG> (Thumb, 256 bytes, Stack size 8 bytes, os_hw.o(i.GPIOPortD_Handler))
<BR><BR>[Stack]<UL><LI>Max Depth = 24 + Unknown Stack Size
<LI>Call Chain = GPIOPortD_Handler &rArr; OS_Signal
</UL>
<BR>[Calls]<UL><LI><a href="#[af]">&gt;&gt;</a>&nbsp;&nbsp;&nbsp;GPIOIntStatus
<LI><a href="#[b2]">&gt;&gt;</a>&nbsp;&nbsp;&nbsp;GPIOIntDisable
<LI><a href="#[b0]">&gt;&gt;</a>&nbsp;&nbsp;&nbsp;GPIOIntClear
<LI><a href="#[b3]">&gt;&gt;</a>&nbsp;&nbsp;&nbsp;OS_Suspend
<LI><a href="#[b1]">&gt;&gt;</a>&nbsp;&nbsp;&nbsp;OS_Signal
</UL>
<BR>[Address Reference Count : 1]<UL><LI> startup_tm4c123.o(RESET)
</UL>
<P><STRONG><a name="[2a]"></a>GPIOPortF_Handler</STRONG> (Thumb, 166 bytes, Stack size 8 bytes, os_hw.o(i.GPIOPortF_Handler))
<BR><BR>[Stack]<UL><LI>Max Depth = 24 + Unknown Stack Size
<LI>Call Chain = GPIOPortF_Handler &rArr; OS_Signal
</UL>
<BR>[Calls]<UL><LI><a href="#[af]">&gt;&gt;</a>&nbsp;&nbsp;&nbsp;GPIOIntStatus
<LI><a href="#[b2]">&gt;&gt;</a>&nbsp;&nbsp;&nbsp;GPIOIntDisable
<LI><a href="#[b0]">&gt;&gt;</a>&nbsp;&nbsp;&nbsp;GPIOIntClear
<LI><a href="#[b3]">&gt;&gt;</a>&nbsp;&nbsp;&nbsp;OS_Suspend
<LI><a href="#[b1]">&gt;&gt;</a>&nbsp;&nbsp;&nbsp;OS_Signal
</UL>
<BR>[Address Reference Count : 1]<UL><LI> startup_tm4c123.o(RESET)
</UL>
<P><STRONG><a name="[b4]"></a>GPIO_InitPortOutput</STRONG> (Thumb, 442 bytes, Stack size 16 bytes, gpio_handler.o(i.GPIO_InitPortOutput))
<BR><BR>[Stack]<UL><LI>Max Depth = 52<LI>Call Chain = GPIO_InitPortOutput &rArr; GPIOPinTypeGPIOOutput &rArr; GPIOPadConfigSet
</UL>
<BR>[Calls]<UL><LI><a href="#[b7]">&gt;&gt;</a>&nbsp;&nbsp;&nbsp;GPIOPinWrite
<LI><a href="#[ad]">&gt;&gt;</a>&nbsp;&nbsp;&nbsp;GPIOPinTypeGPIOOutput
<LI><a href="#[b6]">&gt;&gt;</a>&nbsp;&nbsp;&nbsp;SysCtlPeripheralReady
<LI><a href="#[b5]">&gt;&gt;</a>&nbsp;&nbsp;&nbsp;SysCtlPeripheralEnable
<LI><a href="#[ac]">&gt;&gt;</a>&nbsp;&nbsp;&nbsp;GPIOPadConfigSet
<LI><a href="#[ab]">&gt;&gt;</a>&nbsp;&nbsp;&nbsp;GPIODirModeSet
</UL>
<BR>[Called By]<UL><LI><a href="#[bb]">&gt;&gt;</a>&nbsp;&nbsp;&nbsp;InitDrivers
</UL>

<P><STRONG><a name="[80]"></a>Idle_Task</STRONG> (Thumb, 20 bytes, Stack size 0 bytes, main.o(i.Idle_Task))
<BR>[Address Reference Count : 1]<UL><LI> main.o(i.main)
</UL>
<P><STRONG><a name="[b8]"></a>InitApplications</STRONG> (Thumb, 22 bytes, Stack size 8 bytes, startup_handler.o(i.InitApplications))
<BR><BR>[Stack]<UL><LI>Max Depth = 24<LI>Call Chain = InitApplications &rArr; UART0_SendString &rArr; UART0_SendChar
</UL>
<BR>[Calls]<UL><LI><a href="#[ba]">&gt;&gt;</a>&nbsp;&nbsp;&nbsp;Init_PIR
<LI><a href="#[b9]">&gt;&gt;</a>&nbsp;&nbsp;&nbsp;PowerOnGSM
<LI><a href="#[a8]">&gt;&gt;</a>&nbsp;&nbsp;&nbsp;UART0_SendString
<LI><a href="#[a9]">&gt;&gt;</a>&nbsp;&nbsp;&nbsp;UART0_SendNewLine
</UL>
<BR>[Called By]<UL><LI><a href="#[9d]">&gt;&gt;</a>&nbsp;&nbsp;&nbsp;main
</UL>

<P><STRONG><a name="[bb]"></a>InitDrivers</STRONG> (Thumb, 30 bytes, Stack size 8 bytes, startup_handler.o(i.InitDrivers))
<BR><BR>[Stack]<UL><LI>Max Depth = 60<LI>Call Chain = InitDrivers &rArr; GPIO_InitPortOutput &rArr; GPIOPinTypeGPIOOutput &rArr; GPIOPadConfigSet
</UL>
<BR>[Calls]<UL><LI><a href="#[b4]">&gt;&gt;</a>&nbsp;&nbsp;&nbsp;GPIO_InitPortOutput
<LI><a href="#[bd]">&gt;&gt;</a>&nbsp;&nbsp;&nbsp;UART2_Init
<LI><a href="#[bc]">&gt;&gt;</a>&nbsp;&nbsp;&nbsp;UART0_Init
<LI><a href="#[a8]">&gt;&gt;</a>&nbsp;&nbsp;&nbsp;UART0_SendString
<LI><a href="#[a9]">&gt;&gt;</a>&nbsp;&nbsp;&nbsp;UART0_SendNewLine
</UL>
<BR>[Called By]<UL><LI><a href="#[9d]">&gt;&gt;</a>&nbsp;&nbsp;&nbsp;main
</UL>

<P><STRONG><a name="[ba]"></a>Init_PIR</STRONG> (Thumb, 2 bytes, Stack size 0 bytes, pir.o(i.Init_PIR))
<BR><BR>[Called By]<UL><LI><a href="#[b8]">&gt;&gt;</a>&nbsp;&nbsp;&nbsp;InitApplications
</UL>

<P><STRONG><a name="[c6]"></a>IntDisable</STRONG> (Thumb, 92 bytes, Stack size 0 bytes, interrupt.o(i.IntDisable))
<BR><BR>[Called By]<UL><LI><a href="#[cd]">&gt;&gt;</a>&nbsp;&nbsp;&nbsp;OS_Timer_Init
<LI><a href="#[c5]">&gt;&gt;</a>&nbsp;&nbsp;&nbsp;OS_EdgeTrigger_Init
</UL>

<P><STRONG><a name="[ca]"></a>IntEnable</STRONG> (Thumb, 92 bytes, Stack size 0 bytes, interrupt.o(i.IntEnable))
<BR><BR>[Called By]<UL><LI><a href="#[cd]">&gt;&gt;</a>&nbsp;&nbsp;&nbsp;OS_Timer_Init
<LI><a href="#[cb]">&gt;&gt;</a>&nbsp;&nbsp;&nbsp;OS_EdgeTrigger_Restart
<LI><a href="#[c5]">&gt;&gt;</a>&nbsp;&nbsp;&nbsp;OS_EdgeTrigger_Init
</UL>

<P><STRONG><a name="[c9]"></a>IntPrioritySet</STRONG> (Thumb, 36 bytes, Stack size 0 bytes, interrupt.o(i.IntPrioritySet))
<BR><BR>[Called By]<UL><LI><a href="#[cd]">&gt;&gt;</a>&nbsp;&nbsp;&nbsp;OS_Timer_Init
<LI><a href="#[c5]">&gt;&gt;</a>&nbsp;&nbsp;&nbsp;OS_EdgeTrigger_Init
</UL>

<P><STRONG><a name="[be]"></a>OS_AddPeriodicEventThread</STRONG> (Thumb, 76 bytes, Stack size 8 bytes, os_core.o(i.OS_AddPeriodicEventThread))
<BR><BR>[Stack]<UL><LI>Max Depth = 8<LI>Call Chain = OS_AddPeriodicEventThread
</UL>
<BR>[Calls]<UL><LI><a href="#[bf]">&gt;&gt;</a>&nbsp;&nbsp;&nbsp;OS_InitSemaphore
</UL>
<BR>[Called By]<UL><LI><a href="#[9d]">&gt;&gt;</a>&nbsp;&nbsp;&nbsp;main
</UL>

<P><STRONG><a name="[c0]"></a>OS_AddThreads</STRONG> (Thumb, 354 bytes, Stack size 40 bytes, os_core.o(i.OS_AddThreads))
<BR><BR>[Stack]<UL><LI>Max Depth = 40 + Unknown Stack Size
<LI>Call Chain = OS_AddThreads
</UL>
<BR>[Calls]<UL><LI><a href="#[8e]">&gt;&gt;</a>&nbsp;&nbsp;&nbsp;StartCritical
<LI><a href="#[8f]">&gt;&gt;</a>&nbsp;&nbsp;&nbsp;EndCritical
<LI><a href="#[c1]">&gt;&gt;</a>&nbsp;&nbsp;&nbsp;SetInitialStack
</UL>
<BR>[Called By]<UL><LI><a href="#[9d]">&gt;&gt;</a>&nbsp;&nbsp;&nbsp;main
</UL>

<P><STRONG><a name="[c2]"></a>OS_Clock_Init</STRONG> (Thumb, 150 bytes, Stack size 16 bytes, os_hw.o(i.OS_Clock_Init))
<BR><BR>[Stack]<UL><LI>Max Depth = 28<LI>Call Chain = OS_Clock_Init &rArr; SysCtlClockGet
</UL>
<BR>[Calls]<UL><LI><a href="#[c3]">&gt;&gt;</a>&nbsp;&nbsp;&nbsp;SysCtlClockSet
<LI><a href="#[c4]">&gt;&gt;</a>&nbsp;&nbsp;&nbsp;SysCtlClockGet
</UL>
<BR>[Called By]<UL><LI><a href="#[cc]">&gt;&gt;</a>&nbsp;&nbsp;&nbsp;OS_Init
</UL>

<P><STRONG><a name="[c5]"></a>OS_EdgeTrigger_Init</STRONG> (Thumb, 446 bytes, Stack size 24 bytes, os_hw.o(i.OS_EdgeTrigger_Init))
<BR><BR>[Stack]<UL><LI>Max Depth = 60<LI>Call Chain = OS_EdgeTrigger_Init &rArr; GPIOPinTypeGPIOInput &rArr; GPIOPadConfigSet
</UL>
<BR>[Calls]<UL><LI><a href="#[b6]">&gt;&gt;</a>&nbsp;&nbsp;&nbsp;SysCtlPeripheralReady
<LI><a href="#[b5]">&gt;&gt;</a>&nbsp;&nbsp;&nbsp;SysCtlPeripheralEnable
<LI><a href="#[c9]">&gt;&gt;</a>&nbsp;&nbsp;&nbsp;IntPrioritySet
<LI><a href="#[ca]">&gt;&gt;</a>&nbsp;&nbsp;&nbsp;IntEnable
<LI><a href="#[c6]">&gt;&gt;</a>&nbsp;&nbsp;&nbsp;IntDisable
<LI><a href="#[aa]">&gt;&gt;</a>&nbsp;&nbsp;&nbsp;GPIOPinTypeGPIOInput
<LI><a href="#[ac]">&gt;&gt;</a>&nbsp;&nbsp;&nbsp;GPIOPadConfigSet
<LI><a href="#[c7]">&gt;&gt;</a>&nbsp;&nbsp;&nbsp;GPIOIntTypeSet
<LI><a href="#[c8]">&gt;&gt;</a>&nbsp;&nbsp;&nbsp;GPIOIntEnable
<LI><a href="#[b2]">&gt;&gt;</a>&nbsp;&nbsp;&nbsp;GPIOIntDisable
<LI><a href="#[ab]">&gt;&gt;</a>&nbsp;&nbsp;&nbsp;GPIODirModeSet
</UL>
<BR>[Called By]<UL><LI><a href="#[9d]">&gt;&gt;</a>&nbsp;&nbsp;&nbsp;main
</UL>

<P><STRONG><a name="[cb]"></a>OS_EdgeTrigger_Restart</STRONG> (Thumb, 84 bytes, Stack size 16 bytes, os_hw.o(i.OS_EdgeTrigger_Restart))
<BR><BR>[Stack]<UL><LI>Max Depth = 16<LI>Call Chain = OS_EdgeTrigger_Restart
</UL>
<BR>[Calls]<UL><LI><a href="#[ca]">&gt;&gt;</a>&nbsp;&nbsp;&nbsp;IntEnable
<LI><a href="#[c8]">&gt;&gt;</a>&nbsp;&nbsp;&nbsp;GPIOIntEnable
</UL>
<BR>[Called By]<UL><LI><a href="#[88]">&gt;&gt;</a>&nbsp;&nbsp;&nbsp;Task1_PIRB
<LI><a href="#[89]">&gt;&gt;</a>&nbsp;&nbsp;&nbsp;Task0_PIRA
</UL>

<P><STRONG><a name="[cc]"></a>OS_Init</STRONG> (Thumb, 52 bytes, Stack size 8 bytes, os_core.o(i.OS_Init))
<BR><BR>[Stack]<UL><LI>Max Depth = 44 + Unknown Stack Size
<LI>Call Chain = OS_Init &rArr; OS_Timer_Init &rArr; SysCtlClockGet
</UL>
<BR>[Calls]<UL><LI><a href="#[cd]">&gt;&gt;</a>&nbsp;&nbsp;&nbsp;OS_Timer_Init
<LI><a href="#[c2]">&gt;&gt;</a>&nbsp;&nbsp;&nbsp;OS_Clock_Init
<LI><a href="#[8c]">&gt;&gt;</a>&nbsp;&nbsp;&nbsp;DisableInterrupts
</UL>
<BR>[Called By]<UL><LI><a href="#[9d]">&gt;&gt;</a>&nbsp;&nbsp;&nbsp;main
</UL>

<P><STRONG><a name="[bf]"></a>OS_InitSemaphore</STRONG> (Thumb, 4 bytes, Stack size 0 bytes, os_core.o(i.OS_InitSemaphore))
<BR><BR>[Called By]<UL><LI><a href="#[be]">&gt;&gt;</a>&nbsp;&nbsp;&nbsp;OS_AddPeriodicEventThread
<LI><a href="#[9d]">&gt;&gt;</a>&nbsp;&nbsp;&nbsp;main
</UL>

<P><STRONG><a name="[ce]"></a>OS_Launch</STRONG> (Thumb, 48 bytes, Stack size 8 bytes, os_core.o(i.OS_Launch))
<BR><BR>[Stack]<UL><LI>Max Depth = 8 + Unknown Stack Size
<LI>Call Chain = OS_Launch
</UL>
<BR>[Calls]<UL><LI><a href="#[cf]">&gt;&gt;</a>&nbsp;&nbsp;&nbsp;StartOS
</UL>
<BR>[Called By]<UL><LI><a href="#[9d]">&gt;&gt;</a>&nbsp;&nbsp;&nbsp;main
</UL>

<P><STRONG><a name="[b1]"></a>OS_Signal</STRONG> (Thumb, 46 bytes, Stack size 16 bytes, os_core.o(i.OS_Signal))
<BR><BR>[Stack]<UL><LI>Max Depth = 16 + Unknown Stack Size
<LI>Call Chain = OS_Signal
</UL>
<BR>[Calls]<UL><LI><a href="#[8d]">&gt;&gt;</a>&nbsp;&nbsp;&nbsp;EnableInterrupts
<LI><a href="#[8c]">&gt;&gt;</a>&nbsp;&nbsp;&nbsp;DisableInterrupts
</UL>
<BR>[Called By]<UL><LI><a href="#[2a]">&gt;&gt;</a>&nbsp;&nbsp;&nbsp;GPIOPortF_Handler
<LI><a href="#[f]">&gt;&gt;</a>&nbsp;&nbsp;&nbsp;GPIOPortD_Handler
<LI><a href="#[e]">&gt;&gt;</a>&nbsp;&nbsp;&nbsp;GPIOPortC_Handler
<LI><a href="#[7f]">&gt;&gt;</a>&nbsp;&nbsp;&nbsp;runperiodicevents
<LI><a href="#[88]">&gt;&gt;</a>&nbsp;&nbsp;&nbsp;Task1_PIRB
<LI><a href="#[89]">&gt;&gt;</a>&nbsp;&nbsp;&nbsp;Task0_PIRA
</UL>

<P><STRONG><a name="[d0]"></a>OS_Sleep</STRONG> (Thumb, 16 bytes, Stack size 4 bytes, os_core.o(i.OS_Sleep))
<BR><BR>[Stack]<UL><LI>Max Depth = 4<LI>Call Chain = OS_Sleep
</UL>
<BR>[Calls]<UL><LI><a href="#[b3]">&gt;&gt;</a>&nbsp;&nbsp;&nbsp;OS_Suspend
</UL>
<BR>[Called By]<UL><LI><a href="#[81]">&gt;&gt;</a>&nbsp;&nbsp;&nbsp;Task8_BlankTask
<LI><a href="#[82]">&gt;&gt;</a>&nbsp;&nbsp;&nbsp;Task7_BlankTask
<LI><a href="#[88]">&gt;&gt;</a>&nbsp;&nbsp;&nbsp;Task1_PIRB
<LI><a href="#[89]">&gt;&gt;</a>&nbsp;&nbsp;&nbsp;Task0_PIRA
</UL>

<P><STRONG><a name="[b3]"></a>OS_Suspend</STRONG> (Thumb, 18 bytes, Stack size 0 bytes, os_core.o(i.OS_Suspend))
<BR><BR>[Called By]<UL><LI><a href="#[2a]">&gt;&gt;</a>&nbsp;&nbsp;&nbsp;GPIOPortF_Handler
<LI><a href="#[f]">&gt;&gt;</a>&nbsp;&nbsp;&nbsp;GPIOPortD_Handler
<LI><a href="#[e]">&gt;&gt;</a>&nbsp;&nbsp;&nbsp;GPIOPortC_Handler
<LI><a href="#[7f]">&gt;&gt;</a>&nbsp;&nbsp;&nbsp;runperiodicevents
<LI><a href="#[d8]">&gt;&gt;</a>&nbsp;&nbsp;&nbsp;OS_Wait
<LI><a href="#[d0]">&gt;&gt;</a>&nbsp;&nbsp;&nbsp;OS_Sleep
</UL>

<P><STRONG><a name="[cd]"></a>OS_Timer_Init</STRONG> (Thumb, 1214 bytes, Stack size 24 bytes, os_hw.o(i.OS_Timer_Init))
<BR><BR>[Stack]<UL><LI>Max Depth = 36 + Unknown Stack Size
<LI>Call Chain = OS_Timer_Init &rArr; SysCtlClockGet
</UL>
<BR>[Calls]<UL><LI><a href="#[d5]">&gt;&gt;</a>&nbsp;&nbsp;&nbsp;TimerLoadSet
<LI><a href="#[d7]">&gt;&gt;</a>&nbsp;&nbsp;&nbsp;TimerIntEnable
<LI><a href="#[d1]">&gt;&gt;</a>&nbsp;&nbsp;&nbsp;TimerIntDisable
<LI><a href="#[d6]">&gt;&gt;</a>&nbsp;&nbsp;&nbsp;TimerEnable
<LI><a href="#[d2]">&gt;&gt;</a>&nbsp;&nbsp;&nbsp;TimerDisable
<LI><a href="#[d4]">&gt;&gt;</a>&nbsp;&nbsp;&nbsp;TimerConfigure
<LI><a href="#[d3]">&gt;&gt;</a>&nbsp;&nbsp;&nbsp;TimerClockSourceSet
<LI><a href="#[b5]">&gt;&gt;</a>&nbsp;&nbsp;&nbsp;SysCtlPeripheralEnable
<LI><a href="#[c9]">&gt;&gt;</a>&nbsp;&nbsp;&nbsp;IntPrioritySet
<LI><a href="#[ca]">&gt;&gt;</a>&nbsp;&nbsp;&nbsp;IntEnable
<LI><a href="#[c6]">&gt;&gt;</a>&nbsp;&nbsp;&nbsp;IntDisable
<LI><a href="#[8e]">&gt;&gt;</a>&nbsp;&nbsp;&nbsp;StartCritical
<LI><a href="#[8f]">&gt;&gt;</a>&nbsp;&nbsp;&nbsp;EndCritical
<LI><a href="#[c4]">&gt;&gt;</a>&nbsp;&nbsp;&nbsp;SysCtlClockGet
</UL>
<BR>[Called By]<UL><LI><a href="#[cc]">&gt;&gt;</a>&nbsp;&nbsp;&nbsp;OS_Init
</UL>

<P><STRONG><a name="[d8]"></a>OS_Wait</STRONG> (Thumb, 40 bytes, Stack size 8 bytes, os_core.o(i.OS_Wait))
<BR><BR>[Stack]<UL><LI>Max Depth = 8 + Unknown Stack Size
<LI>Call Chain = OS_Wait
</UL>
<BR>[Calls]<UL><LI><a href="#[8d]">&gt;&gt;</a>&nbsp;&nbsp;&nbsp;EnableInterrupts
<LI><a href="#[8c]">&gt;&gt;</a>&nbsp;&nbsp;&nbsp;DisableInterrupts
<LI><a href="#[b3]">&gt;&gt;</a>&nbsp;&nbsp;&nbsp;OS_Suspend
</UL>
<BR>[Called By]<UL><LI><a href="#[83]">&gt;&gt;</a>&nbsp;&nbsp;&nbsp;Task6_Cyclic1000ms
<LI><a href="#[84]">&gt;&gt;</a>&nbsp;&nbsp;&nbsp;Task5_Cyclic500ms
<LI><a href="#[85]">&gt;&gt;</a>&nbsp;&nbsp;&nbsp;Task4_Cyclic100ms
<LI><a href="#[86]">&gt;&gt;</a>&nbsp;&nbsp;&nbsp;Task3_Cyclic50ms
<LI><a href="#[87]">&gt;&gt;</a>&nbsp;&nbsp;&nbsp;Task2_Cyclic10ms
<LI><a href="#[88]">&gt;&gt;</a>&nbsp;&nbsp;&nbsp;Task1_PIRB
<LI><a href="#[89]">&gt;&gt;</a>&nbsp;&nbsp;&nbsp;Task0_PIRA
</UL>

<P><STRONG><a name="[b9]"></a>PowerOnGSM</STRONG> (Thumb, 2 bytes, Stack size 0 bytes, gsm.o(i.PowerOnGSM))
<BR><BR>[Called By]<UL><LI><a href="#[b8]">&gt;&gt;</a>&nbsp;&nbsp;&nbsp;InitApplications
</UL>

<P><STRONG><a name="[ef]"></a>Profile_Init</STRONG> (Thumb, 418 bytes, Stack size 0 bytes, profile.o(i.Profile_Init))
<BR><BR>[Called By]<UL><LI><a href="#[9d]">&gt;&gt;</a>&nbsp;&nbsp;&nbsp;main
</UL>

<P><STRONG><a name="[a4]"></a>Scheduler</STRONG> (Thumb, 42 bytes, Stack size 0 bytes, os_core.o(i.Scheduler))
<BR><BR>[Called By]<UL><LI><a href="#[b]">&gt;&gt;</a>&nbsp;&nbsp;&nbsp;SysTick_Handler
</UL>

<P><STRONG><a name="[d9]"></a>SendSMS</STRONG> (Thumb, 258 bytes, Stack size 16 bytes, gsm.o(i.SendSMS))
<BR><BR>[Stack]<UL><LI>Max Depth = 40<LI>Call Chain = SendSMS &rArr; UART2_SendUDecimal &rArr;  UART2_SendUDecimal (Cycle)
</UL>
<BR>[Calls]<UL><LI><a href="#[dc]">&gt;&gt;</a>&nbsp;&nbsp;&nbsp;UART2_SendUDecimal
<LI><a href="#[da]">&gt;&gt;</a>&nbsp;&nbsp;&nbsp;UART2_SendString
<LI><a href="#[dd]">&gt;&gt;</a>&nbsp;&nbsp;&nbsp;UART2_SendNewLine
<LI><a href="#[db]">&gt;&gt;</a>&nbsp;&nbsp;&nbsp;UART2_SendChar
<LI><a href="#[de]">&gt;&gt;</a>&nbsp;&nbsp;&nbsp;UART0_SendChar
<LI><a href="#[a3]">&gt;&gt;</a>&nbsp;&nbsp;&nbsp;SysCtlDelay
<LI><a href="#[a8]">&gt;&gt;</a>&nbsp;&nbsp;&nbsp;UART0_SendString
<LI><a href="#[a9]">&gt;&gt;</a>&nbsp;&nbsp;&nbsp;UART0_SendNewLine
<LI><a href="#[c4]">&gt;&gt;</a>&nbsp;&nbsp;&nbsp;SysCtlClockGet
</UL>
<BR>[Called By]<UL><LI><a href="#[81]">&gt;&gt;</a>&nbsp;&nbsp;&nbsp;Task8_BlankTask
<LI><a href="#[88]">&gt;&gt;</a>&nbsp;&nbsp;&nbsp;Task1_PIRB
<LI><a href="#[89]">&gt;&gt;</a>&nbsp;&nbsp;&nbsp;Task0_PIRA
</UL>

<P><STRONG><a name="[c1]"></a>SetInitialStack</STRONG> (Thumb, 328 bytes, Stack size 0 bytes, os_core.o(i.SetInitialStack))
<BR><BR>[Called By]<UL><LI><a href="#[c0]">&gt;&gt;</a>&nbsp;&nbsp;&nbsp;OS_AddThreads
</UL>

<P><STRONG><a name="[c4]"></a>SysCtlClockGet</STRONG> (Thumb, 304 bytes, Stack size 12 bytes, sysctl.o(i.SysCtlClockGet))
<BR><BR>[Stack]<UL><LI>Max Depth = 12<LI>Call Chain = SysCtlClockGet
</UL>
<BR>[Called By]<UL><LI><a href="#[bd]">&gt;&gt;</a>&nbsp;&nbsp;&nbsp;UART2_Init
<LI><a href="#[bc]">&gt;&gt;</a>&nbsp;&nbsp;&nbsp;UART0_Init
<LI><a href="#[cd]">&gt;&gt;</a>&nbsp;&nbsp;&nbsp;OS_Timer_Init
<LI><a href="#[c2]">&gt;&gt;</a>&nbsp;&nbsp;&nbsp;OS_Clock_Init
<LI><a href="#[d9]">&gt;&gt;</a>&nbsp;&nbsp;&nbsp;SendSMS
<LI><a href="#[9d]">&gt;&gt;</a>&nbsp;&nbsp;&nbsp;main
</UL>

<P><STRONG><a name="[c3]"></a>SysCtlClockSet</STRONG> (Thumb, 270 bytes, Stack size 8 bytes, sysctl.o(i.SysCtlClockSet))
<BR><BR>[Stack]<UL><LI>Max Depth = 8<LI>Call Chain = SysCtlClockSet
</UL>
<BR>[Calls]<UL><LI><a href="#[a3]">&gt;&gt;</a>&nbsp;&nbsp;&nbsp;SysCtlDelay
</UL>
<BR>[Called By]<UL><LI><a href="#[c2]">&gt;&gt;</a>&nbsp;&nbsp;&nbsp;OS_Clock_Init
</UL>

<P><STRONG><a name="[b5]"></a>SysCtlPeripheralEnable</STRONG> (Thumb, 36 bytes, Stack size 0 bytes, sysctl.o(i.SysCtlPeripheralEnable))
<BR><BR>[Called By]<UL><LI><a href="#[b4]">&gt;&gt;</a>&nbsp;&nbsp;&nbsp;GPIO_InitPortOutput
[...]
<LI><a href="#[c5]">&gt;&gt;</a>&nbsp;&nbsp;&nbsp;OS_EdgeTrigger_Init
</UL>

<P><STRONG><a name="[89]"></a>Task0_PIRA</STRONG> (Thumb, 104 bytes, Stack size 0 bytes, main.o(i.Task0_PIRA))
<BR><BR>[Stack]<UL><LI>Max Depth = 40 + Unknown Stack Size
<LI>Call Chain = Task0_PIRA &rArr; SendSMS &rArr; UART2_SendUDecimal &rArr;  UART2_SendUDecimal (Cycle)
</UL>
<BR>[Calls]<UL><LI><a href="#[e0]">&gt;&gt;</a>&nbsp;&nbsp;&nbsp;UART0_SendUDecimal
<LI><a href="#[a8]">&gt;&gt;</a>&nbsp;&nbsp;&nbsp;UART0_SendString
<LI><a href="#[a9]">&gt;&gt;</a>&nbsp;&nbsp;&nbsp;UART0_SendNewLine
<LI><a href="#[d9]">&gt;&gt;</a>&nbsp;&nbsp;&nbsp;SendSMS
<LI><a href="#[d8]">&gt;&gt;</a>&nbsp;&nbsp;&nbsp;OS_Wait
<LI><a href="#[d0]">&gt;&gt;</a>&nbsp;&nbsp;&nbsp;OS_Sleep
<LI><a href="#[b1]">&gt;&gt;</a>&nbsp;&nbsp;&nbsp;OS_Signal
<LI><a href="#[cb]">&gt;&gt;</a>&nbsp;&nbsp;&nbsp;OS_EdgeTrigger_Restart
<LI><a href="#[df]">&gt;&gt;</a>&nbsp;&nbsp;&nbsp;GPIOPinRead
</UL>
<BR>[Address Reference Count : 1]<UL><LI> main.o(i.main)
</UL>
<P><STRONG><a name="[88]"></a>Task1_PIRB</STRONG> (Thumb, 104 bytes, Stack size 0 bytes, main.o(i.Task1_PIRB))
<BR><BR>[Stack]<UL><LI>Max Depth = 40 + Unknown Stack Size
<LI>Call Chain = Task1_PIRB &rArr; SendSMS &rArr; UART2_SendUDecimal &rArr;  UART2_SendUDecimal (Cycle)
</UL>
<BR>[Calls]<UL><LI><a href="#[e0]">&gt;&gt;</a>&nbsp;&nbsp;&nbsp;UART0_SendUDecimal
<LI><a href="#[a8]">&gt;&gt;</a>&nbsp;&nbsp;&nbsp;UART0_SendString
<LI><a href="#[a9]">&gt;&gt;</a>&nbsp;&nbsp;&nbsp;UART0_SendNewLine
<LI><a href="#[d9]">&gt;&gt;</a>&nbsp;&nbsp;&nbsp;SendSMS
<LI><a href="#[d8]">&gt;&gt;</a>&nbsp;&nbsp;&nbsp;OS_Wait
<LI><a href="#[d0]">&gt;&gt;</a>&nbsp;&nbsp;&nbsp;OS_Sleep
<LI><a href="#[b1]">&gt;&gt;</a>&nbsp;&nbsp;&nbsp;OS_Signal
<LI><a href="#[cb]">&gt;&gt;</a>&nbsp;&nbsp;&nbsp;OS_EdgeTrigger_Restart
<LI><a href="#[df]">&gt;&gt;</a>&nbsp;&nbsp;&nbsp;GPIOPinRead
</UL>
<BR>[Address Reference Count : 1]<UL><LI> main.o(i.main)
</UL>
<P><STRONG><a name="[87]"></a>Task2_Cyclic10ms</STRONG> (Thumb, 30 bytes, Stack size 0 bytes, main.o(i.Task2_Cyclic10ms))
<BR><BR>[Stack]<UL><LI>Max Depth = 8 + Unknown Stack Size
<LI>Call Chain = Task2_Cyclic10ms &rArr; OS_Wait
</UL>
<BR>[Calls]<UL><LI><a href="#[d8]">&gt;&gt;</a>&nbsp;&nbsp;&nbsp;OS_Wait
<LI><a href="#[e1]">&gt;&gt;</a>&nbsp;&nbsp;&nbsp;CYCL_10ms
</UL>
<BR>[Address Reference Count : 1]<UL><LI> main.o(i.main)
</UL>
<P><STRONG><a name="[86]"></a>Task3_Cyclic50ms</STRONG> (Thumb, 30 bytes, Stack size 0 bytes, main.o(i.Task3_Cyclic50ms))
<BR><BR>[Stack]<UL><LI>Max Depth = 8 + Unknown Stack Size
<LI>Call Chain = Task3_Cyclic50ms &rArr; OS_Wait
</UL>
<BR>[Calls]<UL><LI><a href="#[d8]">&gt;&gt;</a>&nbsp;&nbsp;&nbsp;OS_Wait
<LI><a href="#[e2]">&gt;&gt;</a>&nbsp;&nbsp;&nbsp;CYCL_50ms
</UL>
<BR>[Address Reference Count : 1]<UL><LI> main.o(i.main)
</UL>
<P><STRONG><a name="[85]"></a>Task4_Cyclic100ms</STRONG> (Thumb, 30 bytes, Stack size 0 bytes, main.o(i.Task4_Cyclic100ms))
<BR><BR>[Stack]<UL><LI>Max Depth = 8 + Unknown Stack Size
<LI>Call Chain = Task4_Cyclic100ms &rArr; OS_Wait
</UL>
<BR>[Calls]<UL><LI><a href="#[d8]">&gt;&gt;</a>&nbsp;&nbsp;&nbsp;OS_Wait
<LI><a href="#[e3]">&gt;&gt;</a>&nbsp;&nbsp;&nbsp;CYCL_100ms
</UL>
<BR>[Address Reference Count : 1]<UL><LI> main.o(i.main)
</UL>
<P><STRONG><a name="[84]"></a>Task5_Cyclic500ms</STRONG> (Thumb, 30 bytes, Stack size 0 bytes, main.o(i.Task5_Cyclic500ms))
<BR><BR>[Stack]<UL><LI>Max Depth = 8 + Unknown Stack Size
<LI>Call Chain = Task5_Cyclic500ms &rArr; OS_Wait
</UL>
<BR>[Calls]<UL><LI><a href="#[d8]">&gt;&gt;</a>&nbsp;&nbsp;&nbsp;OS_Wait
<LI><a href="#[e4]">&gt;&gt;</a>&nbsp;&nbsp;&nbsp;CYCL_500ms
</UL>
<BR>[Address Reference Count : 1]<UL><LI> main.o(i.main)
</UL>
<P><STRONG><a name="[83]"></a>Task6_Cyclic1000ms</STRONG> (Thumb, 30 bytes, Stack size 0 bytes, main.o(i.Task6_Cyclic1000ms))
<BR><BR>[Stack]<UL><LI>Max Depth = 24 + Unknown Stack Size
<LI>Call Chain = Task6_Cyclic1000ms &rArr; CYCL_1000ms &rArr; UART0_SendString &rArr; UART0_SendChar
</UL>
<BR>[Calls]<UL><LI><a href="#[d8]">&gt;&gt;</a>&nbsp;&nbsp;&nbsp;OS_Wait
<LI><a href="#[a7]">&gt;&gt;</a>&nbsp;&nbsp;&nbsp;CYCL_1000ms
</UL>
<BR>[Address Reference Count : 1]<UL><LI> main.o(i.main)
</UL>
<P><STRONG><a name="[82]"></a>Task7_BlankTask</STRONG> (Thumb, 28 bytes, Stack size 0 bytes, main.o(i.Task7_BlankTask))
<BR><BR>[Stack]<UL><LI>Max Depth = 4<LI>Call Chain = Task7_BlankTask &rArr; OS_Sleep
</UL>
<BR>[Calls]<UL><LI><a href="#[d0]">&gt;&gt;</a>&nbsp;&nbsp;&nbsp;OS_Sleep
</UL>
<BR>[Address Reference Count : 1]<UL><LI> main.o(i.main)
</UL>
<P><STRONG><a name="[81]"></a>Task8_BlankTask</STRONG> (Thumb, 32 bytes, Stack size 0 bytes, main.o(i.Task8_BlankTask))
<BR><BR>[Stack]<UL><LI>Max Depth = 40<LI>Call Chain = Task8_BlankTask &rArr; SendSMS &rArr; UART2_SendUDecimal &rArr;  UART2_SendUDecimal (Cycle)
</UL>
<BR>[Calls]<UL><LI><a href="#[d9]">&gt;&gt;</a>&nbsp;&nbsp;&nbsp;SendSMS
<LI><a href="#[d0]">&gt;&gt;</a>&nbsp;&nbsp;&nbsp;OS_Sleep
</UL>
<BR>[Address Reference Count : 1]<UL><LI> main.o(i.main)
</UL>
<P><STRONG><a name="[1f]"></a>Timer0A_Handler</STRONG> (Thumb, 2 bytes, Stack size 0 bytes, os_hw.o(i.Timer0A_Handler))
<BR>[Address Reference Count : 1]<UL><LI> startup_tm4c123.o(RESET)
</UL>
<P><STRONG><a name="[21]"></a>Timer1A_Handler</STRONG> (Thumb, 2 bytes, Stack size 0 bytes, os_hw.o(i.Timer1A_Handler))
<BR>[Address Reference Count : 1]<UL><LI> startup_tm4c123.o(RESET)
</UL>
<P><STRONG><a name="[d3]"></a>TimerClockSourceSet</STRONG> (Thumb, 6 bytes, Stack size 0 bytes, timer.o(i.TimerClockSourceSet))
<BR><BR>[Called By]<UL><LI><a href="#[cd]">&gt;&gt;</a>&nbsp;&nbsp;&nbsp;OS_Timer_Init
</UL>

<P><STRONG><a name="[d4]"></a>TimerConfigure</STRONG> (Thumb, 88 bytes, Stack size 4 bytes, timer.o(i.TimerConfigure))
<BR><BR>[Stack]<UL><LI>Max Depth = 4<LI>Call Chain = TimerConfigure
</UL>
<BR>[Called By]<UL><LI><a href="#[cd]">&gt;&gt;</a>&nbsp;&nbsp;&nbsp;OS_Timer_Init
</UL>

<P><STRONG><a name="[d2]"></a>TimerDisable</STRONG> (Thumb, 16 bytes, Stack size 0 bytes, timer.o(i.TimerDisable))
<BR><BR>[Called By]<UL><LI><a href="#[cd]">&gt;&gt;</a>&nbsp;&nbsp;&nbsp;OS_Timer_Init
</UL>

<P><STRONG><a name="[d6]"></a>TimerEnable</STRONG> (Thumb, 14 bytes, Stack size 0 bytes, timer.o(i.TimerEnable))
<BR><BR>[Called By]<UL><LI><a href="#[cd]">&gt;&gt;</a>&nbsp;&nbsp;&nbsp;OS_Timer_Init
</UL>

<P><STRONG><a name="[ee]"></a>TimerIntClear</STRONG> (Thumb, 4 bytes, Stack size 0 bytes, timer.o(i.TimerIntClear))
<BR><BR>[Called By]<UL><LI><a href="#[54]">&gt;&gt;</a>&nbsp;&nbsp;&nbsp;WideTimer1A_Handler
<LI><a href="#[52]">&gt;&gt;</a>&nbsp;&nbsp;&nbsp;WideTimer0A_Handler
</UL>

<P><STRONG><a name="[d1]"></a>TimerIntDisable</STRONG> (Thumb, 10 bytes, Stack size 0 bytes, timer.o(i.TimerIntDisable))
<BR><BR>[Called By]<UL><LI><a href="#[cd]">&gt;&gt;</a>&nbsp;&nbsp;&nbsp;OS_Timer_Init
</UL>

<P><STRONG><a name="[d7]"></a>TimerIntEnable</STRONG> (Thumb, 8 bytes, Stack size 0 bytes, timer.o(i.TimerIntEnable))
<BR><BR>[Called By]<UL><LI><a href="#[cd]">&gt;&gt;</a>&nbsp;&nbsp;&nbsp;OS_Timer_Init
</UL>

<P><STRONG><a name="[d5]"></a>TimerLoadSet</STRONG> (Thumb, 18 bytes, Stack size 0 bytes, timer.o(i.TimerLoadSet))
<BR><BR>[Called By]<UL><LI><a href="#[cd]">&gt;&gt;</a>&nbsp;&nbsp;&nbsp;OS_Timer_Init
</UL>

<P><STRONG><a name="[bc]"></a>UART0_Init</STRONG> (Thumb, 108 bytes, Stack size 16 bytes, uart_handler.o(i.UART0_Init))
<BR><BR>[Stack]<UL><LI>Max Depth = 52<LI>Call Chain = UART0_Init &rArr; GPIOPinTypeUART &rArr; GPIOPadConfigSet
</UL>
<BR>[Calls]<UL><LI><a href="#[e9]">&gt;&gt;</a>&nbsp;&nbsp;&nbsp;UARTFIFOEnable
<LI><a href="#[ea]">&gt;&gt;</a>&nbsp;&nbsp;&nbsp;UARTEnable
<LI><a href="#[e5]">&gt;&gt;</a>&nbsp;&nbsp;&nbsp;UARTDisable
<LI><a href="#[e8]">&gt;&gt;</a>&nbsp;&nbsp;&nbsp;UARTConfigSetExpClk
<LI><a href="#[eb]">&gt;&gt;</a>&nbsp;&nbsp;&nbsp;UARTConfigGetExpClk
<LI><a href="#[e7]">&gt;&gt;</a>&nbsp;&nbsp;&nbsp;UARTClockSourceSet
<LI><a href="#[ae]">&gt;&gt;</a>&nbsp;&nbsp;&nbsp;GPIOPinTypeUART
<LI><a href="#[e6]">&gt;&gt;</a>&nbsp;&nbsp;&nbsp;GPIOPinConfigure
<LI><a href="#[b5]">&gt;&gt;</a>&nbsp;&nbsp;&nbsp;SysCtlPeripheralEnable
<LI><a href="#[c4]">&gt;&gt;</a>&nbsp;&nbsp;&nbsp;SysCtlClockGet
</UL>
<BR>[Called By]<UL><LI><a href="#[bb]">&gt;&gt;</a>&nbsp;&nbsp;&nbsp;InitDrivers
</UL>

<P><STRONG><a name="[de]"></a>UART0_SendChar</STRONG> (Thumb, 14 bytes, Stack size 8 bytes, uart_handler.o(i.UART0_SendChar))
<BR><BR>[Stack]<UL><LI>Max Depth = 8<LI>Call Chain = UART0_SendChar
</UL>
<BR>[Calls]<UL><LI><a href="#[ec]">&gt;&gt;</a>&nbsp;&nbsp;&nbsp;UARTCharPut
</UL>
<BR>[Called By]<UL><LI><a href="#[e0]">&gt;&gt;</a>&nbsp;&nbsp;&nbsp;UART0_SendUDecimal
<LI><a href="#[a8]">&gt;&gt;</a>&nbsp;&nbsp;&nbsp;UART0_SendString
<LI><a href="#[a9]">&gt;&gt;</a>&nbsp;&nbsp;&nbsp;UART0_SendNewLine
<LI><a href="#[d9]">&gt;&gt;</a>&nbsp;&nbsp;&nbsp;SendSMS
</UL>

<P><STRONG><a name="[a9]"></a>UART0_SendNewLine</STRONG> (Thumb, 16 bytes, Stack size 8 bytes, uart_handler.o(i.UART0_SendNewLine))
<BR><BR>[Stack]<UL><LI>Max Depth = 16<LI>Call Chain = UART0_SendNewLine &rArr; UART0_SendChar
</UL>
<BR>[Calls]<UL><LI><a href="#[de]">&gt;&gt;</a>&nbsp;&nbsp;&nbsp;UART0_SendChar
</UL>
<BR>[Called By]<UL><LI><a href="#[d9]">&gt;&gt;</a>&nbsp;&nbsp;&nbsp;SendSMS
<LI><a href="#[bb]">&gt;&gt;</a>&nbsp;&nbsp;&nbsp;InitDrivers
<LI><a href="#[b8]">&gt;&gt;</a>&nbsp;&nbsp;&nbsp;InitApplications
<LI><a href="#[a7]">&gt;&gt;</a>&nbsp;&nbsp;&nbsp;CYCL_1000ms
<LI><a href="#[88]">&gt;&gt;</a>&nbsp;&nbsp;&nbsp;Task1_PIRB
<LI><a href="#[89]">&gt;&gt;</a>&nbsp;&nbsp;&nbsp;Task0_PIRA
</UL>

<P><STRONG><a name="[a8]"></a>UART0_SendString</STRONG> (Thumb, 22 bytes, Stack size 8 bytes, uart_handler.o(i.UART0_SendString))
<BR><BR>[Stack]<UL><LI>Max Depth = 16<LI>Call Chain = UART0_SendString &rArr; UART0_SendChar
</UL>
<BR>[Calls]<UL><LI><a href="#[de]">&gt;&gt;</a>&nbsp;&nbsp;&nbsp;UART0_SendChar
</UL>
<BR>[Called By]<UL><LI><a href="#[d9]">&gt;&gt;</a>&nbsp;&nbsp;&nbsp;SendSMS
<LI><a href="#[bb]">&gt;&gt;</a>&nbsp;&nbsp;&nbsp;InitDrivers
<LI><a href="#[b8]">&gt;&gt;</a>&nbsp;&nbsp;&nbsp;InitApplications
<LI><a href="#[a7]">&gt;&gt;</a>&nbsp;&nbsp;&nbsp;CYCL_1000ms
<LI><a href="#[88]">&gt;&gt;</a>&nbsp;&nbsp;&nbsp;Task1_PIRB
<LI><a href="#[89]">&gt;&gt;</a>&nbsp;&nbsp;&nbsp;Task0_PIRA
</UL>

<P><STRONG><a name="[e0]"></a>UART0_SendUDecimal</STRONG> (Thumb, 42 bytes, Stack size 16 bytes, uart_handler.o(i.UART0_SendUDecimal))
<BR><BR>[Stack]<UL><LI>Max Depth = 24 + In Cycle
<LI>Call Chain = UART0_SendUDecimal &rArr;  UART0_SendUDecimal (Cycle)
</UL>
<BR>[Calls]<UL><LI><a href="#[de]">&gt;&gt;</a>&nbsp;&nbsp;&nbsp;UART0_SendChar
<LI><a href="#[e0]">&gt;&gt;</a>&nbsp;&nbsp;&nbsp;UART0_SendUDecimal
</UL>
<BR>[Called By]<UL><LI><a href="#[e0]">&gt;&gt;</a>&nbsp;&nbsp;&nbsp;UART0_SendUDecimal
<LI><a href="#[88]">&gt;&gt;</a>&nbsp;&nbsp;&nbsp;Task1_PIRB
<LI><a href="#[89]">&gt;&gt;</a>&nbsp;&nbsp;&nbsp;Task0_PIRA
</UL>

<P><STRONG><a name="[bd]"></a>UART2_Init</STRONG> (Thumb, 154 bytes, Stack size 16 bytes, uart_handler.o(i.UART2_Init))
<BR><BR>[Stack]<UL><LI>Max Depth = 52<LI>Call Chain = UART2_Init &rArr; GPIOPinTypeUART &rArr; GPIOPadConfigSet
</UL>
<BR>[Calls]<UL><LI><a href="#[ed]">&gt;&gt;</a>&nbsp;&nbsp;&nbsp;UARTParityModeSet
<LI><a href="#[e9]">&gt;&gt;</a>&nbsp;&nbsp;&nbsp;UARTFIFOEnable
<LI><a href="#[ea]">&gt;&gt;</a>&nbsp;&nbsp;&nbsp;UARTEnable
<LI><a href="#[e5]">&gt;&gt;</a>&nbsp;&nbsp;&nbsp;UARTDisable
<LI><a href="#[e8]">&gt;&gt;</a>&nbsp;&nbsp;&nbsp;UARTConfigSetExpClk
<LI><a href="#[eb]">&gt;&gt;</a>&nbsp;&nbsp;&nbsp;UARTConfigGetExpClk
<LI><a href="#[e7]">&gt;&gt;</a>&nbsp;&nbsp;&nbsp;UARTClockSourceSet
<LI><a href="#[ae]">&gt;&gt;</a>&nbsp;&nbsp;&nbsp;GPIOPinTypeUART
<LI><a href="#[e6]">&gt;&gt;</a>&nbsp;&nbsp;&nbsp;GPIOPinConfigure
<LI><a href="#[b6]">&gt;&gt;</a>&nbsp;&nbsp;&nbsp;SysCtlPeripheralReady
<LI><a href="#[b5]">&gt;&gt;</a>&nbsp;&nbsp;&nbsp;SysCtlPeripheralEnable
<LI><a href="#[c4]">&gt;&gt;</a>&nbsp;&nbsp;&nbsp;SysCtlClockGet
</UL>
<BR>[Called By]<UL><LI><a href="#[bb]">&gt;&gt;</a>&nbsp;&nbsp;&nbsp;InitDrivers
</UL>

<P><STRONG><a name="[db]"></a>UART2_SendChar</STRONG> (Thumb, 14 bytes, Stack size 8 bytes, uart_handler.o(i.UART2_SendChar))
<BR><BR>[Stack]<UL><LI>Max Depth = 8<LI>Call Chain = UART2_SendChar
</UL>
<BR>[Calls]<UL><LI><a href="#[ec]">&gt;&gt;</a>&nbsp;&nbsp;&nbsp;UARTCharPut
</UL>
<BR>[Called By]<UL><LI><a href="#[dc]">&gt;&gt;</a>&nbsp;&nbsp;&nbsp;UART2_SendUDecimal
<LI><a href="#[da]">&gt;&gt;</a>&nbsp;&nbsp;&nbsp;UART2_SendString
<LI><a href="#[dd]">&gt;&gt;</a>&nbsp;&nbsp;&nbsp;UART2_SendNewLine
<LI><a href="#[d9]">&gt;&gt;</a>&nbsp;&nbsp;&nbsp;SendSMS
</UL>

<P><STRONG><a name="[dd]"></a>UART2_SendNewLine</STRONG> (Thumb, 16 bytes, Stack size 8 bytes, uart_handler.o(i.UART2_SendNewLine))
<BR><BR>[Stack]<UL><LI>Max Depth = 16<LI>Call Chain = UART2_SendNewLine &rArr; UART2_SendChar
</UL>
<BR>[Calls]<UL><LI><a href="#[db]">&gt;&gt;</a>&nbsp;&nbsp;&nbsp;UART2_SendChar
</UL>
<BR>[Called By]<UL><LI><a href="#[d9]">&gt;&gt;</a>&nbsp;&nbsp;&nbsp;SendSMS
</UL>

<P><STRONG><a name="[da]"></a>UART2_SendString</STRONG> (Thumb, 22 bytes, Stack size 8 bytes, uart_handler.o(i.UART2_SendString))
<BR><BR>[Stack]<UL><LI>Max Depth = 16<LI>Call Chain = UART2_SendString &rArr; UART2_SendChar
</UL>
<BR>[Calls]<UL><LI><a href="#[db]">&gt;&gt;</a>&nbsp;&nbsp;&nbsp;UART2_SendChar
</UL>
<BR>[Called By]<UL><LI><a href="#[d9]">&gt;&gt;</a>&nbsp;&nbsp;&nbsp;SendSMS
</UL>

<P><STRONG><a name="[dc]"></a>UART2_SendUDecimal</STRONG> (Thumb, 42 bytes, Stack size 16 bytes, uart_handler.o(i.UART2_SendUDecimal))
<BR><BR>[Stack]<UL><LI>Max Depth = 24 + In Cycle
<LI>Call Chain = UART2_SendUDecimal &rArr;  UART2_SendUDecimal (Cycle)
</UL>
<BR>[Calls]<UL><LI><a href="#[dc]">&gt;&gt;</a>&nbsp;&nbsp;&nbsp;UART2_SendUDecimal
<LI><a href="#[db]">&gt;&gt;</a>&nbsp;&nbsp;&nbsp;UART2_SendChar
</UL>
<BR>[Called By]<UL><LI><a href="#[dc]">&gt;&gt;</a>&nbsp;&nbsp;&nbsp;UART2_SendUDecimal
<LI><a href="#[d9]">&gt;&gt;</a>&nbsp;&nbsp;&nbsp;SendSMS
</UL>

<P><STRONG><a name="[ec]"></a>UARTCharPut</STRONG> (Thumb, 12 bytes, Stack size 0 bytes, uart.o(i.UARTCharPut))
<BR><BR>[Calls]<UL><LI><a href="#[ec]">&gt;&gt;</a>&nbsp;&nbsp;&nbsp;UARTCharPut
</UL>
<BR>[Called By]<UL><LI><a href="#[ec]">&gt;&gt;</a>&nbsp;&nbsp;&nbsp;UARTCharPut
<LI><a href="#[db]">&gt;&gt;</a>&nbsp;&nbsp;&nbsp;UART2_SendChar
<LI><a href="#[de]">&gt;&gt;</a>&nbsp;&nbsp;&nbsp;UART0_SendChar
</UL>

<P><STRONG><a name="[e7]"></a>UARTClockSourceSet</STRONG> (Thumb, 6 bytes, Stack size 0 bytes, uart.o(i.UARTClockSourceSet))
<BR><BR>[Called By]<UL><LI><a href="#[bd]">&gt;&gt;</a>&nbsp;&nbsp;&nbsp;UART2_Init
<LI><a href="#[bc]">&gt;&gt;</a>&nbsp;&nbsp;&nbsp;UART0_Init
</UL>

<P><STRONG><a name="[eb]"></a>UARTConfigGetExpClk</STRONG> (Thumb, 46 bytes, Stack size 4 bytes, uart.o(i.UARTConfigGetExpClk))
<BR><BR>[Stack]<UL><LI>Max Depth = 4<LI>Call Chain = UARTConfigGetExpClk
</UL>
<BR>[Called By]<UL><LI><a href="#[bd]">&gt;&gt;</a>&nbsp;&nbsp;&nbsp;UART2_Init
<LI><a href="#[bc]">&gt;&gt;</a>&nbsp;&nbsp;&nbsp;UART0_Init
</UL>

<P><STRONG><a name="[e8]"></a>UARTConfigSetExpClk</STRONG> (Thumb, 110 bytes, Stack size 0 bytes, uart.o(i.UARTConfigSetExpClk))
<BR><BR>[Calls]<UL><LI><a href="#[e8]">&gt;&gt;</a>&nbsp;&nbsp;&nbsp;UARTConfigSetExpClk
</UL>
<BR>[Called By]<UL><LI><a href="#[e8]">&gt;&gt;</a>&nbsp;&nbsp;&nbsp;UARTConfigSetExpClk
<LI><a href="#[bd]">&gt;&gt;</a>&nbsp;&nbsp;&nbsp;UART2_Init
<LI><a href="#[bc]">&gt;&gt;</a>&nbsp;&nbsp;&nbsp;UART0_Init
</UL>

<P><STRONG><a name="[e5]"></a>UARTDisable</STRONG> (Thumb, 30 bytes, Stack size 0 bytes, uart.o(i.UARTDisable))
<BR><BR>[Calls]<UL><LI><a href="#[e5]">&gt;&gt;</a>&nbsp;&nbsp;&nbsp;UARTDisable
</UL>
<BR>[Called By]<UL><LI><a href="#[e5]">&gt;&gt;</a>&nbsp;&nbsp;&nbsp;UARTDisable
<LI><a href="#[bd]">&gt;&gt;</a>&nbsp;&nbsp;&nbsp;UART2_Init
<LI><a href="#[bc]">&gt;&gt;</a>&nbsp;&nbsp;&nbsp;UART0_Init
</UL>

<P><STRONG><a name="[ea]"></a>UARTEnable</STRONG> (Thumb, 20 bytes, Stack size 0 bytes, uart.o(i.UARTEnable))
<BR><BR>[Called By]<UL><LI><a href="#[bd]">&gt;&gt;</a>&nbsp;&nbsp;&nbsp;UART2_Init
<LI><a href="#[bc]">&gt;&gt;</a>&nbsp;&nbsp;&nbsp;UART0_Init
</UL>

<P><STRONG><a name="[e9]"></a>UARTFIFOEnable</STRONG> (Thumb, 10 bytes, Stack size 0 bytes, uart.o(i.UARTFIFOEnable))
<BR><BR>[Called By]<UL><LI><a href="#[bd]">&gt;&gt;</a>&nbsp;&nbsp;&nbsp;UART2_Init
<LI><a href="#[bc]">&gt;&gt;</a>&nbsp;&nbsp;&nbsp;UART0_Init
</UL>

<P><STRONG><a name="[ed]"></a>UARTParityModeSet</STRONG> (Thumb, 12 bytes, Stack size 0 bytes, uart.o(i.UARTParityModeSet))
<BR><BR>[Called By]<UL><LI><a href="#[bd]">&gt;&gt;</a>&nbsp;&nbsp;&nbsp;UART2_Init
</UL>

<P><STRONG><a name="[52]"></a>WideTimer0A_Handler</STRONG> (Thumb, 18 bytes, Stack size 8 bytes, os_hw.o(i.WideTimer0A_Handler))
<BR><BR>[Stack]<UL><LI>Max Depth = 8<LI>Call Chain = WideTimer0A_Handler
</UL>
<BR>[Calls]<UL><LI><a href="#[ee]">&gt;&gt;</a>&nbsp;&nbsp;&nbsp;TimerIntClear
</UL>
<BR>[Address Reference Count : 1]<UL><LI> startup_tm4c123.o(RESET)
</UL>
<P><STRONG><a name="[54]"></a>WideTimer1A_Handler</STRONG> (Thumb, 18 bytes, Stack size 8 bytes, os_hw.o(i.WideTimer1A_Handler))
<BR><BR>[Stack]<UL><LI>Max Depth = 8<LI>Call Chain = WideTimer1A_Handler
</UL>
<BR>[Calls]<UL><LI><a href="#[ee]">&gt;&gt;</a>&nbsp;&nbsp;&nbsp;TimerIntClear
</UL>
<BR>[Address Reference Count : 1]<UL><LI> startup_tm4c123.o(RESET)
</UL>
<P><STRONG><a name="[9d]"></a>main</STRONG> (Thumb, 224 bytes, Stack size 72 bytes, main.o(i.main))
<BR><BR>[Stack]<UL><LI>Max Depth = 132 + Unknown Stack Size
<LI>Call Chain = main &rArr; OS_EdgeTrigger_Init &rArr; GPIOPinTypeGPIOInput &rArr; GPIOPadConfigSet
</UL>
<BR>[Calls]<UL><LI><a href="#[c4]">&gt;&gt;</a>&nbsp;&nbsp;&nbsp;SysCtlClockGet
<LI><a href="#[ef]">&gt;&gt;</a>&nbsp;&nbsp;&nbsp;Profile_Init
<LI><a href="#[ce]">&gt;&gt;</a>&nbsp;&nbsp;&nbsp;OS_Launch
<LI><a href="#[bf]">&gt;&gt;</a>&nbsp;&nbsp;&nbsp;OS_InitSemaphore
<LI><a href="#[cc]">&gt;&gt;</a>&nbsp;&nbsp;&nbsp;OS_Init
<LI><a href="#[c5]">&gt;&gt;</a>&nbsp;&nbsp;&nbsp;OS_EdgeTrigger_Init
<LI><a href="#[c0]">&gt;&gt;</a>&nbsp;&nbsp;&nbsp;OS_AddThreads
<LI><a href="#[be]">&gt;&gt;</a>&nbsp;&nbsp;&nbsp;OS_AddPeriodicEventThread
<LI><a href="#[bb]">&gt;&gt;</a>&nbsp;&nbsp;&nbsp;InitDrivers
<LI><a href="#[b8]">&gt;&gt;</a>&nbsp;&nbsp;&nbsp;InitApplications
</UL>
<BR>[Called By]<UL><LI><a href="#[9c]">&gt;&gt;</a>&nbsp;&nbsp;&nbsp;__rt_entry_main
</UL>

<P><STRONG><a name="[97]"></a>_fp_init</STRONG> (Thumb, 10 bytes, Stack size 0 bytes, fpinit.o(x$fpl$fpinit))
<BR><BR>[Called By]<UL><LI><a href="#[96]">&gt;&gt;</a>&nbsp;&nbsp;&nbsp;__rt_lib_init_fp_1
</UL>

<P><STRONG><a name="[11a]"></a>__fplib_config_fpu_vfp</STRONG> (Thumb, 0 bytes, Stack size unknown bytes, fpinit.o(x$fpl$fpinit), UNUSED)

<P><STRONG><a name="[11b]"></a>__fplib_config_pureend_doubles</STRONG> (Thumb, 0 bytes, Stack size unknown bytes, fpinit.o(x$fpl$fpinit), UNUSED)
<P>
<H3>
Local Symbols
</H3>
<P><STRONG><a name="[7f]"></a>runperiodicevents</STRONG> (Thumb, 110 bytes, Stack size 16 bytes, os_core.o(i.runperiodicevents))
<BR><BR>[Stack]<UL><LI>Max Depth = 32 + Unknown Stack Size
<LI>Call Chain = runperiodicevents &rArr; OS_Signal
</UL>
<BR>[Calls]<UL><LI><a href="#[b3]">&gt;&gt;</a>&nbsp;&nbsp;&nbsp;OS_Suspend
<LI><a href="#[b1]">&gt;&gt;</a>&nbsp;&nbsp;&nbsp;OS_Signal
</UL>
<BR>[Address Reference Count : 1]<UL><LI> os_core.o(i.OS_Init)
</UL>
<P><STRONG><a name="[7e]"></a>runsleep</STRONG> (Thumb, 52 bytes, Stack size 0 bytes, os_core.o(i.runsleep))
<BR>[Address Reference Count : 1]<UL><LI> os_core.o(i.OS_Init)
</UL><P>
<H3>
Undefined Global Symbols
</H3><HR></body></html>
